[09:34:33] ENQUEUE t-20260612-093433-1ce224 role=researcher level=L timeout=86400s hb=3600s
[09:34:55] HEARTBEAT t-20260612-093433-1ce224 status=running progress=None/None msg=开始：联网搜 MT4/MT5 EA + 免费 EA
[09:36:19] HEARTBEAT t-20260612-093433-1ce224 status=running progress=None/None msg=[1/6] GitHub 找到 10 个 EA 项目 (stars 36-447), MQL5.com 不通, 改走 GitHub API
[09:36:59] HEARTBEAT t-20260612-093433-1ce224 status=running progress=None/None msg=[2/6] 下载 2 个 GitHub EA: jimtin 教学 (52文件 指标库) + sajid 网格实战 (35文件 GridMaster Pro 主体)
[09:38:39] HEARTBEAT t-20260612-093433-1ce224 status=running progress=None/None msg=[3/6] 解析完 2 个 EA: RSI教学(182行 4模块) vs GridMaster Pro实战(332行 16参数 网格策略 ATR-adaptive + 回撤熔断 + 追踪止损). 设计原理总结 + 12必读对照表(GridMaster只用了4/12)
[09:39:56] HEARTBEAT t-20260612-093433-1ce224 status=running progress=None/None msg=[3/6 ✓] 写完 REPORT.md (6KB): 资源搜+2EA解析+设计原理+vault 12必读对照+下步设计稿
[10:05:29] HEARTBEAT t-20260612-093433-1ce224 status=running progress=None/None msg=[3/6 ✓] 写完 REPORT.md. heartbeat 改 5min, 继续设计 EA 稿
[10:10:39] NUDGE_WRITE t-20260612-093433-1ce224 kind=nudge gap=310s
[10:11:39] NUDGE_WRITE t-20260612-093433-1ce224 kind=nudge gap=370s
[10:12:39] NUDGE_WRITE t-20260612-093433-1ce224 kind=nudge gap=430s
[10:13:39] NUDGE_WRITE t-20260612-093433-1ce224 kind=nudge gap=490s
[10:14:39] NUDGE_WRITE t-20260612-093433-1ce224 kind=nudge gap=550s
[10:15:39] NUDGE_WRITE t-20260612-093433-1ce224 kind=ping gap=610s
[10:16:39] NUDGE_WRITE t-20260612-093433-1ce224 kind=ping gap=670s
[10:17:39] NUDGE_WRITE t-20260612-093433-1ce224 kind=ping gap=730s
[10:18:39] NUDGE_WRITE t-20260612-093433-1ce224 kind=ping gap=790s
[10:19:39] NUDGE_WRITE t-20260612-093433-1ce224 kind=ping gap=850s
[10:20:39] NUDGE_WRITE t-20260612-093433-1ce224 kind=escalate gap=910s
[10:21:39] NUDGE_WRITE t-20260612-093433-1ce224 kind=escalate gap=970s
[10:22:39] NUDGE_WRITE t-20260612-093433-1ce224 kind=escalate gap=1030s
[10:23:39] NUDGE_WRITE t-20260612-093433-1ce224 kind=escalate gap=1090s
[10:24:39] NUDGE_WRITE t-20260612-093433-1ce224 kind=escalate gap=1150s
[10:25:39] NUDGE_WRITE t-20260612-093433-1ce224 kind=escalate gap=1210s
[10:26:39] NUDGE_WRITE t-20260612-093433-1ce224 kind=escalate gap=1270s
[10:27:39] NUDGE_WRITE t-20260612-093433-1ce224 kind=escalate gap=1330s
[10:28:39] NUDGE_WRITE t-20260612-093433-1ce224 kind=escalate gap=1390s
[10:29:39] NUDGE_WRITE t-20260612-093433-1ce224 kind=escalate gap=1450s
[10:30:39] NUDGE_WRITE t-20260612-093433-1ce224 kind=escalate gap=1510s
[10:31:39] NUDGE_WRITE t-20260612-093433-1ce224 kind=escalate gap=1570s
[10:32:40] NUDGE_WRITE t-20260612-093433-1ce224 kind=escalate gap=1631s
[10:33:40] NUDGE_WRITE t-20260612-093433-1ce224 kind=escalate gap=1691s
[10:34:40] NUDGE_WRITE t-20260612-093433-1ce224 kind=escalate gap=1751s
[10:35:40] NUDGE_WRITE t-20260612-093433-1ce224 kind=escalate gap=1811s
[10:36:40] NUDGE_WRITE t-20260612-093433-1ce224 kind=escalate gap=1871s
[10:37:40] NUDGE_WRITE t-20260612-093433-1ce224 kind=escalate gap=1931s
[10:38:40] NUDGE_WRITE t-20260612-093433-1ce224 kind=escalate gap=1991s
[10:39:40] NUDGE_WRITE t-20260612-093433-1ce224 kind=escalate gap=2051s
[10:40:40] NUDGE_WRITE t-20260612-093433-1ce224 kind=escalate gap=2111s
[10:41:40] NUDGE_WRITE t-20260612-093433-1ce224 kind=escalate gap=2171s
[10:42:40] NUDGE_WRITE t-20260612-093433-1ce224 kind=escalate gap=2231s
[10:43:40] NUDGE_WRITE t-20260612-093433-1ce224 kind=escalate gap=2291s
[10:44:40] NUDGE_WRITE t-20260612-093433-1ce224 kind=escalate gap=2351s
[10:45:40] NUDGE_WRITE t-20260612-093433-1ce224 kind=escalate gap=2411s
[10:46:40] NUDGE_WRITE t-20260612-093433-1ce224 kind=escalate gap=2471s
[10:47:40] NUDGE_WRITE t-20260612-093433-1ce224 kind=escalate gap=2531s
[10:48:40] NUDGE_WRITE t-20260612-093433-1ce224 kind=escalate gap=2591s
[10:49:40] NUDGE_WRITE t-20260612-093433-1ce224 kind=escalate gap=2651s
[10:50:40] NUDGE_WRITE t-20260612-093433-1ce224 kind=escalate gap=2711s
[10:51:40] NUDGE_WRITE t-20260612-093433-1ce224 kind=escalate gap=2771s
[10:52:40] NUDGE_WRITE t-20260612-093433-1ce224 kind=escalate gap=2831s
[10:53:40] NUDGE_WRITE t-20260612-093433-1ce224 kind=escalate gap=2891s
[10:54:40] NUDGE_WRITE t-20260612-093433-1ce224 kind=escalate gap=2951s
[10:55:40] NUDGE_WRITE t-20260612-093433-1ce224 kind=escalate gap=3011s
[10:56:40] NUDGE_WRITE t-20260612-093433-1ce224 kind=escalate gap=3071s
[10:57:40] NUDGE_WRITE t-20260612-093433-1ce224 kind=escalate gap=3131s
[10:58:40] NUDGE_WRITE t-20260612-093433-1ce224 kind=escalate gap=3191s
[10:59:40] NUDGE_WRITE t-20260612-093433-1ce224 kind=escalate gap=3251s
[11:00:40] NUDGE_WRITE t-20260612-093433-1ce224 kind=escalate gap=3311s
[11:01:40] NUDGE_WRITE t-20260612-093433-1ce224 kind=escalate gap=3371s
[11:02:40] NUDGE_WRITE t-20260612-093433-1ce224 kind=escalate gap=3431s
[11:03:40] NUDGE_WRITE t-20260612-093433-1ce224 kind=escalate gap=3491s
[11:04:40] NUDGE_WRITE t-20260612-093433-1ce224 kind=escalate gap=3551s
[11:05:40] NUDGE_WRITE t-20260612-093433-1ce224 kind=escalate gap=3611s
[11:06:40] NUDGE_WRITE t-20260612-093433-1ce224 kind=escalate gap=3671s
[11:07:40] NUDGE_WRITE t-20260612-093433-1ce224 kind=escalate gap=3731s
[11:08:40] NUDGE_WRITE t-20260612-093433-1ce224 kind=escalate gap=3791s
[11:09:40] NUDGE_WRITE t-20260612-093433-1ce224 kind=escalate gap=3851s
[11:10:40] NUDGE_WRITE t-20260612-093433-1ce224 kind=escalate gap=3911s
[11:11:40] NUDGE_WRITE t-20260612-093433-1ce224 kind=escalate gap=3971s
[11:12:40] NUDGE_WRITE t-20260612-093433-1ce224 kind=escalate gap=4031s
[11:13:40] NUDGE_WRITE t-20260612-093433-1ce224 kind=escalate gap=4091s
[11:14:40] NUDGE_WRITE t-20260612-093433-1ce224 kind=escalate gap=4151s
[11:15:40] NUDGE_WRITE t-20260612-093433-1ce224 kind=escalate gap=4211s
[11:16:40] NUDGE_WRITE t-20260612-093433-1ce224 kind=escalate gap=4271s
[11:17:40] NUDGE_WRITE t-20260612-093433-1ce224 kind=escalate gap=4331s
[11:18:40] NUDGE_WRITE t-20260612-093433-1ce224 kind=escalate gap=4391s
[11:19:40] NUDGE_WRITE t-20260612-093433-1ce224 kind=escalate gap=4451s
[11:20:40] NUDGE_WRITE t-20260612-093433-1ce224 kind=escalate gap=4511s
[11:21:40] NUDGE_WRITE t-20260612-093433-1ce224 kind=escalate gap=4571s
[11:22:40] NUDGE_WRITE t-20260612-093433-1ce224 kind=escalate gap=4631s
[11:23:40] NUDGE_WRITE t-20260612-093433-1ce224 kind=escalate gap=4691s
[11:24:40] NUDGE_WRITE t-20260612-093433-1ce224 kind=escalate gap=4751s
[11:25:40] NUDGE_WRITE t-20260612-093433-1ce224 kind=escalate gap=4811s
[11:26:40] NUDGE_WRITE t-20260612-093433-1ce224 kind=escalate gap=4871s
[11:27:40] NUDGE_WRITE t-20260612-093433-1ce224 kind=escalate gap=4931s
[11:28:40] NUDGE_WRITE t-20260612-093433-1ce224 kind=escalate gap=4991s
[11:29:40] NUDGE_WRITE t-20260612-093433-1ce224 kind=escalate gap=5051s
[11:30:41] NUDGE_WRITE t-20260612-093433-1ce224 kind=escalate gap=5112s
[11:31:41] NUDGE_WRITE t-20260612-093433-1ce224 kind=escalate gap=5172s
[11:32:41] NUDGE_WRITE t-20260612-093433-1ce224 kind=escalate gap=5232s
[11:33:41] NUDGE_WRITE t-20260612-093433-1ce224 kind=escalate gap=5292s
[11:34:41] NUDGE_WRITE t-20260612-093433-1ce224 kind=escalate gap=5352s
[11:35:41] NUDGE_WRITE t-20260612-093433-1ce224 kind=escalate gap=5412s
[11:36:41] NUDGE_WRITE t-20260612-093433-1ce224 kind=escalate gap=5472s
[11:37:41] NUDGE_WRITE t-20260612-093433-1ce224 kind=escalate gap=5532s
[11:38:41] NUDGE_WRITE t-20260612-093433-1ce224 kind=escalate gap=5592s
[11:39:41] NUDGE_WRITE t-20260612-093433-1ce224 kind=escalate gap=5652s
[11:40:41] NUDGE_WRITE t-20260612-093433-1ce224 kind=escalate gap=5712s
[11:41:41] NUDGE_WRITE t-20260612-093433-1ce224 kind=escalate gap=5772s
[11:42:41] NUDGE_WRITE t-20260612-093433-1ce224 kind=escalate gap=5832s
[11:43:41] NUDGE_WRITE t-20260612-093433-1ce224 kind=escalate gap=5892s
[11:44:41] NUDGE_WRITE t-20260612-093433-1ce224 kind=escalate gap=5952s
[11:45:41] NUDGE_WRITE t-20260612-093433-1ce224 kind=escalate gap=6012s
[11:46:41] NUDGE_WRITE t-20260612-093433-1ce224 kind=escalate gap=6072s
[11:47:41] NUDGE_WRITE t-20260612-093433-1ce224 kind=escalate gap=6132s
[11:48:41] NUDGE_WRITE t-20260612-093433-1ce224 kind=escalate gap=6192s
[11:49:41] NUDGE_WRITE t-20260612-093433-1ce224 kind=escalate gap=6252s
[11:50:41] NUDGE_WRITE t-20260612-093433-1ce224 kind=escalate gap=6312s
[11:51:41] NUDGE_WRITE t-20260612-093433-1ce224 kind=escalate gap=6372s
[11:52:41] NUDGE_WRITE t-20260612-093433-1ce224 kind=escalate gap=6432s
[11:53:41] NUDGE_WRITE t-20260612-093433-1ce224 kind=escalate gap=6492s
[11:54:41] NUDGE_WRITE t-20260612-093433-1ce224 kind=escalate gap=6552s
[11:55:41] NUDGE_WRITE t-20260612-093433-1ce224 kind=escalate gap=6612s
[11:56:41] NUDGE_WRITE t-20260612-093433-1ce224 kind=escalate gap=6672s
[11:57:41] NUDGE_WRITE t-20260612-093433-1ce224 kind=escalate gap=6732s
[11:58:41] NUDGE_WRITE t-20260612-093433-1ce224 kind=escalate gap=6792s
[11:59:41] NUDGE_WRITE t-20260612-093433-1ce224 kind=escalate gap=6852s
[12:00:41] NUDGE_WRITE t-20260612-093433-1ce224 kind=escalate gap=6912s
[12:01:41] NUDGE_WRITE t-20260612-093433-1ce224 kind=escalate gap=6972s
[12:02:41] NUDGE_WRITE t-20260612-093433-1ce224 kind=escalate gap=7032s
[12:03:41] NUDGE_WRITE t-20260612-093433-1ce224 kind=escalate gap=7092s
[12:04:41] NUDGE_WRITE t-20260612-093433-1ce224 kind=escalate gap=7152s
[12:05:41] NUDGE_WRITE t-20260612-093433-1ce224 kind=escalate gap=7212s
[12:06:41] NUDGE_WRITE t-20260612-093433-1ce224 kind=escalate gap=7272s
[12:07:41] NUDGE_WRITE t-20260612-093433-1ce224 kind=escalate gap=7332s
[12:08:41] NUDGE_WRITE t-20260612-093433-1ce224 kind=escalate gap=7392s
[12:09:41] NUDGE_WRITE t-20260612-093433-1ce224 kind=escalate gap=7452s
[12:10:41] NUDGE_WRITE t-20260612-093433-1ce224 kind=escalate gap=7512s
[12:11:41] NUDGE_WRITE t-20260612-093433-1ce224 kind=escalate gap=7572s
[12:12:41] NUDGE_WRITE t-20260612-093433-1ce224 kind=escalate gap=7632s
[12:13:41] NUDGE_WRITE t-20260612-093433-1ce224 kind=escalate gap=7692s
[12:14:42] NUDGE_WRITE t-20260612-093433-1ce224 kind=escalate gap=7753s
[12:15:42] NUDGE_WRITE t-20260612-093433-1ce224 kind=escalate gap=7813s
[12:16:42] NUDGE_WRITE t-20260612-093433-1ce224 kind=escalate gap=7873s
[12:17:42] NUDGE_WRITE t-20260612-093433-1ce224 kind=escalate gap=7933s
[12:18:42] NUDGE_WRITE t-20260612-093433-1ce224 kind=escalate gap=7993s
[12:19:42] NUDGE_WRITE t-20260612-093433-1ce224 kind=escalate gap=8053s
[12:20:42] NUDGE_WRITE t-20260612-093433-1ce224 kind=escalate gap=8113s
[12:21:42] NUDGE_WRITE t-20260612-093433-1ce224 kind=escalate gap=8173s
[12:22:42] NUDGE_WRITE t-20260612-093433-1ce224 kind=escalate gap=8233s
[12:23:42] NUDGE_WRITE t-20260612-093433-1ce224 kind=escalate gap=8293s
[12:24:42] NUDGE_WRITE t-20260612-093433-1ce224 kind=escalate gap=8353s
[12:25:42] NUDGE_WRITE t-20260612-093433-1ce224 kind=escalate gap=8413s
[12:26:42] NUDGE_WRITE t-20260612-093433-1ce224 kind=escalate gap=8473s
[12:27:42] NUDGE_WRITE t-20260612-093433-1ce224 kind=escalate gap=8533s
[12:28:42] NUDGE_WRITE t-20260612-093433-1ce224 kind=escalate gap=8593s
[12:29:42] NUDGE_WRITE t-20260612-093433-1ce224 kind=escalate gap=8653s
[12:30:42] NUDGE_WRITE t-20260612-093433-1ce224 kind=escalate gap=8713s
[12:31:42] NUDGE_WRITE t-20260612-093433-1ce224 kind=escalate gap=8773s
[12:32:42] NUDGE_WRITE t-20260612-093433-1ce224 kind=escalate gap=8833s
[12:33:42] NUDGE_WRITE t-20260612-093433-1ce224 kind=escalate gap=8893s
[12:34:42] NUDGE_WRITE t-20260612-093433-1ce224 kind=escalate gap=8953s
[12:35:42] NUDGE_WRITE t-20260612-093433-1ce224 kind=escalate gap=9013s
[12:36:42] NUDGE_WRITE t-20260612-093433-1ce224 kind=escalate gap=9073s
[12:37:42] NUDGE_WRITE t-20260612-093433-1ce224 kind=escalate gap=9133s
[12:38:42] NUDGE_WRITE t-20260612-093433-1ce224 kind=escalate gap=9193s
[12:39:42] NUDGE_WRITE t-20260612-093433-1ce224 kind=escalate gap=9253s
[12:40:42] NUDGE_WRITE t-20260612-093433-1ce224 kind=escalate gap=9313s
[12:41:42] NUDGE_WRITE t-20260612-093433-1ce224 kind=escalate gap=9373s
[12:42:42] NUDGE_WRITE t-20260612-093433-1ce224 kind=escalate gap=9433s
[12:43:42] NUDGE_WRITE t-20260612-093433-1ce224 kind=escalate gap=9493s
[12:44:42] NUDGE_WRITE t-20260612-093433-1ce224 kind=escalate gap=9553s
[12:45:42] NUDGE_WRITE t-20260612-093433-1ce224 kind=escalate gap=9613s
[12:46:42] NUDGE_WRITE t-20260612-093433-1ce224 kind=escalate gap=9673s
[12:47:42] NUDGE_WRITE t-20260612-093433-1ce224 kind=escalate gap=9733s
[12:48:42] NUDGE_WRITE t-20260612-093433-1ce224 kind=escalate gap=9793s
[12:49:42] NUDGE_WRITE t-20260612-093433-1ce224 kind=escalate gap=9853s
[12:50:42] NUDGE_WRITE t-20260612-093433-1ce224 kind=escalate gap=9913s
[12:51:42] NUDGE_WRITE t-20260612-093433-1ce224 kind=escalate gap=9973s
[12:52:42] NUDGE_WRITE t-20260612-093433-1ce224 kind=escalate gap=10033s
[12:53:43] NUDGE_WRITE t-20260612-093433-1ce224 kind=escalate gap=10094s
[12:54:43] NUDGE_WRITE t-20260612-093433-1ce224 kind=escalate gap=10154s
[12:55:43] NUDGE_WRITE t-20260612-093433-1ce224 kind=escalate gap=10214s
[12:56:43] NUDGE_WRITE t-20260612-093433-1ce224 kind=escalate gap=10274s
[12:57:43] NUDGE_WRITE t-20260612-093433-1ce224 kind=escalate gap=10334s
[12:58:43] NUDGE_WRITE t-20260612-093433-1ce224 kind=escalate gap=10394s
[12:59:43] NUDGE_WRITE t-20260612-093433-1ce224 kind=escalate gap=10454s
[13:00:43] NUDGE_WRITE t-20260612-093433-1ce224 kind=escalate gap=10514s
[13:01:43] NUDGE_WRITE t-20260612-093433-1ce224 kind=escalate gap=10574s
[13:02:43] NUDGE_WRITE t-20260612-093433-1ce224 kind=escalate gap=10634s
[13:03:43] NUDGE_WRITE t-20260612-093433-1ce224 kind=escalate gap=10694s
[13:04:43] NUDGE_WRITE t-20260612-093433-1ce224 kind=escalate gap=10754s
[13:05:43] NUDGE_WRITE t-20260612-093433-1ce224 kind=escalate gap=10814s
[13:06:43] NUDGE_WRITE t-20260612-093433-1ce224 kind=escalate gap=10874s
[13:07:43] NUDGE_WRITE t-20260612-093433-1ce224 kind=escalate gap=10934s
[13:08:43] NUDGE_WRITE t-20260612-093433-1ce224 kind=escalate gap=10994s
[13:09:43] NUDGE_WRITE t-20260612-093433-1ce224 kind=escalate gap=11054s
[13:10:43] NUDGE_WRITE t-20260612-093433-1ce224 kind=escalate gap=11114s
[13:11:43] NUDGE_WRITE t-20260612-093433-1ce224 kind=escalate gap=11174s
[13:12:43] NUDGE_WRITE t-20260612-093433-1ce224 kind=escalate gap=11234s
[13:13:43] NUDGE_WRITE t-20260612-093433-1ce224 kind=escalate gap=11294s
[13:14:43] NUDGE_WRITE t-20260612-093433-1ce224 kind=escalate gap=11354s
[13:15:43] NUDGE_WRITE t-20260612-093433-1ce224 kind=escalate gap=11414s
[13:16:43] NUDGE_WRITE t-20260612-093433-1ce224 kind=escalate gap=11474s
[13:17:43] NUDGE_WRITE t-20260612-093433-1ce224 kind=escalate gap=11534s
[13:18:43] NUDGE_WRITE t-20260612-093433-1ce224 kind=escalate gap=11594s
[13:19:43] NUDGE_WRITE t-20260612-093433-1ce224 kind=escalate gap=11654s
[13:20:43] NUDGE_WRITE t-20260612-093433-1ce224 kind=escalate gap=11714s
[13:21:43] NUDGE_WRITE t-20260612-093433-1ce224 kind=escalate gap=11774s
[13:22:43] NUDGE_WRITE t-20260612-093433-1ce224 kind=escalate gap=11834s
[13:23:43] NUDGE_WRITE t-20260612-093433-1ce224 kind=escalate gap=11894s
[13:24:43] NUDGE_WRITE t-20260612-093433-1ce224 kind=escalate gap=11954s
[13:25:43] NUDGE_WRITE t-20260612-093433-1ce224 kind=escalate gap=12014s
[13:26:43] NUDGE_WRITE t-20260612-093433-1ce224 kind=escalate gap=12074s
[13:27:43] NUDGE_WRITE t-20260612-093433-1ce224 kind=escalate gap=12134s
[13:28:43] NUDGE_WRITE t-20260612-093433-1ce224 kind=escalate gap=12194s
[13:29:43] NUDGE_WRITE t-20260612-093433-1ce224 kind=escalate gap=12254s
[13:30:43] NUDGE_WRITE t-20260612-093433-1ce224 kind=escalate gap=12314s
[13:31:44] NUDGE_WRITE t-20260612-093433-1ce224 kind=escalate gap=12375s
[13:32:44] NUDGE_WRITE t-20260612-093433-1ce224 kind=escalate gap=12435s
[13:33:44] NUDGE_WRITE t-20260612-093433-1ce224 kind=escalate gap=12495s
[13:34:44] NUDGE_WRITE t-20260612-093433-1ce224 kind=escalate gap=12555s
[13:35:44] NUDGE_WRITE t-20260612-093433-1ce224 kind=escalate gap=12615s
[13:36:44] NUDGE_WRITE t-20260612-093433-1ce224 kind=escalate gap=12675s
[13:37:44] NUDGE_WRITE t-20260612-093433-1ce224 kind=escalate gap=12735s
[13:38:44] NUDGE_WRITE t-20260612-093433-1ce224 kind=escalate gap=12795s
[13:39:44] NUDGE_WRITE t-20260612-093433-1ce224 kind=escalate gap=12855s
[13:40:44] NUDGE_WRITE t-20260612-093433-1ce224 kind=escalate gap=12915s
[13:41:44] NUDGE_WRITE t-20260612-093433-1ce224 kind=escalate gap=12975s
[13:42:44] NUDGE_WRITE t-20260612-093433-1ce224 kind=escalate gap=13035s
[13:43:44] NUDGE_WRITE t-20260612-093433-1ce224 kind=escalate gap=13095s
[13:44:44] NUDGE_WRITE t-20260612-093433-1ce224 kind=escalate gap=13155s
[13:45:44] NUDGE_WRITE t-20260612-093433-1ce224 kind=escalate gap=13215s
[13:46:44] NUDGE_WRITE t-20260612-093433-1ce224 kind=escalate gap=13275s
[13:47:44] NUDGE_WRITE t-20260612-093433-1ce224 kind=escalate gap=13335s
[13:48:44] NUDGE_WRITE t-20260612-093433-1ce224 kind=escalate gap=13395s
[13:49:44] NUDGE_WRITE t-20260612-093433-1ce224 kind=escalate gap=13455s
[13:50:44] NUDGE_WRITE t-20260612-093433-1ce224 kind=escalate gap=13515s
[13:51:44] NUDGE_WRITE t-20260612-093433-1ce224 kind=escalate gap=13575s
[13:52:44] NUDGE_WRITE t-20260612-093433-1ce224 kind=escalate gap=13635s
[13:53:44] NUDGE_WRITE t-20260612-093433-1ce224 kind=escalate gap=13695s
[13:54:44] NUDGE_WRITE t-20260612-093433-1ce224 kind=escalate gap=13755s
[13:55:44] NUDGE_WRITE t-20260612-093433-1ce224 kind=escalate gap=13815s
[13:56:44] NUDGE_WRITE t-20260612-093433-1ce224 kind=escalate gap=13875s
[13:57:44] NUDGE_WRITE t-20260612-093433-1ce224 kind=escalate gap=13935s
[13:58:44] NUDGE_WRITE t-20260612-093433-1ce224 kind=escalate gap=13995s
[13:59:44] NUDGE_WRITE t-20260612-093433-1ce224 kind=escalate gap=14055s
[14:00:44] NUDGE_WRITE t-20260612-093433-1ce224 kind=escalate gap=14115s
[14:01:44] NUDGE_WRITE t-20260612-093433-1ce224 kind=escalate gap=14175s
[14:02:44] NUDGE_WRITE t-20260612-093433-1ce224 kind=escalate gap=14235s
[14:03:44] NUDGE_WRITE t-20260612-093433-1ce224 kind=escalate gap=14295s
[14:04:44] NUDGE_WRITE t-20260612-093433-1ce224 kind=escalate gap=14355s
[14:05:44] NUDGE_WRITE t-20260612-093433-1ce224 kind=escalate gap=14415s
[14:06:44] NUDGE_WRITE t-20260612-093433-1ce224 kind=escalate gap=14475s
[14:07:44] NUDGE_WRITE t-20260612-093433-1ce224 kind=escalate gap=14535s
[14:08:45] NUDGE_WRITE t-20260612-093433-1ce224 kind=escalate gap=14595s
[14:09:45] NUDGE_WRITE t-20260612-093433-1ce224 kind=escalate gap=14656s
[14:10:45] NUDGE_WRITE t-20260612-093433-1ce224 kind=escalate gap=14716s
[14:11:45] NUDGE_WRITE t-20260612-093433-1ce224 kind=escalate gap=14776s
[14:12:45] NUDGE_WRITE t-20260612-093433-1ce224 kind=escalate gap=14836s
[14:13:45] NUDGE_WRITE t-20260612-093433-1ce224 kind=escalate gap=14896s
[14:14:45] NUDGE_WRITE t-20260612-093433-1ce224 kind=escalate gap=14956s
[14:15:45] NUDGE_WRITE t-20260612-093433-1ce224 kind=escalate gap=15016s
[14:16:45] NUDGE_WRITE t-20260612-093433-1ce224 kind=escalate gap=15076s
[14:17:45] NUDGE_WRITE t-20260612-093433-1ce224 kind=escalate gap=15136s
[14:18:45] NUDGE_WRITE t-20260612-093433-1ce224 kind=escalate gap=15196s
[14:19:45] NUDGE_WRITE t-20260612-093433-1ce224 kind=escalate gap=15256s
[14:20:45] NUDGE_WRITE t-20260612-093433-1ce224 kind=escalate gap=15316s
[14:21:45] NUDGE_WRITE t-20260612-093433-1ce224 kind=escalate gap=15376s
[14:22:45] NUDGE_WRITE t-20260612-093433-1ce224 kind=escalate gap=15436s
[14:23:45] NUDGE_WRITE t-20260612-093433-1ce224 kind=escalate gap=15496s
[14:24:45] NUDGE_WRITE t-20260612-093433-1ce224 kind=escalate gap=15556s
[14:25:45] NUDGE_WRITE t-20260612-093433-1ce224 kind=escalate gap=15616s
[14:26:45] NUDGE_WRITE t-20260612-093433-1ce224 kind=escalate gap=15676s
[14:27:45] NUDGE_WRITE t-20260612-093433-1ce224 kind=escalate gap=15736s
[14:28:45] NUDGE_WRITE t-20260612-093433-1ce224 kind=escalate gap=15796s
[14:29:45] NUDGE_WRITE t-20260612-093433-1ce224 kind=escalate gap=15856s
[14:30:45] NUDGE_WRITE t-20260612-093433-1ce224 kind=escalate gap=15916s
[14:31:45] NUDGE_WRITE t-20260612-093433-1ce224 kind=escalate gap=15976s
[14:32:45] NUDGE_WRITE t-20260612-093433-1ce224 kind=escalate gap=16036s
[14:33:45] NUDGE_WRITE t-20260612-093433-1ce224 kind=escalate gap=16096s
[14:34:45] NUDGE_WRITE t-20260612-093433-1ce224 kind=escalate gap=16156s
[14:35:45] NUDGE_WRITE t-20260612-093433-1ce224 kind=escalate gap=16216s
[14:36:45] NUDGE_WRITE t-20260612-093433-1ce224 kind=escalate gap=16276s
[14:37:45] NUDGE_WRITE t-20260612-093433-1ce224 kind=escalate gap=16336s
[14:38:45] NUDGE_WRITE t-20260612-093433-1ce224 kind=escalate gap=16396s
[14:39:45] NUDGE_WRITE t-20260612-093433-1ce224 kind=escalate gap=16456s
[14:40:45] NUDGE_WRITE t-20260612-093433-1ce224 kind=escalate gap=16516s
[14:41:45] NUDGE_WRITE t-20260612-093433-1ce224 kind=escalate gap=16576s
[14:42:45] NUDGE_WRITE t-20260612-093433-1ce224 kind=escalate gap=16636s
[14:43:45] NUDGE_WRITE t-20260612-093433-1ce224 kind=escalate gap=16696s
[14:44:45] NUDGE_WRITE t-20260612-093433-1ce224 kind=escalate gap=16756s
[14:45:45] NUDGE_WRITE t-20260612-093433-1ce224 kind=escalate gap=16816s
[14:46:46] NUDGE_WRITE t-20260612-093433-1ce224 kind=escalate gap=16877s
[14:47:46] NUDGE_WRITE t-20260612-093433-1ce224 kind=escalate gap=16937s
[14:48:46] NUDGE_WRITE t-20260612-093433-1ce224 kind=escalate gap=16997s
[14:49:46] NUDGE_WRITE t-20260612-093433-1ce224 kind=escalate gap=17057s
[14:50:46] NUDGE_WRITE t-20260612-093433-1ce224 kind=escalate gap=17117s
[14:51:46] NUDGE_WRITE t-20260612-093433-1ce224 kind=escalate gap=17177s
[14:52:46] NUDGE_WRITE t-20260612-093433-1ce224 kind=escalate gap=17237s
[14:53:46] NUDGE_WRITE t-20260612-093433-1ce224 kind=escalate gap=17297s
[14:54:46] NUDGE_WRITE t-20260612-093433-1ce224 kind=escalate gap=17357s
[14:55:46] NUDGE_WRITE t-20260612-093433-1ce224 kind=escalate gap=17417s
[14:56:46] NUDGE_WRITE t-20260612-093433-1ce224 kind=escalate gap=17477s
[14:57:46] NUDGE_WRITE t-20260612-093433-1ce224 kind=escalate gap=17537s
[14:58:46] NUDGE_WRITE t-20260612-093433-1ce224 kind=escalate gap=17597s
[14:59:46] NUDGE_WRITE t-20260612-093433-1ce224 kind=escalate gap=17657s
[15:00:46] NUDGE_WRITE t-20260612-093433-1ce224 kind=escalate gap=17717s
[15:01:46] NUDGE_WRITE t-20260612-093433-1ce224 kind=escalate gap=17777s
[15:02:46] NUDGE_WRITE t-20260612-093433-1ce224 kind=escalate gap=17837s
[15:03:46] NUDGE_WRITE t-20260612-093433-1ce224 kind=escalate gap=17897s
[15:04:46] NUDGE_WRITE t-20260612-093433-1ce224 kind=escalate gap=17957s
[15:05:46] NUDGE_WRITE t-20260612-093433-1ce224 kind=escalate gap=18017s
[15:06:46] NUDGE_WRITE t-20260612-093433-1ce224 kind=escalate gap=18077s
[15:07:46] NUDGE_WRITE t-20260612-093433-1ce224 kind=escalate gap=18137s
[15:08:46] NUDGE_WRITE t-20260612-093433-1ce224 kind=escalate gap=18197s
[15:09:46] NUDGE_WRITE t-20260612-093433-1ce224 kind=escalate gap=18257s
[15:10:46] NUDGE_WRITE t-20260612-093433-1ce224 kind=escalate gap=18317s
[15:11:46] NUDGE_WRITE t-20260612-093433-1ce224 kind=escalate gap=18377s
[15:12:46] NUDGE_WRITE t-20260612-093433-1ce224 kind=escalate gap=18437s
[15:13:46] NUDGE_WRITE t-20260612-093433-1ce224 kind=escalate gap=18497s
[15:14:46] NUDGE_WRITE t-20260612-093433-1ce224 kind=escalate gap=18557s
[15:15:46] NUDGE_WRITE t-20260612-093433-1ce224 kind=escalate gap=18617s
[15:16:46] NUDGE_WRITE t-20260612-093433-1ce224 kind=escalate gap=18677s
[15:17:46] NUDGE_WRITE t-20260612-093433-1ce224 kind=escalate gap=18737s
[15:18:46] NUDGE_WRITE t-20260612-093433-1ce224 kind=escalate gap=18797s
[15:19:46] NUDGE_WRITE t-20260612-093433-1ce224 kind=escalate gap=18857s
[15:20:46] NUDGE_WRITE t-20260612-093433-1ce224 kind=escalate gap=18917s
[15:21:46] NUDGE_WRITE t-20260612-093433-1ce224 kind=escalate gap=18977s
[15:22:46] NUDGE_WRITE t-20260612-093433-1ce224 kind=escalate gap=19037s
[15:23:46] NUDGE_WRITE t-20260612-093433-1ce224 kind=escalate gap=19097s
[15:24:46] NUDGE_WRITE t-20260612-093433-1ce224 kind=escalate gap=19157s
[15:25:47] NUDGE_WRITE t-20260612-093433-1ce224 kind=escalate gap=19218s
[15:26:47] NUDGE_WRITE t-20260612-093433-1ce224 kind=escalate gap=19278s
[15:27:47] NUDGE_WRITE t-20260612-093433-1ce224 kind=escalate gap=19338s
[15:28:47] NUDGE_WRITE t-20260612-093433-1ce224 kind=escalate gap=19398s
[15:29:47] NUDGE_WRITE t-20260612-093433-1ce224 kind=escalate gap=19458s
[15:30:47] NUDGE_WRITE t-20260612-093433-1ce224 kind=escalate gap=19518s
[15:31:47] NUDGE_WRITE t-20260612-093433-1ce224 kind=escalate gap=19578s
[15:32:47] NUDGE_WRITE t-20260612-093433-1ce224 kind=escalate gap=19638s
[15:33:47] NUDGE_WRITE t-20260612-093433-1ce224 kind=escalate gap=19698s
[15:34:47] NUDGE_WRITE t-20260612-093433-1ce224 kind=escalate gap=19758s
[15:35:47] NUDGE_WRITE t-20260612-093433-1ce224 kind=escalate gap=19818s
[15:36:47] NUDGE_WRITE t-20260612-093433-1ce224 kind=escalate gap=19878s
[15:37:47] NUDGE_WRITE t-20260612-093433-1ce224 kind=escalate gap=19938s
[15:38:47] NUDGE_WRITE t-20260612-093433-1ce224 kind=escalate gap=19998s
[15:39:47] NUDGE_WRITE t-20260612-093433-1ce224 kind=escalate gap=20058s
[15:40:47] NUDGE_WRITE t-20260612-093433-1ce224 kind=escalate gap=20118s
[15:41:47] NUDGE_WRITE t-20260612-093433-1ce224 kind=escalate gap=20178s
[15:42:47] NUDGE_WRITE t-20260612-093433-1ce224 kind=escalate gap=20238s
[15:43:47] NUDGE_WRITE t-20260612-093433-1ce224 kind=escalate gap=20298s
[15:44:47] NUDGE_WRITE t-20260612-093433-1ce224 kind=escalate gap=20358s
[15:45:47] NUDGE_WRITE t-20260612-093433-1ce224 kind=escalate gap=20418s
[15:46:47] NUDGE_WRITE t-20260612-093433-1ce224 kind=escalate gap=20478s
[15:47:47] NUDGE_WRITE t-20260612-093433-1ce224 kind=escalate gap=20538s
[15:48:47] NUDGE_WRITE t-20260612-093433-1ce224 kind=escalate gap=20598s
[15:49:47] NUDGE_WRITE t-20260612-093433-1ce224 kind=escalate gap=20658s
[15:50:47] NUDGE_WRITE t-20260612-093433-1ce224 kind=escalate gap=20718s
[15:51:47] NUDGE_WRITE t-20260612-093433-1ce224 kind=escalate gap=20778s
[15:52:47] NUDGE_WRITE t-20260612-093433-1ce224 kind=escalate gap=20838s
[15:53:47] NUDGE_WRITE t-20260612-093433-1ce224 kind=escalate gap=20898s
[15:54:47] NUDGE_WRITE t-20260612-093433-1ce224 kind=escalate gap=20958s
[15:55:47] NUDGE_WRITE t-20260612-093433-1ce224 kind=escalate gap=21018s
[15:56:47] NUDGE_WRITE t-20260612-093433-1ce224 kind=escalate gap=21078s
[15:57:47] NUDGE_WRITE t-20260612-093433-1ce224 kind=escalate gap=21138s
[15:58:47] NUDGE_WRITE t-20260612-093433-1ce224 kind=escalate gap=21198s
[15:59:47] NUDGE_WRITE t-20260612-093433-1ce224 kind=escalate gap=21258s
[16:00:47] NUDGE_WRITE t-20260612-093433-1ce224 kind=escalate gap=21318s
[16:01:47] NUDGE_WRITE t-20260612-093433-1ce224 kind=escalate gap=21378s
[16:02:47] NUDGE_WRITE t-20260612-093433-1ce224 kind=escalate gap=21438s
[16:03:48] NUDGE_WRITE t-20260612-093433-1ce224 kind=escalate gap=21499s
[16:04:48] NUDGE_WRITE t-20260612-093433-1ce224 kind=escalate gap=21559s
[16:05:48] NUDGE_WRITE t-20260612-093433-1ce224 kind=escalate gap=21619s
[16:06:48] NUDGE_WRITE t-20260612-093433-1ce224 kind=escalate gap=21679s
[16:07:48] NUDGE_WRITE t-20260612-093433-1ce224 kind=escalate gap=21739s
[16:08:48] NUDGE_WRITE t-20260612-093433-1ce224 kind=escalate gap=21799s
[16:09:48] NUDGE_WRITE t-20260612-093433-1ce224 kind=escalate gap=21859s
[16:10:48] NUDGE_WRITE t-20260612-093433-1ce224 kind=escalate gap=21919s
[16:11:48] NUDGE_WRITE t-20260612-093433-1ce224 kind=escalate gap=21979s
[16:12:48] NUDGE_WRITE t-20260612-093433-1ce224 kind=escalate gap=22039s
[16:13:48] NUDGE_WRITE t-20260612-093433-1ce224 kind=escalate gap=22099s
[16:14:48] NUDGE_WRITE t-20260612-093433-1ce224 kind=escalate gap=22159s
[16:15:48] NUDGE_WRITE t-20260612-093433-1ce224 kind=escalate gap=22219s
[16:16:48] NUDGE_WRITE t-20260612-093433-1ce224 kind=escalate gap=22279s
[16:17:48] NUDGE_WRITE t-20260612-093433-1ce224 kind=escalate gap=22339s
[16:18:48] NUDGE_WRITE t-20260612-093433-1ce224 kind=escalate gap=22399s
[16:19:48] NUDGE_WRITE t-20260612-093433-1ce224 kind=escalate gap=22459s
[16:20:48] NUDGE_WRITE t-20260612-093433-1ce224 kind=escalate gap=22519s
[16:21:48] NUDGE_WRITE t-20260612-093433-1ce224 kind=escalate gap=22579s
[16:22:48] NUDGE_WRITE t-20260612-093433-1ce224 kind=escalate gap=22639s
[16:23:48] NUDGE_WRITE t-20260612-093433-1ce224 kind=escalate gap=22699s
[16:24:48] NUDGE_WRITE t-20260612-093433-1ce224 kind=escalate gap=22759s
[16:25:48] NUDGE_WRITE t-20260612-093433-1ce224 kind=escalate gap=22819s
[16:26:48] NUDGE_WRITE t-20260612-093433-1ce224 kind=escalate gap=22879s
[16:27:48] NUDGE_WRITE t-20260612-093433-1ce224 kind=escalate gap=22939s
[16:28:48] NUDGE_WRITE t-20260612-093433-1ce224 kind=escalate gap=22999s
[16:29:48] NUDGE_WRITE t-20260612-093433-1ce224 kind=escalate gap=23059s
[16:30:48] NUDGE_WRITE t-20260612-093433-1ce224 kind=escalate gap=23119s
[16:31:48] NUDGE_WRITE t-20260612-093433-1ce224 kind=escalate gap=23179s
[16:32:48] NUDGE_WRITE t-20260612-093433-1ce224 kind=escalate gap=23239s
[16:33:48] NUDGE_WRITE t-20260612-093433-1ce224 kind=escalate gap=23299s
[16:34:48] NUDGE_WRITE t-20260612-093433-1ce224 kind=escalate gap=23359s
[16:35:48] NUDGE_WRITE t-20260612-093433-1ce224 kind=escalate gap=23419s
[16:36:48] NUDGE_WRITE t-20260612-093433-1ce224 kind=escalate gap=23479s
[16:37:48] NUDGE_WRITE t-20260612-093433-1ce224 kind=escalate gap=23539s
[16:38:48] NUDGE_WRITE t-20260612-093433-1ce224 kind=escalate gap=23599s
[16:39:48] NUDGE_WRITE t-20260612-093433-1ce224 kind=escalate gap=23659s
[16:40:48] NUDGE_WRITE t-20260612-093433-1ce224 kind=escalate gap=23719s
[16:41:49] NUDGE_WRITE t-20260612-093433-1ce224 kind=escalate gap=23780s
[16:42:49] NUDGE_WRITE t-20260612-093433-1ce224 kind=escalate gap=23840s
[16:43:49] NUDGE_WRITE t-20260612-093433-1ce224 kind=escalate gap=23900s
[16:44:49] NUDGE_WRITE t-20260612-093433-1ce224 kind=escalate gap=23960s
[16:45:49] NUDGE_WRITE t-20260612-093433-1ce224 kind=escalate gap=24020s
[16:46:49] NUDGE_WRITE t-20260612-093433-1ce224 kind=escalate gap=24080s
[16:47:49] NUDGE_WRITE t-20260612-093433-1ce224 kind=escalate gap=24140s
[16:48:49] NUDGE_WRITE t-20260612-093433-1ce224 kind=escalate gap=24200s
[16:49:49] NUDGE_WRITE t-20260612-093433-1ce224 kind=escalate gap=24260s
[16:50:49] NUDGE_WRITE t-20260612-093433-1ce224 kind=escalate gap=24320s
[16:51:49] NUDGE_WRITE t-20260612-093433-1ce224 kind=escalate gap=24380s
[16:52:49] NUDGE_WRITE t-20260612-093433-1ce224 kind=escalate gap=24440s
[16:53:49] NUDGE_WRITE t-20260612-093433-1ce224 kind=escalate gap=24500s
[16:54:49] NUDGE_WRITE t-20260612-093433-1ce224 kind=escalate gap=24560s
[16:55:49] NUDGE_WRITE t-20260612-093433-1ce224 kind=escalate gap=24620s
[16:56:49] NUDGE_WRITE t-20260612-093433-1ce224 kind=escalate gap=24680s
[16:57:49] NUDGE_WRITE t-20260612-093433-1ce224 kind=escalate gap=24740s
[16:58:49] NUDGE_WRITE t-20260612-093433-1ce224 kind=escalate gap=24800s
[16:59:49] NUDGE_WRITE t-20260612-093433-1ce224 kind=escalate gap=24860s
[17:00:49] NUDGE_WRITE t-20260612-093433-1ce224 kind=escalate gap=24920s
[17:01:49] NUDGE_WRITE t-20260612-093433-1ce224 kind=escalate gap=24980s
[17:02:49] NUDGE_WRITE t-20260612-093433-1ce224 kind=escalate gap=25040s
[17:03:49] NUDGE_WRITE t-20260612-093433-1ce224 kind=escalate gap=25100s
[17:04:49] NUDGE_WRITE t-20260612-093433-1ce224 kind=escalate gap=25160s
[17:05:49] NUDGE_WRITE t-20260612-093433-1ce224 kind=escalate gap=25220s
[17:06:49] NUDGE_WRITE t-20260612-093433-1ce224 kind=escalate gap=25280s
[17:07:49] NUDGE_WRITE t-20260612-093433-1ce224 kind=escalate gap=25340s
[17:08:49] NUDGE_WRITE t-20260612-093433-1ce224 kind=escalate gap=25400s
[17:09:49] NUDGE_WRITE t-20260612-093433-1ce224 kind=escalate gap=25460s
[17:10:49] NUDGE_WRITE t-20260612-093433-1ce224 kind=escalate gap=25520s
[17:11:49] NUDGE_WRITE t-20260612-093433-1ce224 kind=escalate gap=25580s
[17:12:49] NUDGE_WRITE t-20260612-093433-1ce224 kind=escalate gap=25640s
[17:13:49] NUDGE_WRITE t-20260612-093433-1ce224 kind=escalate gap=25700s
[17:14:49] NUDGE_WRITE t-20260612-093433-1ce224 kind=escalate gap=25760s
[17:15:49] NUDGE_WRITE t-20260612-093433-1ce224 kind=escalate gap=25820s
[17:16:49] NUDGE_WRITE t-20260612-093433-1ce224 kind=escalate gap=25880s
[17:17:49] NUDGE_WRITE t-20260612-093433-1ce224 kind=escalate gap=25940s
[17:18:50] NUDGE_WRITE t-20260612-093433-1ce224 kind=escalate gap=26001s
[17:19:50] NUDGE_WRITE t-20260612-093433-1ce224 kind=escalate gap=26061s
[17:20:50] NUDGE_WRITE t-20260612-093433-1ce224 kind=escalate gap=26121s
[17:21:50] NUDGE_WRITE t-20260612-093433-1ce224 kind=escalate gap=26181s
[17:22:50] NUDGE_WRITE t-20260612-093433-1ce224 kind=escalate gap=26241s
[17:23:50] NUDGE_WRITE t-20260612-093433-1ce224 kind=escalate gap=26301s
[17:24:50] NUDGE_WRITE t-20260612-093433-1ce224 kind=escalate gap=26361s
[17:25:50] NUDGE_WRITE t-20260612-093433-1ce224 kind=escalate gap=26421s
[17:26:50] NUDGE_WRITE t-20260612-093433-1ce224 kind=escalate gap=26481s
[17:27:50] NUDGE_WRITE t-20260612-093433-1ce224 kind=escalate gap=26541s
[17:28:50] NUDGE_WRITE t-20260612-093433-1ce224 kind=escalate gap=26601s
[17:29:50] NUDGE_WRITE t-20260612-093433-1ce224 kind=escalate gap=26661s
[17:30:50] NUDGE_WRITE t-20260612-093433-1ce224 kind=escalate gap=26721s
[17:31:50] NUDGE_WRITE t-20260612-093433-1ce224 kind=escalate gap=26781s
[17:32:50] NUDGE_WRITE t-20260612-093433-1ce224 kind=escalate gap=26841s
[17:33:50] NUDGE_WRITE t-20260612-093433-1ce224 kind=escalate gap=26901s
[17:34:50] NUDGE_WRITE t-20260612-093433-1ce224 kind=escalate gap=26961s
[17:35:50] NUDGE_WRITE t-20260612-093433-1ce224 kind=escalate gap=27021s
[17:36:50] NUDGE_WRITE t-20260612-093433-1ce224 kind=escalate gap=27081s
[17:37:50] NUDGE_WRITE t-20260612-093433-1ce224 kind=escalate gap=27141s
[17:38:50] NUDGE_WRITE t-20260612-093433-1ce224 kind=escalate gap=27201s
[17:39:50] NUDGE_WRITE t-20260612-093433-1ce224 kind=escalate gap=27261s
[17:40:50] NUDGE_WRITE t-20260612-093433-1ce224 kind=escalate gap=27321s
[17:41:50] NUDGE_WRITE t-20260612-093433-1ce224 kind=escalate gap=27381s
[17:42:50] NUDGE_WRITE t-20260612-093433-1ce224 kind=escalate gap=27441s
[17:43:50] NUDGE_WRITE t-20260612-093433-1ce224 kind=escalate gap=27501s
[17:44:50] NUDGE_WRITE t-20260612-093433-1ce224 kind=escalate gap=27561s
[17:45:50] NUDGE_WRITE t-20260612-093433-1ce224 kind=escalate gap=27621s
[17:46:50] NUDGE_WRITE t-20260612-093433-1ce224 kind=escalate gap=27681s
[17:47:50] NUDGE_WRITE t-20260612-093433-1ce224 kind=escalate gap=27741s
[17:48:50] NUDGE_WRITE t-20260612-093433-1ce224 kind=escalate gap=27801s
[17:49:50] NUDGE_WRITE t-20260612-093433-1ce224 kind=escalate gap=27861s
[17:50:50] NUDGE_WRITE t-20260612-093433-1ce224 kind=escalate gap=27921s
[17:51:50] NUDGE_WRITE t-20260612-093433-1ce224 kind=escalate gap=27981s
[17:52:50] NUDGE_WRITE t-20260612-093433-1ce224 kind=escalate gap=28041s
[17:53:50] NUDGE_WRITE t-20260612-093433-1ce224 kind=escalate gap=28101s
[17:54:50] NUDGE_WRITE t-20260612-093433-1ce224 kind=escalate gap=28161s
[17:55:51] NUDGE_WRITE t-20260612-093433-1ce224 kind=escalate gap=28222s
[17:56:51] NUDGE_WRITE t-20260612-093433-1ce224 kind=escalate gap=28282s
[17:57:51] NUDGE_WRITE t-20260612-093433-1ce224 kind=escalate gap=28342s
[17:58:51] NUDGE_WRITE t-20260612-093433-1ce224 kind=escalate gap=28402s
[17:59:51] NUDGE_WRITE t-20260612-093433-1ce224 kind=escalate gap=28462s
[18:00:51] NUDGE_WRITE t-20260612-093433-1ce224 kind=escalate gap=28522s
[18:01:51] NUDGE_WRITE t-20260612-093433-1ce224 kind=escalate gap=28582s
[18:02:51] NUDGE_WRITE t-20260612-093433-1ce224 kind=escalate gap=28642s
[18:03:51] NUDGE_WRITE t-20260612-093433-1ce224 kind=escalate gap=28702s
[18:04:51] NUDGE_WRITE t-20260612-093433-1ce224 kind=escalate gap=28762s
[18:05:51] NUDGE_WRITE t-20260612-093433-1ce224 kind=escalate gap=28822s
[18:06:51] NUDGE_WRITE t-20260612-093433-1ce224 kind=escalate gap=28882s
[18:07:51] NUDGE_WRITE t-20260612-093433-1ce224 kind=escalate gap=28942s
[18:08:51] NUDGE_WRITE t-20260612-093433-1ce224 kind=escalate gap=29002s
[18:09:51] NUDGE_WRITE t-20260612-093433-1ce224 kind=escalate gap=29062s
[18:10:51] NUDGE_WRITE t-20260612-093433-1ce224 kind=escalate gap=29122s
[18:11:51] NUDGE_WRITE t-20260612-093433-1ce224 kind=escalate gap=29182s
[18:12:51] NUDGE_WRITE t-20260612-093433-1ce224 kind=escalate gap=29242s
[18:13:51] NUDGE_WRITE t-20260612-093433-1ce224 kind=escalate gap=29302s
[18:14:51] NUDGE_WRITE t-20260612-093433-1ce224 kind=escalate gap=29362s
[18:15:51] NUDGE_WRITE t-20260612-093433-1ce224 kind=escalate gap=29422s
[18:16:51] NUDGE_WRITE t-20260612-093433-1ce224 kind=escalate gap=29482s
[18:17:51] NUDGE_WRITE t-20260612-093433-1ce224 kind=escalate gap=29542s
[18:18:51] NUDGE_WRITE t-20260612-093433-1ce224 kind=escalate gap=29602s
[18:19:51] NUDGE_WRITE t-20260612-093433-1ce224 kind=escalate gap=29662s
[18:20:51] NUDGE_WRITE t-20260612-093433-1ce224 kind=escalate gap=29722s
[18:21:51] NUDGE_WRITE t-20260612-093433-1ce224 kind=escalate gap=29782s
[18:22:51] NUDGE_WRITE t-20260612-093433-1ce224 kind=escalate gap=29842s
[18:23:51] NUDGE_WRITE t-20260612-093433-1ce224 kind=escalate gap=29902s
[18:24:51] NUDGE_WRITE t-20260612-093433-1ce224 kind=escalate gap=29962s
[18:25:51] NUDGE_WRITE t-20260612-093433-1ce224 kind=escalate gap=30022s
[18:26:51] NUDGE_WRITE t-20260612-093433-1ce224 kind=escalate gap=30082s
[18:27:51] NUDGE_WRITE t-20260612-093433-1ce224 kind=escalate gap=30142s
[18:28:51] NUDGE_WRITE t-20260612-093433-1ce224 kind=escalate gap=30202s
[18:29:51] NUDGE_WRITE t-20260612-093433-1ce224 kind=escalate gap=30262s
[18:30:51] NUDGE_WRITE t-20260612-093433-1ce224 kind=escalate gap=30322s
[18:31:51] NUDGE_WRITE t-20260612-093433-1ce224 kind=escalate gap=30382s
[18:32:51] NUDGE_WRITE t-20260612-093433-1ce224 kind=escalate gap=30442s
[18:33:52] NUDGE_WRITE t-20260612-093433-1ce224 kind=escalate gap=30502s
[18:34:52] NUDGE_WRITE t-20260612-093433-1ce224 kind=escalate gap=30563s
[18:35:52] NUDGE_WRITE t-20260612-093433-1ce224 kind=escalate gap=30623s
[18:36:52] NUDGE_WRITE t-20260612-093433-1ce224 kind=escalate gap=30683s
[18:37:52] NUDGE_WRITE t-20260612-093433-1ce224 kind=escalate gap=30743s
[18:38:52] NUDGE_WRITE t-20260612-093433-1ce224 kind=escalate gap=30803s
[18:39:52] NUDGE_WRITE t-20260612-093433-1ce224 kind=escalate gap=30863s
[18:40:52] NUDGE_WRITE t-20260612-093433-1ce224 kind=escalate gap=30923s
[18:41:52] NUDGE_WRITE t-20260612-093433-1ce224 kind=escalate gap=30983s
[18:42:52] NUDGE_WRITE t-20260612-093433-1ce224 kind=escalate gap=31043s
[18:43:52] NUDGE_WRITE t-20260612-093433-1ce224 kind=escalate gap=31103s
[18:44:52] NUDGE_WRITE t-20260612-093433-1ce224 kind=escalate gap=31163s
[18:45:52] NUDGE_WRITE t-20260612-093433-1ce224 kind=escalate gap=31223s
[18:46:52] NUDGE_WRITE t-20260612-093433-1ce224 kind=escalate gap=31283s
[18:47:52] NUDGE_WRITE t-20260612-093433-1ce224 kind=escalate gap=31343s
[18:48:52] NUDGE_WRITE t-20260612-093433-1ce224 kind=escalate gap=31403s
[18:49:52] NUDGE_WRITE t-20260612-093433-1ce224 kind=escalate gap=31463s
[18:50:52] NUDGE_WRITE t-20260612-093433-1ce224 kind=escalate gap=31523s
[18:51:52] NUDGE_WRITE t-20260612-093433-1ce224 kind=escalate gap=31583s
[18:52:52] NUDGE_WRITE t-20260612-093433-1ce224 kind=escalate gap=31643s
[18:53:52] NUDGE_WRITE t-20260612-093433-1ce224 kind=escalate gap=31703s
[18:54:52] NUDGE_WRITE t-20260612-093433-1ce224 kind=escalate gap=31763s
[18:55:52] NUDGE_WRITE t-20260612-093433-1ce224 kind=escalate gap=31823s
[18:56:52] NUDGE_WRITE t-20260612-093433-1ce224 kind=escalate gap=31883s
[18:57:52] NUDGE_WRITE t-20260612-093433-1ce224 kind=escalate gap=31943s
[18:58:52] NUDGE_WRITE t-20260612-093433-1ce224 kind=escalate gap=32003s
[18:59:52] NUDGE_WRITE t-20260612-093433-1ce224 kind=escalate gap=32063s
[19:00:52] NUDGE_WRITE t-20260612-093433-1ce224 kind=escalate gap=32123s
[19:01:52] NUDGE_WRITE t-20260612-093433-1ce224 kind=escalate gap=32183s
[19:02:52] NUDGE_WRITE t-20260612-093433-1ce224 kind=escalate gap=32243s
[19:03:52] NUDGE_WRITE t-20260612-093433-1ce224 kind=escalate gap=32303s
[19:04:52] NUDGE_WRITE t-20260612-093433-1ce224 kind=escalate gap=32363s
[19:05:52] NUDGE_WRITE t-20260612-093433-1ce224 kind=escalate gap=32423s
[19:06:52] NUDGE_WRITE t-20260612-093433-1ce224 kind=escalate gap=32483s
[19:07:52] NUDGE_WRITE t-20260612-093433-1ce224 kind=escalate gap=32543s
[19:08:52] NUDGE_WRITE t-20260612-093433-1ce224 kind=escalate gap=32603s
[19:09:52] NUDGE_WRITE t-20260612-093433-1ce224 kind=escalate gap=32663s
[19:10:52] NUDGE_WRITE t-20260612-093433-1ce224 kind=escalate gap=32723s
[19:11:52] NUDGE_WRITE t-20260612-093433-1ce224 kind=escalate gap=32783s
[19:12:53] NUDGE_WRITE t-20260612-093433-1ce224 kind=escalate gap=32844s
[19:13:53] NUDGE_WRITE t-20260612-093433-1ce224 kind=escalate gap=32904s
[19:14:53] NUDGE_WRITE t-20260612-093433-1ce224 kind=escalate gap=32964s
[19:15:53] NUDGE_WRITE t-20260612-093433-1ce224 kind=escalate gap=33024s
[19:16:53] NUDGE_WRITE t-20260612-093433-1ce224 kind=escalate gap=33084s
[19:17:53] NUDGE_WRITE t-20260612-093433-1ce224 kind=escalate gap=33144s
[19:18:53] NUDGE_WRITE t-20260612-093433-1ce224 kind=escalate gap=33204s
[19:19:53] NUDGE_WRITE t-20260612-093433-1ce224 kind=escalate gap=33264s
[19:20:53] NUDGE_WRITE t-20260612-093433-1ce224 kind=escalate gap=33324s
[19:21:53] NUDGE_WRITE t-20260612-093433-1ce224 kind=escalate gap=33384s
[19:22:53] NUDGE_WRITE t-20260612-093433-1ce224 kind=escalate gap=33444s
[19:23:53] NUDGE_WRITE t-20260612-093433-1ce224 kind=escalate gap=33504s
[19:24:53] NUDGE_WRITE t-20260612-093433-1ce224 kind=escalate gap=33564s
[19:25:53] NUDGE_WRITE t-20260612-093433-1ce224 kind=escalate gap=33624s
[19:26:53] NUDGE_WRITE t-20260612-093433-1ce224 kind=escalate gap=33684s
[19:27:53] NUDGE_WRITE t-20260612-093433-1ce224 kind=escalate gap=33744s
[19:28:53] NUDGE_WRITE t-20260612-093433-1ce224 kind=escalate gap=33804s
[19:29:53] NUDGE_WRITE t-20260612-093433-1ce224 kind=escalate gap=33864s
[19:30:53] NUDGE_WRITE t-20260612-093433-1ce224 kind=escalate gap=33924s
[19:31:53] NUDGE_WRITE t-20260612-093433-1ce224 kind=escalate gap=33984s
[19:32:53] NUDGE_WRITE t-20260612-093433-1ce224 kind=escalate gap=34044s
[19:33:53] NUDGE_WRITE t-20260612-093433-1ce224 kind=escalate gap=34104s
[19:34:53] NUDGE_WRITE t-20260612-093433-1ce224 kind=escalate gap=34164s
[19:35:53] NUDGE_WRITE t-20260612-093433-1ce224 kind=escalate gap=34224s
[19:36:53] NUDGE_WRITE t-20260612-093433-1ce224 kind=escalate gap=34284s
[19:37:53] NUDGE_WRITE t-20260612-093433-1ce224 kind=escalate gap=34344s
[19:38:53] NUDGE_WRITE t-20260612-093433-1ce224 kind=escalate gap=34404s
[19:39:53] NUDGE_WRITE t-20260612-093433-1ce224 kind=escalate gap=34464s
[19:40:53] NUDGE_WRITE t-20260612-093433-1ce224 kind=escalate gap=34524s
[19:41:53] NUDGE_WRITE t-20260612-093433-1ce224 kind=escalate gap=34584s
[19:42:53] NUDGE_WRITE t-20260612-093433-1ce224 kind=escalate gap=34644s
[19:43:53] NUDGE_WRITE t-20260612-093433-1ce224 kind=escalate gap=34704s
[19:44:53] NUDGE_WRITE t-20260612-093433-1ce224 kind=escalate gap=34764s
[19:45:53] NUDGE_WRITE t-20260612-093433-1ce224 kind=escalate gap=34824s
[19:46:53] NUDGE_WRITE t-20260612-093433-1ce224 kind=escalate gap=34884s
[19:47:53] NUDGE_WRITE t-20260612-093433-1ce224 kind=escalate gap=34944s
[19:48:53] NUDGE_WRITE t-20260612-093433-1ce224 kind=escalate gap=35004s
[19:49:54] NUDGE_WRITE t-20260612-093433-1ce224 kind=escalate gap=35064s
[19:50:54] NUDGE_WRITE t-20260612-093433-1ce224 kind=escalate gap=35125s
[19:51:54] NUDGE_WRITE t-20260612-093433-1ce224 kind=escalate gap=35185s
[19:52:54] NUDGE_WRITE t-20260612-093433-1ce224 kind=escalate gap=35245s
[19:53:54] NUDGE_WRITE t-20260612-093433-1ce224 kind=escalate gap=35305s
[19:54:54] NUDGE_WRITE t-20260612-093433-1ce224 kind=escalate gap=35365s
[19:55:54] NUDGE_WRITE t-20260612-093433-1ce224 kind=escalate gap=35425s
[19:56:54] NUDGE_WRITE t-20260612-093433-1ce224 kind=escalate gap=35485s
[19:57:54] NUDGE_WRITE t-20260612-093433-1ce224 kind=escalate gap=35545s
[19:58:54] NUDGE_WRITE t-20260612-093433-1ce224 kind=escalate gap=35605s
[19:59:54] NUDGE_WRITE t-20260612-093433-1ce224 kind=escalate gap=35665s
[20:00:54] NUDGE_WRITE t-20260612-093433-1ce224 kind=escalate gap=35725s
[20:01:54] NUDGE_WRITE t-20260612-093433-1ce224 kind=escalate gap=35785s
[20:02:54] NUDGE_WRITE t-20260612-093433-1ce224 kind=escalate gap=35845s
[20:03:54] NUDGE_WRITE t-20260612-093433-1ce224 kind=escalate gap=35905s
[20:04:54] NUDGE_WRITE t-20260612-093433-1ce224 kind=escalate gap=35965s
[20:05:54] NUDGE_WRITE t-20260612-093433-1ce224 kind=escalate gap=36025s
[20:06:54] NUDGE_WRITE t-20260612-093433-1ce224 kind=escalate gap=36085s
[20:07:54] NUDGE_WRITE t-20260612-093433-1ce224 kind=escalate gap=36145s
[20:08:54] NUDGE_WRITE t-20260612-093433-1ce224 kind=escalate gap=36205s
[20:09:54] NUDGE_WRITE t-20260612-093433-1ce224 kind=escalate gap=36265s
[20:10:54] NUDGE_WRITE t-20260612-093433-1ce224 kind=escalate gap=36325s
[20:11:54] NUDGE_WRITE t-20260612-093433-1ce224 kind=escalate gap=36385s
[20:12:54] NUDGE_WRITE t-20260612-093433-1ce224 kind=escalate gap=36445s
[20:13:54] NUDGE_WRITE t-20260612-093433-1ce224 kind=escalate gap=36505s
[20:14:54] NUDGE_WRITE t-20260612-093433-1ce224 kind=escalate gap=36565s
[20:15:54] NUDGE_WRITE t-20260612-093433-1ce224 kind=escalate gap=36625s
[20:16:54] NUDGE_WRITE t-20260612-093433-1ce224 kind=escalate gap=36685s
[20:17:54] NUDGE_WRITE t-20260612-093433-1ce224 kind=escalate gap=36745s
[20:18:54] NUDGE_WRITE t-20260612-093433-1ce224 kind=escalate gap=36805s
[20:19:54] NUDGE_WRITE t-20260612-093433-1ce224 kind=escalate gap=36865s
[20:20:54] NUDGE_WRITE t-20260612-093433-1ce224 kind=escalate gap=36925s
[20:21:54] NUDGE_WRITE t-20260612-093433-1ce224 kind=escalate gap=36985s
[20:22:54] NUDGE_WRITE t-20260612-093433-1ce224 kind=escalate gap=37045s
[20:23:54] NUDGE_WRITE t-20260612-093433-1ce224 kind=escalate gap=37105s
[20:24:54] NUDGE_WRITE t-20260612-093433-1ce224 kind=escalate gap=37165s
[20:25:54] NUDGE_WRITE t-20260612-093433-1ce224 kind=escalate gap=37225s
[20:26:54] NUDGE_WRITE t-20260612-093433-1ce224 kind=escalate gap=37285s
[20:27:54] NUDGE_WRITE t-20260612-093433-1ce224 kind=escalate gap=37345s
[20:28:55] NUDGE_WRITE t-20260612-093433-1ce224 kind=escalate gap=37406s
[20:29:55] NUDGE_WRITE t-20260612-093433-1ce224 kind=escalate gap=37466s
[20:30:55] NUDGE_WRITE t-20260612-093433-1ce224 kind=escalate gap=37526s
[20:31:55] NUDGE_WRITE t-20260612-093433-1ce224 kind=escalate gap=37586s
[20:32:55] NUDGE_WRITE t-20260612-093433-1ce224 kind=escalate gap=37646s
[20:33:55] NUDGE_WRITE t-20260612-093433-1ce224 kind=escalate gap=37706s
[20:34:55] NUDGE_WRITE t-20260612-093433-1ce224 kind=escalate gap=37766s
[20:35:55] NUDGE_WRITE t-20260612-093433-1ce224 kind=escalate gap=37826s
[20:36:55] NUDGE_WRITE t-20260612-093433-1ce224 kind=escalate gap=37886s
[20:37:55] NUDGE_WRITE t-20260612-093433-1ce224 kind=escalate gap=37946s
[20:38:55] NUDGE_WRITE t-20260612-093433-1ce224 kind=escalate gap=38006s
[20:39:55] NUDGE_WRITE t-20260612-093433-1ce224 kind=escalate gap=38066s
[20:40:55] NUDGE_WRITE t-20260612-093433-1ce224 kind=escalate gap=38126s
[20:41:55] NUDGE_WRITE t-20260612-093433-1ce224 kind=escalate gap=38186s
[20:42:55] NUDGE_WRITE t-20260612-093433-1ce224 kind=escalate gap=38246s
[20:43:55] NUDGE_WRITE t-20260612-093433-1ce224 kind=escalate gap=38306s
[20:44:55] NUDGE_WRITE t-20260612-093433-1ce224 kind=escalate gap=38366s
[20:45:55] NUDGE_WRITE t-20260612-093433-1ce224 kind=escalate gap=38426s
[20:46:55] NUDGE_WRITE t-20260612-093433-1ce224 kind=escalate gap=38486s
[20:47:55] NUDGE_WRITE t-20260612-093433-1ce224 kind=escalate gap=38546s
[20:48:55] NUDGE_WRITE t-20260612-093433-1ce224 kind=escalate gap=38606s
[20:49:55] NUDGE_WRITE t-20260612-093433-1ce224 kind=escalate gap=38666s
[20:50:55] NUDGE_WRITE t-20260612-093433-1ce224 kind=escalate gap=38726s
[20:51:55] NUDGE_WRITE t-20260612-093433-1ce224 kind=escalate gap=38786s
[20:52:55] NUDGE_WRITE t-20260612-093433-1ce224 kind=escalate gap=38846s
[20:53:55] NUDGE_WRITE t-20260612-093433-1ce224 kind=escalate gap=38906s
[20:54:55] NUDGE_WRITE t-20260612-093433-1ce224 kind=escalate gap=38966s
[20:55:55] NUDGE_WRITE t-20260612-093433-1ce224 kind=escalate gap=39026s
[20:56:55] NUDGE_WRITE t-20260612-093433-1ce224 kind=escalate gap=39086s
[20:57:55] NUDGE_WRITE t-20260612-093433-1ce224 kind=escalate gap=39146s
[20:58:55] NUDGE_WRITE t-20260612-093433-1ce224 kind=escalate gap=39206s
[20:59:55] NUDGE_WRITE t-20260612-093433-1ce224 kind=escalate gap=39266s
[21:00:55] NUDGE_WRITE t-20260612-093433-1ce224 kind=escalate gap=39326s
[21:01:55] NUDGE_WRITE t-20260612-093433-1ce224 kind=escalate gap=39386s
[21:02:55] NUDGE_WRITE t-20260612-093433-1ce224 kind=escalate gap=39446s
[21:03:55] NUDGE_WRITE t-20260612-093433-1ce224 kind=escalate gap=39506s
[21:04:55] NUDGE_WRITE t-20260612-093433-1ce224 kind=escalate gap=39566s
[21:05:55] NUDGE_WRITE t-20260612-093433-1ce224 kind=escalate gap=39626s
[21:06:55] NUDGE_WRITE t-20260612-093433-1ce224 kind=escalate gap=39686s
[21:07:56] NUDGE_WRITE t-20260612-093433-1ce224 kind=escalate gap=39747s
[21:08:56] NUDGE_WRITE t-20260612-093433-1ce224 kind=escalate gap=39807s
[21:09:56] NUDGE_WRITE t-20260612-093433-1ce224 kind=escalate gap=39867s
[21:10:56] NUDGE_WRITE t-20260612-093433-1ce224 kind=escalate gap=39927s
[21:11:56] NUDGE_WRITE t-20260612-093433-1ce224 kind=escalate gap=39987s
[21:12:56] NUDGE_WRITE t-20260612-093433-1ce224 kind=escalate gap=40047s
[21:13:56] NUDGE_WRITE t-20260612-093433-1ce224 kind=escalate gap=40107s
[21:14:56] NUDGE_WRITE t-20260612-093433-1ce224 kind=escalate gap=40167s
[21:15:56] NUDGE_WRITE t-20260612-093433-1ce224 kind=escalate gap=40227s
[21:16:56] NUDGE_WRITE t-20260612-093433-1ce224 kind=escalate gap=40287s
[21:17:56] NUDGE_WRITE t-20260612-093433-1ce224 kind=escalate gap=40347s
[21:18:56] NUDGE_WRITE t-20260612-093433-1ce224 kind=escalate gap=40407s
[21:19:56] NUDGE_WRITE t-20260612-093433-1ce224 kind=escalate gap=40467s
[21:20:56] NUDGE_WRITE t-20260612-093433-1ce224 kind=escalate gap=40527s
[21:21:56] NUDGE_WRITE t-20260612-093433-1ce224 kind=escalate gap=40587s
[21:22:56] NUDGE_WRITE t-20260612-093433-1ce224 kind=escalate gap=40647s
[21:23:56] NUDGE_WRITE t-20260612-093433-1ce224 kind=escalate gap=40707s
[21:24:56] NUDGE_WRITE t-20260612-093433-1ce224 kind=escalate gap=40767s
[21:25:56] NUDGE_WRITE t-20260612-093433-1ce224 kind=escalate gap=40827s
[21:26:56] NUDGE_WRITE t-20260612-093433-1ce224 kind=escalate gap=40887s
[21:27:56] NUDGE_WRITE t-20260612-093433-1ce224 kind=escalate gap=40947s
[21:28:56] NUDGE_WRITE t-20260612-093433-1ce224 kind=escalate gap=41007s
[21:29:56] NUDGE_WRITE t-20260612-093433-1ce224 kind=escalate gap=41067s
[21:30:56] NUDGE_WRITE t-20260612-093433-1ce224 kind=escalate gap=41127s
[21:31:56] NUDGE_WRITE t-20260612-093433-1ce224 kind=escalate gap=41187s
[21:32:56] NUDGE_WRITE t-20260612-093433-1ce224 kind=escalate gap=41247s
[21:33:56] NUDGE_WRITE t-20260612-093433-1ce224 kind=escalate gap=41307s
[21:34:56] NUDGE_WRITE t-20260612-093433-1ce224 kind=escalate gap=41367s
[21:35:56] NUDGE_WRITE t-20260612-093433-1ce224 kind=escalate gap=41427s
[21:36:56] NUDGE_WRITE t-20260612-093433-1ce224 kind=escalate gap=41487s
[21:37:56] NUDGE_WRITE t-20260612-093433-1ce224 kind=escalate gap=41547s
[21:38:56] NUDGE_WRITE t-20260612-093433-1ce224 kind=escalate gap=41607s
[21:39:56] NUDGE_WRITE t-20260612-093433-1ce224 kind=escalate gap=41667s
[21:40:56] NUDGE_WRITE t-20260612-093433-1ce224 kind=escalate gap=41727s
[21:41:56] NUDGE_WRITE t-20260612-093433-1ce224 kind=escalate gap=41787s
[21:42:56] NUDGE_WRITE t-20260612-093433-1ce224 kind=escalate gap=41847s
[21:43:56] NUDGE_WRITE t-20260612-093433-1ce224 kind=escalate gap=41907s
[21:44:56] NUDGE_WRITE t-20260612-093433-1ce224 kind=escalate gap=41967s
[21:45:57] NUDGE_WRITE t-20260612-093433-1ce224 kind=escalate gap=42028s
[21:46:57] NUDGE_WRITE t-20260612-093433-1ce224 kind=escalate gap=42088s
[21:47:57] NUDGE_WRITE t-20260612-093433-1ce224 kind=escalate gap=42148s
[21:48:57] NUDGE_WRITE t-20260612-093433-1ce224 kind=escalate gap=42208s
[21:49:57] NUDGE_WRITE t-20260612-093433-1ce224 kind=escalate gap=42268s
[21:50:57] NUDGE_WRITE t-20260612-093433-1ce224 kind=escalate gap=42328s
[21:51:57] NUDGE_WRITE t-20260612-093433-1ce224 kind=escalate gap=42388s
[21:52:57] NUDGE_WRITE t-20260612-093433-1ce224 kind=escalate gap=42448s
[21:53:57] NUDGE_WRITE t-20260612-093433-1ce224 kind=escalate gap=42508s
[21:54:57] NUDGE_WRITE t-20260612-093433-1ce224 kind=escalate gap=42568s
[21:55:57] NUDGE_WRITE t-20260612-093433-1ce224 kind=escalate gap=42628s
[21:56:57] NUDGE_WRITE t-20260612-093433-1ce224 kind=escalate gap=42688s
[21:57:57] NUDGE_WRITE t-20260612-093433-1ce224 kind=escalate gap=42748s
[21:58:57] NUDGE_WRITE t-20260612-093433-1ce224 kind=escalate gap=42808s
[21:59:57] NUDGE_WRITE t-20260612-093433-1ce224 kind=escalate gap=42868s
[22:00:57] NUDGE_WRITE t-20260612-093433-1ce224 kind=escalate gap=42928s
[22:01:57] NUDGE_WRITE t-20260612-093433-1ce224 kind=escalate gap=42988s
[22:02:57] NUDGE_WRITE t-20260612-093433-1ce224 kind=escalate gap=43048s
[22:03:57] NUDGE_WRITE t-20260612-093433-1ce224 kind=escalate gap=43108s
[22:04:57] NUDGE_WRITE t-20260612-093433-1ce224 kind=escalate gap=43168s
[22:05:57] NUDGE_WRITE t-20260612-093433-1ce224 kind=escalate gap=43228s
[22:06:57] NUDGE_WRITE t-20260612-093433-1ce224 kind=escalate gap=43288s
[22:07:57] NUDGE_WRITE t-20260612-093433-1ce224 kind=escalate gap=43348s
[22:08:57] NUDGE_WRITE t-20260612-093433-1ce224 kind=escalate gap=43408s
[22:09:57] NUDGE_WRITE t-20260612-093433-1ce224 kind=escalate gap=43468s
[22:10:57] NUDGE_WRITE t-20260612-093433-1ce224 kind=escalate gap=43528s
[22:11:57] NUDGE_WRITE t-20260612-093433-1ce224 kind=escalate gap=43588s
[22:12:57] NUDGE_WRITE t-20260612-093433-1ce224 kind=escalate gap=43648s
[22:13:57] NUDGE_WRITE t-20260612-093433-1ce224 kind=escalate gap=43708s
[22:14:57] NUDGE_WRITE t-20260612-093433-1ce224 kind=escalate gap=43768s
[22:15:57] NUDGE_WRITE t-20260612-093433-1ce224 kind=escalate gap=43828s
[22:16:57] NUDGE_WRITE t-20260612-093433-1ce224 kind=escalate gap=43888s
[22:17:57] NUDGE_WRITE t-20260612-093433-1ce224 kind=escalate gap=43948s
[22:18:57] NUDGE_WRITE t-20260612-093433-1ce224 kind=escalate gap=44008s
[22:19:57] NUDGE_WRITE t-20260612-093433-1ce224 kind=escalate gap=44068s
[22:20:57] NUDGE_WRITE t-20260612-093433-1ce224 kind=escalate gap=44128s
[22:21:57] NUDGE_WRITE t-20260612-093433-1ce224 kind=escalate gap=44188s
[22:22:57] NUDGE_WRITE t-20260612-093433-1ce224 kind=escalate gap=44248s
[22:23:57] NUDGE_WRITE t-20260612-093433-1ce224 kind=escalate gap=44308s
[22:24:57] NUDGE_WRITE t-20260612-093433-1ce224 kind=escalate gap=44368s
[22:25:57] NUDGE_WRITE t-20260612-093433-1ce224 kind=escalate gap=44428s
[22:26:57] NUDGE_WRITE t-20260612-093433-1ce224 kind=escalate gap=44488s
[22:27:58] NUDGE_WRITE t-20260612-093433-1ce224 kind=escalate gap=44549s
[22:28:58] NUDGE_WRITE t-20260612-093433-1ce224 kind=escalate gap=44609s
[22:29:58] NUDGE_WRITE t-20260612-093433-1ce224 kind=escalate gap=44669s
[22:30:58] NUDGE_WRITE t-20260612-093433-1ce224 kind=escalate gap=44729s
[22:31:58] NUDGE_WRITE t-20260612-093433-1ce224 kind=escalate gap=44789s
[22:32:58] NUDGE_WRITE t-20260612-093433-1ce224 kind=escalate gap=44849s
[22:33:58] NUDGE_WRITE t-20260612-093433-1ce224 kind=escalate gap=44909s
[22:34:58] NUDGE_WRITE t-20260612-093433-1ce224 kind=escalate gap=44969s
[22:35:58] NUDGE_WRITE t-20260612-093433-1ce224 kind=escalate gap=45029s
[22:36:58] NUDGE_WRITE t-20260612-093433-1ce224 kind=escalate gap=45089s
[22:37:58] NUDGE_WRITE t-20260612-093433-1ce224 kind=escalate gap=45149s
[22:38:58] NUDGE_WRITE t-20260612-093433-1ce224 kind=escalate gap=45209s
[22:39:58] NUDGE_WRITE t-20260612-093433-1ce224 kind=escalate gap=45269s
[22:40:58] NUDGE_WRITE t-20260612-093433-1ce224 kind=escalate gap=45329s
[22:41:58] NUDGE_WRITE t-20260612-093433-1ce224 kind=escalate gap=45389s
[22:42:58] NUDGE_WRITE t-20260612-093433-1ce224 kind=escalate gap=45449s
[22:43:58] NUDGE_WRITE t-20260612-093433-1ce224 kind=escalate gap=45509s
[22:44:58] NUDGE_WRITE t-20260612-093433-1ce224 kind=escalate gap=45569s
[22:45:58] NUDGE_WRITE t-20260612-093433-1ce224 kind=escalate gap=45629s
[22:46:58] NUDGE_WRITE t-20260612-093433-1ce224 kind=escalate gap=45689s
[22:47:58] NUDGE_WRITE t-20260612-093433-1ce224 kind=escalate gap=45749s
[22:48:58] NUDGE_WRITE t-20260612-093433-1ce224 kind=escalate gap=45809s
[22:49:58] NUDGE_WRITE t-20260612-093433-1ce224 kind=escalate gap=45869s
[22:50:58] NUDGE_WRITE t-20260612-093433-1ce224 kind=escalate gap=45929s
[22:51:58] NUDGE_WRITE t-20260612-093433-1ce224 kind=escalate gap=45989s
[22:52:58] NUDGE_WRITE t-20260612-093433-1ce224 kind=escalate gap=46049s
[22:53:58] NUDGE_WRITE t-20260612-093433-1ce224 kind=escalate gap=46109s
[22:54:58] NUDGE_WRITE t-20260612-093433-1ce224 kind=escalate gap=46169s
[22:55:58] NUDGE_WRITE t-20260612-093433-1ce224 kind=escalate gap=46229s
[22:56:58] NUDGE_WRITE t-20260612-093433-1ce224 kind=escalate gap=46289s
[22:57:58] NUDGE_WRITE t-20260612-093433-1ce224 kind=escalate gap=46349s
[22:58:58] NUDGE_WRITE t-20260612-093433-1ce224 kind=escalate gap=46409s
[22:59:58] NUDGE_WRITE t-20260612-093433-1ce224 kind=escalate gap=46469s
[23:00:58] NUDGE_WRITE t-20260612-093433-1ce224 kind=escalate gap=46529s
[23:01:58] NUDGE_WRITE t-20260612-093433-1ce224 kind=escalate gap=46589s
[23:02:58] NUDGE_WRITE t-20260612-093433-1ce224 kind=escalate gap=46649s
[23:03:58] NUDGE_WRITE t-20260612-093433-1ce224 kind=escalate gap=46709s
[23:04:58] NUDGE_WRITE t-20260612-093433-1ce224 kind=escalate gap=46769s
[23:05:58] NUDGE_WRITE t-20260612-093433-1ce224 kind=escalate gap=46829s
[23:06:58] NUDGE_WRITE t-20260612-093433-1ce224 kind=escalate gap=46889s
[23:07:58] NUDGE_WRITE t-20260612-093433-1ce224 kind=escalate gap=46949s
[23:08:58] NUDGE_WRITE t-20260612-093433-1ce224 kind=escalate gap=47009s
[23:09:58] NUDGE_WRITE t-20260612-093433-1ce224 kind=escalate gap=47069s
[23:10:58] NUDGE_WRITE t-20260612-093433-1ce224 kind=escalate gap=47129s
[23:11:59] NUDGE_WRITE t-20260612-093433-1ce224 kind=escalate gap=47190s
[23:12:59] NUDGE_WRITE t-20260612-093433-1ce224 kind=escalate gap=47250s
[23:13:59] NUDGE_WRITE t-20260612-093433-1ce224 kind=escalate gap=47310s
[23:14:59] NUDGE_WRITE t-20260612-093433-1ce224 kind=escalate gap=47370s
[23:15:59] NUDGE_WRITE t-20260612-093433-1ce224 kind=escalate gap=47430s
[23:16:59] NUDGE_WRITE t-20260612-093433-1ce224 kind=escalate gap=47490s
[23:17:59] NUDGE_WRITE t-20260612-093433-1ce224 kind=escalate gap=47550s
[23:18:59] NUDGE_WRITE t-20260612-093433-1ce224 kind=escalate gap=47610s
[23:19:59] NUDGE_WRITE t-20260612-093433-1ce224 kind=escalate gap=47670s
[23:20:59] NUDGE_WRITE t-20260612-093433-1ce224 kind=escalate gap=47730s
[23:21:59] NUDGE_WRITE t-20260612-093433-1ce224 kind=escalate gap=47790s
[23:22:59] NUDGE_WRITE t-20260612-093433-1ce224 kind=escalate gap=47850s
[23:23:59] NUDGE_WRITE t-20260612-093433-1ce224 kind=escalate gap=47910s
[23:24:59] NUDGE_WRITE t-20260612-093433-1ce224 kind=escalate gap=47970s
[23:25:59] NUDGE_WRITE t-20260612-093433-1ce224 kind=escalate gap=48030s
[23:26:59] NUDGE_WRITE t-20260612-093433-1ce224 kind=escalate gap=48090s
[23:27:59] NUDGE_WRITE t-20260612-093433-1ce224 kind=escalate gap=48150s
[23:28:59] NUDGE_WRITE t-20260612-093433-1ce224 kind=escalate gap=48210s
[23:29:59] NUDGE_WRITE t-20260612-093433-1ce224 kind=escalate gap=48270s
[23:30:59] NUDGE_WRITE t-20260612-093433-1ce224 kind=escalate gap=48330s
[23:31:59] NUDGE_WRITE t-20260612-093433-1ce224 kind=escalate gap=48390s
[23:32:59] NUDGE_WRITE t-20260612-093433-1ce224 kind=escalate gap=48450s
[23:33:59] NUDGE_WRITE t-20260612-093433-1ce224 kind=escalate gap=48510s
[23:34:59] NUDGE_WRITE t-20260612-093433-1ce224 kind=escalate gap=48570s
[23:35:59] NUDGE_WRITE t-20260612-093433-1ce224 kind=escalate gap=48630s
[23:36:59] NUDGE_WRITE t-20260612-093433-1ce224 kind=escalate gap=48690s
[23:37:59] NUDGE_WRITE t-20260612-093433-1ce224 kind=escalate gap=48750s
[23:38:59] NUDGE_WRITE t-20260612-093433-1ce224 kind=escalate gap=48810s
[23:39:59] NUDGE_WRITE t-20260612-093433-1ce224 kind=escalate gap=48870s
[23:40:59] NUDGE_WRITE t-20260612-093433-1ce224 kind=escalate gap=48930s
[23:41:59] NUDGE_WRITE t-20260612-093433-1ce224 kind=escalate gap=48990s
[23:42:59] NUDGE_WRITE t-20260612-093433-1ce224 kind=escalate gap=49050s
[23:43:59] NUDGE_WRITE t-20260612-093433-1ce224 kind=escalate gap=49110s
[23:44:59] NUDGE_WRITE t-20260612-093433-1ce224 kind=escalate gap=49170s
[23:45:59] NUDGE_WRITE t-20260612-093433-1ce224 kind=escalate gap=49230s
[23:46:59] NUDGE_WRITE t-20260612-093433-1ce224 kind=escalate gap=49290s
[23:47:59] NUDGE_WRITE t-20260612-093433-1ce224 kind=escalate gap=49350s
[23:48:59] NUDGE_WRITE t-20260612-093433-1ce224 kind=escalate gap=49410s
[23:49:59] NUDGE_WRITE t-20260612-093433-1ce224 kind=escalate gap=49470s
[23:50:59] NUDGE_WRITE t-20260612-093433-1ce224 kind=escalate gap=49530s
[23:51:59] NUDGE_WRITE t-20260612-093433-1ce224 kind=escalate gap=49590s
[23:52:59] NUDGE_WRITE t-20260612-093433-1ce224 kind=escalate gap=49650s
[23:53:59] NUDGE_WRITE t-20260612-093433-1ce224 kind=escalate gap=49710s
[23:54:59] NUDGE_WRITE t-20260612-093433-1ce224 kind=escalate gap=49770s
[23:55:59] NUDGE_WRITE t-20260612-093433-1ce224 kind=escalate gap=49830s
[23:57:00] NUDGE_WRITE t-20260612-093433-1ce224 kind=escalate gap=49891s
[23:58:00] NUDGE_WRITE t-20260612-093433-1ce224 kind=escalate gap=49951s
[23:59:00] NUDGE_WRITE t-20260612-093433-1ce224 kind=escalate gap=50011s
