2026-06-02 04:33:04 Loaded main app package C:\Program Files\Obsidian\resources\obsidian.asar
2026-06-02 04:33:05 Checking for update using Github
2026-06-02 04:33:43 Failed to check for update using Github (net::ERR_CONNECTION_RESET)
2026-06-02 04:33:43 Checking for update using obsidian.md
2026-06-02 04:33:44 Failed to check for update using obsidian.md (Unexpected end of JSON input)
2026-06-02 05:33:04 Checking for update using Github
2026-06-02 05:33:04 Success.
2026-06-02 05:33:04 Latest version is 1.12.7
2026-06-02 05:33:04 App is up to date.
2026-06-02 06:33:04 Checking for update using Github
2026-06-02 06:33:04 Success.
2026-06-02 06:33:04 Latest version is 1.12.7
2026-06-02 06:33:04 App is up to date.
2026-06-02 07:33:04 Checking for update using Github
2026-06-02 07:33:05 Success.
2026-06-02 07:33:05 Latest version is 1.12.7
2026-06-02 07:33:05 App is up to date.
2026-06-02 13:07:59 Loaded main app package C:\Program Files\Obsidian\resources\obsidian.asar
2026-06-02 13:07:59 Checking for update using Github
2026-06-02 13:08:30 Failed to check for update using Github (net::ERR_CONNECTION_RESET)
2026-06-02 13:08:30 Checking for update using obsidian.md
2026-06-02 13:08:31 Failed to check for update using obsidian.md (Unexpected end of JSON input)
2026-06-02 14:07:59 Checking for update using Github
2026-06-02 14:07:59 Success.
2026-06-02 14:07:59 Latest version is 1.12.7
2026-06-02 14:07:59 App is up to date.
2026-06-02 15:07:59 Checking for update using Github
2026-06-02 15:08:00 Success.
2026-06-02 15:08:00 Latest version is 1.12.7
2026-06-02 15:08:00 App is up to date.
2026-06-02 16:07:59 Checking for update using Github
2026-06-02 16:07:59 Success.
2026-06-02 16:07:59 Latest version is 1.12.7
2026-06-02 16:07:59 App is up to date.
2026-06-02 17:07:59 Checking for update using Github
2026-06-02 17:08:00 Success.
2026-06-02 17:08:00 Latest version is 1.12.7
2026-06-02 17:08:00 App is up to date.
2026-06-02 18:07:59 Checking for update using Github
2026-06-02 18:08:00 Success.
2026-06-02 18:08:00 Latest version is 1.12.7
2026-06-02 18:08:00 App is up to date.
2026-06-02 19:07:59 Checking for update using Github
2026-06-02 19:08:00 Success.
2026-06-02 19:08:00 Latest version is 1.12.7
2026-06-02 19:08:00 App is up to date.
2026-06-02 20:07:59 Checking for update using Github
2026-06-02 20:08:00 Success.
2026-06-02 20:08:00 Latest version is 1.12.7
2026-06-02 20:08:00 App is up to date.
2026-06-02 21:07:59 Checking for update using Github
2026-06-02 21:08:00 Success.
2026-06-02 21:08:00 Latest version is 1.12.7
2026-06-02 21:08:00 App is up to date.
2026-06-02 22:07:59 Checking for update using Github
2026-06-02 22:08:42 Failed to check for update using Github (net::ERR_CONNECTION_RESET)
2026-06-02 22:08:42 Checking for update using obsidian.md
2026-06-02 22:08:42 Failed to check for update using obsidian.md (Unexpected end of JSON input)
2026-06-02 23:07:59 Checking for update using Github
2026-06-02 23:08:36 Failed to check for update using Github (net::ERR_CONNECTION_RESET)
2026-06-02 23:08:36 Checking for update using obsidian.md
2026-06-02 23:08:36 Failed to check for update using obsidian.md (Unexpected end of JSON input)
2026-06-03 00:07:59 Checking for update using Github
2026-06-03 00:08:00 Success.
2026-06-03 00:08:00 Latest version is 1.12.7
2026-06-03 00:08:00 App is up to date.
2026-06-03 01:07:59 Checking for update using Github
2026-06-03 01:08:00 Success.
2026-06-03 01:08:00 Latest version is 1.12.7
2026-06-03 01:08:00 App is up to date.
2026-06-03 02:07:59 Checking for update using Github
2026-06-03 02:08:00 Success.
2026-06-03 02:08:00 Latest version is 1.12.7
2026-06-03 02:08:00 App is up to date.
2026-06-03 03:07:59 Checking for update using Github
2026-06-03 03:08:01 Success.
2026-06-03 03:08:01 Latest version is 1.12.7
2026-06-03 03:08:01 App is up to date.
2026-06-03 03:43:26 Loaded main app package C:\Program Files\Obsidian\resources\obsidian.asar
2026-06-03 03:43:26 Checking for update using Github
2026-06-03 03:43:27 Success.
2026-06-03 03:43:27 Latest version is 1.12.7
2026-06-03 03:43:27 App is up to date.
2026-06-03 04:43:26 Checking for update using Github
2026-06-03 04:43:27 Success.
2026-06-03 04:43:27 Latest version is 1.12.7
2026-06-03 04:43:27 App is up to date.
2026-06-03 05:43:26 Checking for update using Github
2026-06-03 05:43:27 Success.
2026-06-03 05:43:27 Latest version is 1.12.7
2026-06-03 05:43:27 App is up to date.
2026-06-03 06:43:26 Checking for update using Github
2026-06-03 06:43:52 Success.
2026-06-03 06:43:52 Latest version is 1.12.7
2026-06-03 06:43:52 App is up to date.
2026-06-03 07:43:26 Checking for update using Github
2026-06-03 07:43:27 Success.
2026-06-03 07:43:27 Latest version is 1.12.7
2026-06-03 07:43:27 App is up to date.
2026-06-03 08:43:26 Checking for update using Github
2026-06-03 08:43:35 Success.
2026-06-03 08:43:35 Latest version is 1.12.7
2026-06-03 08:43:35 App is up to date.
2026-06-03 09:43:26 Checking for update using Github
2026-06-03 09:43:53 Failed to check for update using Github (net::ERR_CONNECTION_RESET)
2026-06-03 09:43:53 Checking for update using obsidian.md
2026-06-03 09:43:53 Failed to check for update using obsidian.md (Unexpected end of JSON input)
2026-06-03 10:43:26 Checking for update using Github
2026-06-03 10:43:53 Failed to check for update using Github (net::ERR_CONNECTION_RESET)
2026-06-03 10:43:53 Checking for update using obsidian.md
2026-06-03 10:43:53 Failed to check for update using obsidian.md (Unexpected end of JSON input)
2026-06-03 11:43:26 Checking for update using Github
2026-06-03 11:43:43 Success.
2026-06-03 11:43:43 Latest version is 1.12.7
2026-06-03 11:43:43 App is up to date.
2026-06-03 12:43:26 Checking for update using Github
2026-06-03 12:44:03 Failed to check for update using Github (net::ERR_CONNECTION_RESET)
2026-06-03 12:44:03 Checking for update using obsidian.md
2026-06-03 12:44:04 Failed to check for update using obsidian.md (Unexpected end of JSON input)
2026-06-03 13:43:26 Checking for update using Github
2026-06-03 13:43:27 Success.
2026-06-03 13:43:27 Latest version is 1.12.7
2026-06-03 13:43:27 App is up to date.
2026-06-03 14:43:26 Checking for update using Github
2026-06-03 14:43:27 Success.
2026-06-03 14:43:27 Latest version is 1.12.7
2026-06-03 14:43:27 App is up to date.
2026-06-03 15:43:26 Checking for update using Github
2026-06-03 15:43:53 Failed to check for update using Github (net::ERR_CONNECTION_RESET)
2026-06-03 15:43:53 Checking for update using obsidian.md
2026-06-03 15:43:54 Failed to check for update using obsidian.md (Unexpected end of JSON input)
2026-06-03 16:43:26 Checking for update using Github
2026-06-03 16:43:28 Success.
2026-06-03 16:43:28 Latest version is 1.12.7
2026-06-03 16:43:28 App is up to date.
2026-06-03 17:43:26 Checking for update using Github
2026-06-03 17:43:27 Success.
2026-06-03 17:43:27 Latest version is 1.12.7
2026-06-03 17:43:27 App is up to date.
2026-06-03 18:43:26 Checking for update using Github
2026-06-03 18:43:27 Success.
2026-06-03 18:43:27 Latest version is 1.12.7
2026-06-03 18:43:27 App is up to date.
2026-06-03 19:43:26 Checking for update using Github
2026-06-03 19:43:51 Failed to check for update using Github (net::ERR_CONNECTION_RESET)
2026-06-03 19:43:51 Checking for update using obsidian.md
2026-06-03 19:43:51 Failed to check for update using obsidian.md (Unexpected end of JSON input)
2026-06-03 20:43:26 Checking for update using Github
2026-06-03 20:43:27 Success.
2026-06-03 20:43:27 Latest version is 1.12.7
2026-06-03 20:43:27 App is up to date.
2026-06-03 21:43:26 Checking for update using Github
2026-06-03 21:43:27 Success.
2026-06-03 21:43:27 Latest version is 1.12.7
2026-06-03 21:43:27 App is up to date.
2026-06-03 22:43:26 Checking for update using Github
2026-06-03 22:44:02 Failed to check for update using Github (net::ERR_CONNECTION_RESET)
2026-06-03 22:44:02 Checking for update using obsidian.md
2026-06-03 22:44:03 Failed to check for update using obsidian.md (Unexpected end of JSON input)
2026-06-03 23:43:26 Checking for update using Github
2026-06-03 23:43:27 Success.
2026-06-03 23:43:27 Latest version is 1.12.7
2026-06-03 23:43:27 App is up to date.
2026-06-04 00:43:26 Checking for update using Github
2026-06-04 00:43:27 Success.
2026-06-04 00:43:27 Latest version is 1.12.7
2026-06-04 00:43:27 App is up to date.
2026-06-04 01:43:26 Checking for update using Github
2026-06-04 01:44:03 Failed to check for update using Github (net::ERR_CONNECTION_RESET)
2026-06-04 01:44:03 Checking for update using obsidian.md
2026-06-04 01:44:03 Failed to check for update using obsidian.md (Unexpected end of JSON input)
2026-06-04 02:43:26 Checking for update using Github
2026-06-04 02:43:27 Success.
2026-06-04 02:43:27 Latest version is 1.12.7
2026-06-04 02:43:27 App is up to date.
2026-06-04 03:43:26 Checking for update using Github
2026-06-04 03:43:58 Failed to check for update using Github (net::ERR_CONNECTION_RESET)
2026-06-04 03:43:58 Checking for update using obsidian.md
2026-06-04 03:43:58 Failed to check for update using obsidian.md (Unexpected end of JSON input)
2026-06-04 04:43:26 Checking for update using Github
2026-06-04 04:44:04 Failed to check for update using Github (net::ERR_CONNECTION_RESET)
2026-06-04 04:44:04 Checking for update using obsidian.md
2026-06-04 04:44:04 Failed to check for update using obsidian.md (Unexpected end of JSON input)
2026-06-04 05:43:26 Checking for update using Github
2026-06-04 05:43:28 Success.
2026-06-04 05:43:28 Latest version is 1.12.7
2026-06-04 05:43:28 App is up to date.
2026-06-04 06:43:27 Checking for update using Github
2026-06-04 06:43:28 Success.
2026-06-04 06:43:28 Latest version is 1.12.7
2026-06-04 06:43:28 App is up to date.
2026-06-04 07:43:27 Checking for update using Github
2026-06-04 07:43:27 Success.
2026-06-04 07:43:27 Latest version is 1.12.7
2026-06-04 07:43:27 App is up to date.
2026-06-04 08:43:27 Checking for update using Github
2026-06-04 08:44:05 Failed to check for update using Github (net::ERR_CONNECTION_RESET)
2026-06-04 08:44:05 Checking for update using obsidian.md
2026-06-04 08:44:06 Failed to check for update using obsidian.md (Unexpected end of JSON input)
2026-06-04 09:43:27 Checking for update using Github
2026-06-04 09:44:06 Failed to check for update using Github (net::ERR_CONNECTION_RESET)
2026-06-04 09:44:06 Checking for update using obsidian.md
2026-06-04 09:44:07 Failed to check for update using obsidian.md (Unexpected end of JSON input)
2026-06-04 10:43:27 Checking for update using Github
2026-06-04 10:43:52 Failed to check for update using Github (net::ERR_CONNECTION_RESET)
2026-06-04 10:43:52 Checking for update using obsidian.md
2026-06-04 10:43:53 Failed to check for update using obsidian.md (Unexpected end of JSON input)
2026-06-04 11:43:27 Checking for update using Github
2026-06-04 11:43:27 Success.
2026-06-04 11:43:27 Latest version is 1.12.7
2026-06-04 11:43:27 App is up to date.
2026-06-04 12:43:27 Checking for update using Github
2026-06-04 12:43:27 Success.
2026-06-04 12:43:27 Latest version is 1.12.7
2026-06-04 12:43:27 App is up to date.
2026-06-04 13:43:27 Checking for update using Github
2026-06-04 13:43:27 Success.
2026-06-04 13:43:27 Latest version is 1.12.7
2026-06-04 13:43:27 App is up to date.
2026-06-04 14:43:27 Checking for update using Github
2026-06-04 14:43:27 Success.
2026-06-04 14:43:27 Latest version is 1.12.7
2026-06-04 14:43:27 App is up to date.
2026-06-04 15:43:27 Checking for update using Github
2026-06-04 15:43:27 Success.
2026-06-04 15:43:27 Latest version is 1.12.7
2026-06-04 15:43:27 App is up to date.
2026-06-04 16:43:27 Checking for update using Github
2026-06-04 16:43:27 Success.
2026-06-04 16:43:27 Latest version is 1.12.7
2026-06-04 16:43:27 App is up to date.
2026-06-04 17:43:27 Checking for update using Github
2026-06-04 17:43:53 Failed to check for update using Github (net::ERR_CONNECTION_RESET)
2026-06-04 17:43:53 Checking for update using obsidian.md
2026-06-04 17:43:53 Failed to check for update using obsidian.md (Unexpected end of JSON input)
2026-06-04 18:43:27 Checking for update using Github
2026-06-04 18:43:28 Success.
2026-06-04 18:43:28 Latest version is 1.12.7
2026-06-04 18:43:28 App is up to date.
2026-06-04 19:43:27 Checking for update using Github
2026-06-04 19:43:27 Success.
2026-06-04 19:43:27 Latest version is 1.12.7
2026-06-04 19:43:27 App is up to date.
2026-06-04 20:43:27 Checking for update using Github
2026-06-04 20:43:27 Success.
2026-06-04 20:43:27 Latest version is 1.12.7
2026-06-04 20:43:27 App is up to date.
2026-06-04 21:43:27 Checking for update using Github
2026-06-04 21:43:28 Success.
2026-06-04 21:43:28 Latest version is 1.12.7
2026-06-04 21:43:28 App is up to date.
2026-06-04 22:43:27 Checking for update using Github
2026-06-04 22:43:27 Success.
2026-06-04 22:43:27 Latest version is 1.12.7
2026-06-04 22:43:27 App is up to date.
2026-06-04 23:43:27 Checking for update using Github
2026-06-04 23:43:28 Success.
2026-06-04 23:43:28 Latest version is 1.12.7
2026-06-04 23:43:28 App is up to date.
2026-06-05 00:43:27 Checking for update using Github
2026-06-05 00:43:54 Failed to check for update using Github (net::ERR_CONNECTION_RESET)
2026-06-05 00:43:54 Checking for update using obsidian.md
2026-06-05 00:43:54 Failed to check for update using obsidian.md (Unexpected end of JSON input)
2026-06-05 01:43:27 Checking for update using Github
2026-06-05 01:44:05 Failed to check for update using Github (net::ERR_CONNECTION_RESET)
2026-06-05 01:44:05 Checking for update using obsidian.md
2026-06-05 01:44:05 Failed to check for update using obsidian.md (Unexpected end of JSON input)
2026-06-05 02:43:27 Checking for update using Github
2026-06-05 02:43:55 Failed to check for update using Github (net::ERR_CONNECTION_RESET)
2026-06-05 02:43:55 Checking for update using obsidian.md
2026-06-05 02:43:56 Failed to check for update using obsidian.md (Unexpected end of JSON input)
2026-06-05 03:43:27 Checking for update using Github
2026-06-05 03:43:28 Success.
2026-06-05 03:43:28 Latest version is 1.12.7
2026-06-05 03:43:28 App is up to date.
2026-06-05 04:43:27 Checking for update using Github
2026-06-05 04:43:28 Success.
2026-06-05 04:43:28 Latest version is 1.12.7
2026-06-05 04:43:28 App is up to date.
2026-06-05 05:26:14 Loaded main app package C:\Program Files\Obsidian\resources\obsidian.asar
2026-06-05 05:43:27 Checking for update using Github
2026-06-05 05:43:28 Success.
2026-06-05 05:43:28 Latest version is 1.12.7
2026-06-05 05:43:28 App is up to date.
2026-06-05 06:43:27 Checking for update using Github
2026-06-05 06:43:28 Success.
2026-06-05 06:43:28 Latest version is 1.12.7
2026-06-05 06:43:28 App is up to date.
2026-06-05 07:43:27 Checking for update using Github
2026-06-05 07:43:28 Success.
2026-06-05 07:43:28 Latest version is 1.12.7
2026-06-05 07:43:28 App is up to date.
2026-06-05 08:43:27 Checking for update using Github
2026-06-05 08:44:06 Failed to check for update using Github (net::ERR_CONNECTION_RESET)
2026-06-05 08:44:06 Checking for update using obsidian.md
2026-06-05 08:44:07 Failed to check for update using obsidian.md (Unexpected end of JSON input)
2026-06-05 09:43:27 Checking for update using Github
2026-06-05 09:43:28 Success.
2026-06-05 09:43:28 Latest version is 1.12.7
2026-06-05 09:43:28 App is up to date.
2026-06-05 10:43:27 Checking for update using Github
2026-06-05 10:43:28 Success.
2026-06-05 10:43:28 Latest version is 1.12.7
2026-06-05 10:43:28 App is up to date.
2026-06-05 11:43:27 Checking for update using Github
2026-06-05 11:43:28 Success.
2026-06-05 11:43:28 Latest version is 1.12.7
2026-06-05 11:43:28 App is up to date.
2026-06-05 12:43:27 Checking for update using Github
2026-06-05 12:44:05 Failed to check for update using Github (net::ERR_CONNECTION_RESET)
2026-06-05 12:44:05 Checking for update using obsidian.md
2026-06-05 12:44:06 Failed to check for update using obsidian.md (Unexpected end of JSON input)
2026-06-05 13:43:27 Checking for update using Github
2026-06-05 13:43:29 Success.
2026-06-05 13:43:29 Latest version is 1.12.7
2026-06-05 13:43:29 App is up to date.
2026-06-05 14:43:27 Checking for update using Github
2026-06-05 14:43:29 Success.
2026-06-05 14:43:29 Latest version is 1.12.7
2026-06-05 14:43:29 App is up to date.
2026-06-05 15:43:27 Checking for update using Github
2026-06-05 15:43:29 Success.
2026-06-05 15:43:29 Latest version is 1.12.7
2026-06-05 15:43:29 App is up to date.
2026-06-05 16:43:27 Checking for update using Github
2026-06-05 16:43:28 Success.
2026-06-05 16:43:28 Latest version is 1.12.7
2026-06-05 16:43:28 App is up to date.
2026-06-05 17:43:27 Checking for update using Github
2026-06-05 17:43:28 Success.
2026-06-05 17:43:28 Latest version is 1.12.7
2026-06-05 17:43:28 App is up to date.
2026-06-05 18:43:27 Checking for update using Github
2026-06-05 18:43:28 Success.
2026-06-05 18:43:28 Latest version is 1.12.7
2026-06-05 18:43:28 App is up to date.
2026-06-05 19:43:27 Checking for update using Github
2026-06-05 19:43:28 Success.
2026-06-05 19:43:28 Latest version is 1.12.7
2026-06-05 19:43:28 App is up to date.
2026-06-05 20:43:27 Checking for update using Github
2026-06-05 20:43:28 Success.
2026-06-05 20:43:28 Latest version is 1.12.7
2026-06-05 20:43:28 App is up to date.
2026-06-05 21:43:27 Checking for update using Github
2026-06-05 21:43:28 Success.
2026-06-05 21:43:28 Latest version is 1.12.7
2026-06-05 21:43:28 App is up to date.
2026-06-05 22:43:27 Checking for update using Github
2026-06-05 22:43:52 Failed to check for update using Github (net::ERR_CONNECTION_RESET)
2026-06-05 22:43:52 Checking for update using obsidian.md
2026-06-05 22:43:53 Failed to check for update using obsidian.md (Unexpected end of JSON input)
2026-06-05 23:43:28 Checking for update using Github
2026-06-05 23:43:28 Success.
2026-06-05 23:43:28 Latest version is 1.12.7
2026-06-05 23:43:28 App is up to date.
2026-06-06 00:43:28 Checking for update using Github
2026-06-06 00:43:28 Success.
2026-06-06 00:43:28 Latest version is 1.12.7
2026-06-06 00:43:28 App is up to date.
2026-06-06 01:43:28 Checking for update using Github
2026-06-06 01:43:28 Success.
2026-06-06 01:43:28 Latest version is 1.12.7
2026-06-06 01:43:28 App is up to date.
2026-06-06 02:43:28 Checking for update using Github
2026-06-06 02:43:28 Success.
2026-06-06 02:43:28 Latest version is 1.12.7
2026-06-06 02:43:28 App is up to date.
2026-06-06 03:43:28 Checking for update using Github
2026-06-06 03:43:29 Success.
2026-06-06 03:43:29 Latest version is 1.12.7
2026-06-06 03:43:29 App is up to date.
2026-06-06 04:43:28 Checking for update using Github
2026-06-06 04:43:28 Success.
2026-06-06 04:43:28 Latest version is 1.12.7
2026-06-06 04:43:28 App is up to date.
2026-06-06 05:43:28 Checking for update using Github
2026-06-06 05:43:28 Success.
2026-06-06 05:43:28 Latest version is 1.12.7
2026-06-06 05:43:28 App is up to date.
2026-06-06 06:43:28 Checking for update using Github
2026-06-06 06:43:28 Success.
2026-06-06 06:43:28 Latest version is 1.12.7
2026-06-06 06:43:28 App is up to date.
2026-06-06 07:43:28 Checking for update using Github
2026-06-06 07:44:06 Failed to check for update using Github (net::ERR_CONNECTION_RESET)
2026-06-06 07:44:06 Checking for update using obsidian.md
2026-06-06 07:44:06 Failed to check for update using obsidian.md (Unexpected end of JSON input)
2026-06-06 08:43:28 Checking for update using Github
2026-06-06 08:43:28 Success.
2026-06-06 08:43:28 Latest version is 1.12.7
2026-06-06 08:43:28 App is up to date.
2026-06-06 09:43:28 Checking for update using Github
2026-06-06 09:43:28 Success.
2026-06-06 09:43:28 Latest version is 1.12.7
2026-06-06 09:43:28 App is up to date.
2026-06-06 10:43:28 Checking for update using Github
2026-06-06 10:43:28 Success.
2026-06-06 10:43:28 Latest version is 1.12.7
2026-06-06 10:43:28 App is up to date.
2026-06-06 11:43:28 Checking for update using Github
2026-06-06 11:43:29 Success.
2026-06-06 11:43:29 Latest version is 1.12.7
2026-06-06 11:43:29 App is up to date.
2026-06-06 12:43:28 Checking for update using Github
2026-06-06 12:43:28 Success.
2026-06-06 12:43:28 Latest version is 1.12.7
2026-06-06 12:43:28 App is up to date.
2026-06-06 13:43:28 Checking for update using Github
2026-06-06 13:43:55 Failed to check for update using Github (net::ERR_CONNECTION_RESET)
2026-06-06 13:43:55 Checking for update using obsidian.md
2026-06-06 13:43:55 Failed to check for update using obsidian.md (Unexpected end of JSON input)
2026-06-06 14:43:28 Checking for update using Github
2026-06-06 14:43:30 Success.
2026-06-06 14:43:30 Latest version is 1.12.7
2026-06-06 14:43:30 App is up to date.
2026-06-06 15:43:28 Checking for update using Github
2026-06-06 15:43:30 Success.
2026-06-06 15:43:30 Latest version is 1.12.7
2026-06-06 15:43:30 App is up to date.
2026-06-06 16:43:28 Checking for update using Github
2026-06-06 16:43:29 Success.
2026-06-06 16:43:29 Latest version is 1.12.7
2026-06-06 16:43:29 App is up to date.
2026-06-06 17:43:28 Checking for update using Github
2026-06-06 17:44:04 Failed to check for update using Github (net::ERR_CONNECTION_RESET)
2026-06-06 17:44:04 Checking for update using obsidian.md
2026-06-06 17:44:05 Failed to check for update using obsidian.md (Unexpected end of JSON input)
2026-06-06 18:43:28 Checking for update using Github
2026-06-06 18:43:28 Success.
2026-06-06 18:43:28 Latest version is 1.12.7
2026-06-06 18:43:28 App is up to date.
2026-06-06 19:43:28 Checking for update using Github
2026-06-06 19:43:28 Success.
2026-06-06 19:43:28 Latest version is 1.12.7
2026-06-06 19:43:28 App is up to date.
2026-06-06 20:43:28 Checking for update using Github
2026-06-06 20:43:29 Success.
2026-06-06 20:43:29 Latest version is 1.12.7
2026-06-06 20:43:29 App is up to date.
2026-06-06 21:43:28 Checking for update using Github
2026-06-06 21:43:29 Success.
2026-06-06 21:43:29 Latest version is 1.12.7
2026-06-06 21:43:29 App is up to date.
2026-06-06 22:43:28 Checking for update using Github
2026-06-06 22:43:29 Success.
2026-06-06 22:43:29 Latest version is 1.12.7
2026-06-06 22:43:29 App is up to date.
2026-06-06 23:43:28 Checking for update using Github
2026-06-06 23:44:04 Failed to check for update using Github (net::ERR_CONNECTION_RESET)
2026-06-06 23:44:04 Checking for update using obsidian.md
2026-06-06 23:44:05 Failed to check for update using obsidian.md (Unexpected end of JSON input)
2026-06-07 00:43:28 Checking for update using Github
2026-06-07 00:43:29 Success.
2026-06-07 00:43:29 Latest version is 1.12.7
2026-06-07 00:43:29 App is up to date.
2026-06-07 01:43:28 Checking for update using Github
2026-06-07 01:43:54 Failed to check for update using Github (net::ERR_CONNECTION_RESET)
2026-06-07 01:43:54 Checking for update using obsidian.md
2026-06-07 01:43:55 Failed to check for update using obsidian.md (Unexpected end of JSON input)
2026-06-07 02:43:28 Checking for update using Github
2026-06-07 02:43:29 Success.
2026-06-07 02:43:29 Latest version is 1.12.7
2026-06-07 02:43:29 App is up to date.
2026-06-07 03:43:28 Checking for update using Github
2026-06-07 03:43:29 Success.
2026-06-07 03:43:29 Latest version is 1.12.7
2026-06-07 03:43:29 App is up to date.
2026-06-07 04:43:28 Checking for update using Github
2026-06-07 04:43:29 Success.
2026-06-07 04:43:29 Latest version is 1.12.7
2026-06-07 04:43:29 App is up to date.
2026-06-07 05:43:28 Checking for update using Github
2026-06-07 05:43:29 Success.
2026-06-07 05:43:29 Latest version is 1.12.7
2026-06-07 05:43:29 App is up to date.
2026-06-07 06:43:28 Checking for update using Github
2026-06-07 06:43:30 Success.
2026-06-07 06:43:30 Latest version is 1.12.7
2026-06-07 06:43:30 App is up to date.
2026-06-07 07:43:28 Checking for update using Github
2026-06-07 07:43:29 Success.
2026-06-07 07:43:29 Latest version is 1.12.7
2026-06-07 07:43:29 App is up to date.
2026-06-07 08:43:28 Checking for update using Github
2026-06-07 08:43:29 Success.
2026-06-07 08:43:29 Latest version is 1.12.7
2026-06-07 08:43:29 App is up to date.
2026-06-07 09:43:28 Checking for update using Github
2026-06-07 09:43:30 Success.
2026-06-07 09:43:30 Latest version is 1.12.7
2026-06-07 09:43:30 App is up to date.
2026-06-07 10:43:28 Checking for update using Github
2026-06-07 10:43:55 Failed to check for update using Github (net::ERR_CONNECTION_RESET)
2026-06-07 10:43:55 Checking for update using obsidian.md
2026-06-07 10:43:57 Failed to check for update using obsidian.md (Unexpected end of JSON input)
2026-06-07 11:43:28 Checking for update using Github
2026-06-07 11:43:30 Success.
2026-06-07 11:43:30 Latest version is 1.12.7
2026-06-07 11:43:30 App is up to date.
2026-06-07 12:43:28 Checking for update using Github
2026-06-07 12:43:29 Success.
2026-06-07 12:43:29 Latest version is 1.12.7
2026-06-07 12:43:29 App is up to date.
2026-06-07 13:43:28 Checking for update using Github
2026-06-07 13:43:30 Success.
2026-06-07 13:43:30 Latest version is 1.12.7
2026-06-07 13:43:30 App is up to date.
2026-06-07 14:43:28 Checking for update using Github
2026-06-07 14:43:29 Success.
2026-06-07 14:43:29 Latest version is 1.12.7
2026-06-07 14:43:29 App is up to date.
2026-06-07 15:43:28 Checking for update using Github
2026-06-07 15:43:30 Success.
2026-06-07 15:43:30 Latest version is 1.12.7
2026-06-07 15:43:30 App is up to date.
2026-06-07 16:43:29 Checking for update using Github
2026-06-07 16:44:08 Failed to check for update using Github (net::ERR_CONNECTION_RESET)
2026-06-07 16:44:08 Checking for update using obsidian.md
2026-06-07 16:44:08 Failed to check for update using obsidian.md (Unexpected end of JSON input)
2026-06-07 17:43:29 Checking for update using Github
2026-06-07 17:43:55 Failed to check for update using Github (net::ERR_CONNECTION_RESET)
2026-06-07 17:43:55 Checking for update using obsidian.md
2026-06-07 17:43:56 Failed to check for update using obsidian.md (Unexpected end of JSON input)
2026-06-07 18:43:29 Checking for update using Github
2026-06-07 18:43:29 Success.
2026-06-07 18:43:29 Latest version is 1.12.7
2026-06-07 18:43:29 App is up to date.
2026-06-07 19:43:29 Checking for update using Github
2026-06-07 19:43:29 Success.
2026-06-07 19:43:29 Latest version is 1.12.7
2026-06-07 19:43:29 App is up to date.
2026-06-07 20:43:29 Checking for update using Github
2026-06-07 20:43:29 Success.
2026-06-07 20:43:29 Latest version is 1.12.7
2026-06-07 20:43:29 App is up to date.
2026-06-07 21:43:29 Checking for update using Github
2026-06-07 21:43:29 Success.
2026-06-07 21:43:29 Latest version is 1.12.7
2026-06-07 21:43:29 App is up to date.
2026-06-07 22:43:29 Checking for update using Github
2026-06-07 22:43:29 Success.
2026-06-07 22:43:29 Latest version is 1.12.7
2026-06-07 22:43:29 App is up to date.
2026-06-07 23:43:29 Checking for update using Github
2026-06-07 23:43:29 Success.
2026-06-07 23:43:29 Latest version is 1.12.7
2026-06-07 23:43:29 App is up to date.
2026-06-08 00:43:29 Checking for update using Github
2026-06-08 00:43:30 Success.
2026-06-08 00:43:30 Latest version is 1.12.7
2026-06-08 00:43:30 App is up to date.
2026-06-08 01:43:29 Checking for update using Github
2026-06-08 01:43:29 Success.
2026-06-08 01:43:29 Latest version is 1.12.7
2026-06-08 01:43:29 App is up to date.
2026-06-08 02:43:29 Checking for update using Github
2026-06-08 02:43:29 Success.
2026-06-08 02:43:29 Latest version is 1.12.7
2026-06-08 02:43:29 App is up to date.
2026-06-08 03:43:29 Checking for update using Github
2026-06-08 03:43:29 Success.
2026-06-08 03:43:29 Latest version is 1.12.7
2026-06-08 03:43:29 App is up to date.
2026-06-08 04:43:29 Checking for update using Github
2026-06-08 04:43:29 Success.
2026-06-08 04:43:29 Latest version is 1.12.7
2026-06-08 04:43:29 App is up to date.
2026-06-08 05:43:29 Checking for update using Github
2026-06-08 05:43:29 Success.
2026-06-08 05:43:29 Latest version is 1.12.7
2026-06-08 05:43:29 App is up to date.
2026-06-08 06:43:29 Checking for update using Github
2026-06-08 06:43:30 Success.
2026-06-08 06:43:30 Latest version is 1.12.7
2026-06-08 06:43:30 App is up to date.
2026-06-08 07:43:29 Checking for update using Github
2026-06-08 07:43:55 Failed to check for update using Github (net::ERR_CONNECTION_RESET)
2026-06-08 07:43:55 Checking for update using obsidian.md
2026-06-08 07:43:56 Failed to check for update using obsidian.md (Unexpected end of JSON input)
2026-06-08 08:43:29 Checking for update using Github
2026-06-08 08:43:30 Success.
2026-06-08 08:43:30 Latest version is 1.12.7
2026-06-08 08:43:30 App is up to date.
2026-06-08 09:43:29 Checking for update using Github
2026-06-08 09:44:05 Failed to check for update using Github (net::ERR_CONNECTION_RESET)
2026-06-08 09:44:05 Checking for update using obsidian.md
2026-06-08 09:44:05 Failed to check for update using obsidian.md (Unexpected end of JSON input)
2026-06-08 10:43:29 Checking for update using Github
2026-06-08 10:43:29 Success.
2026-06-08 10:43:29 Latest version is 1.12.7
2026-06-08 10:43:29 App is up to date.
2026-06-08 11:43:29 Checking for update using Github
2026-06-08 11:43:29 Success.
2026-06-08 11:43:29 Latest version is 1.12.7
2026-06-08 11:43:29 App is up to date.
2026-06-08 12:43:29 Checking for update using Github
2026-06-08 12:44:07 Failed to check for update using Github (net::ERR_CONNECTION_RESET)
2026-06-08 12:44:07 Checking for update using obsidian.md
2026-06-08 12:44:08 Failed to check for update using obsidian.md (Unexpected end of JSON input)
2026-06-08 13:43:29 Checking for update using Github
2026-06-08 13:43:30 Success.
2026-06-08 13:43:30 Latest version is 1.12.7
2026-06-08 13:43:30 App is up to date.
2026-06-08 14:43:29 Checking for update using Github
2026-06-08 14:43:31 Success.
2026-06-08 14:43:31 Latest version is 1.12.7
2026-06-08 14:43:31 App is up to date.
2026-06-08 15:43:29 Checking for update using Github
2026-06-08 15:43:30 Success.
2026-06-08 15:43:30 Latest version is 1.12.7
2026-06-08 15:43:30 App is up to date.
2026-06-08 16:43:29 Checking for update using Github
2026-06-08 16:43:56 Failed to check for update using Github (net::ERR_CONNECTION_RESET)
2026-06-08 16:43:56 Checking for update using obsidian.md
2026-06-08 16:43:57 Failed to check for update using obsidian.md (Unexpected end of JSON input)
2026-06-08 17:43:29 Checking for update using Github
2026-06-08 17:44:06 Failed to check for update using Github (net::ERR_CONNECTION_RESET)
2026-06-08 17:44:06 Checking for update using obsidian.md
2026-06-08 17:44:07 Failed to check for update using obsidian.md (Unexpected end of JSON input)
2026-06-10 02:43:18 Loaded main app package C:\Program Files\Obsidian\resources\obsidian.asar
2026-06-10 02:43:18 Checking for update using Github
2026-06-10 02:43:20 Success.
2026-06-10 02:43:20 Latest version is 1.12.7
2026-06-10 02:43:20 App is up to date.
2026-06-10 03:43:18 Checking for update using Github
2026-06-10 03:43:18 Success.
2026-06-10 03:43:18 Latest version is 1.12.7
2026-06-10 03:43:18 App is up to date.
2026-06-10 04:43:18 Checking for update using Github
2026-06-10 04:43:54 Failed to check for update using Github (net::ERR_CONNECTION_RESET)
2026-06-10 04:43:54 Checking for update using obsidian.md
2026-06-10 04:43:54 Failed to check for update using obsidian.md (Unexpected end of JSON input)
2026-06-10 05:43:18 Checking for update using Github
2026-06-10 05:43:56 Failed to check for update using Github (net::ERR_CONNECTION_RESET)
2026-06-10 05:43:56 Checking for update using obsidian.md
2026-06-10 05:43:57 Failed to check for update using obsidian.md (Unexpected end of JSON input)
2026-06-10 06:43:18 Checking for update using Github
2026-06-10 06:43:19 Success.
2026-06-10 06:43:19 Latest version is 1.12.7
2026-06-10 06:43:19 App is up to date.
2026-06-10 07:43:18 Checking for update using Github
2026-06-10 07:43:48 Failed to check for update using Github (net::ERR_CONNECTION_RESET)
2026-06-10 07:43:48 Checking for update using obsidian.md
2026-06-10 07:43:48 Failed to check for update using obsidian.md (Unexpected end of JSON input)
2026-06-10 08:43:18 Checking for update using Github
2026-06-10 08:43:18 Success.
2026-06-10 08:43:18 Latest version is 1.12.7
2026-06-10 08:43:18 App is up to date.
2026-06-10 09:43:18 Checking for update using Github
2026-06-10 09:43:44 Failed to check for update using Github (net::ERR_CONNECTION_RESET)
2026-06-10 09:43:44 Checking for update using obsidian.md
2026-06-10 09:43:45 Failed to check for update using obsidian.md (Unexpected end of JSON input)
2026-06-10 10:43:18 Checking for update using Github
2026-06-10 10:43:18 Success.
2026-06-10 10:43:18 Latest version is 1.12.7
2026-06-10 10:43:18 App is up to date.
2026-06-10 11:43:18 Checking for update using Github
2026-06-10 11:43:56 Failed to check for update using Github (net::ERR_CONNECTION_RESET)
2026-06-10 11:43:56 Checking for update using obsidian.md
2026-06-10 11:43:56 Failed to check for update using obsidian.md (Unexpected end of JSON input)
2026-06-10 12:43:18 Checking for update using Github
2026-06-10 12:43:45 Failed to check for update using Github (net::ERR_CONNECTION_RESET)
2026-06-10 12:43:45 Checking for update using obsidian.md
2026-06-10 12:43:45 Failed to check for update using obsidian.md (Unexpected end of JSON input)
2026-06-10 13:43:18 Checking for update using Github
2026-06-10 13:43:19 Success.
2026-06-10 13:43:19 Latest version is 1.12.7
2026-06-10 13:43:19 App is up to date.
2026-06-10 14:43:18 Checking for update using Github
2026-06-10 14:43:19 Success.
2026-06-10 14:43:19 Latest version is 1.12.7
2026-06-10 14:43:19 App is up to date.
2026-06-10 15:43:18 Checking for update using Github
2026-06-10 15:43:19 Success.
2026-06-10 15:43:19 Latest version is 1.12.7
2026-06-10 15:43:19 App is up to date.
2026-06-10 16:43:18 Checking for update using Github
2026-06-10 16:43:46 Failed to check for update using Github (net::ERR_CONNECTION_RESET)
2026-06-10 16:43:46 Checking for update using obsidian.md
2026-06-10 16:43:46 Failed to check for update using obsidian.md (Unexpected end of JSON input)
2026-06-10 17:43:18 Checking for update using Github
2026-06-10 17:43:18 Success.
2026-06-10 17:43:18 Latest version is 1.12.7
2026-06-10 17:43:18 App is up to date.
2026-06-10 18:43:18 Checking for update using Github
2026-06-10 18:43:19 Success.
2026-06-10 18:43:19 Latest version is 1.12.7
2026-06-10 18:43:19 App is up to date.
2026-06-10 19:43:18 Checking for update using Github
2026-06-10 19:43:18 Success.
2026-06-10 19:43:18 Latest version is 1.12.7
2026-06-10 19:43:18 App is up to date.
2026-06-10 20:43:18 Checking for update using Github
2026-06-10 20:43:19 Success.
2026-06-10 20:43:19 Latest version is 1.12.7
2026-06-10 20:43:19 App is up to date.
2026-06-10 21:43:18 Checking for update using Github
2026-06-10 21:43:54 Failed to check for update using Github (net::ERR_CONNECTION_RESET)
2026-06-10 21:43:54 Checking for update using obsidian.md
2026-06-10 21:43:55 Failed to check for update using obsidian.md (Unexpected end of JSON input)
2026-06-10 22:43:18 Checking for update using Github
2026-06-10 22:43:56 Failed to check for update using Github (net::ERR_CONNECTION_RESET)
2026-06-10 22:43:56 Checking for update using obsidian.md
2026-06-10 22:43:56 Failed to check for update using obsidian.md (Unexpected end of JSON input)
2026-06-10 23:43:18 Checking for update using Github
2026-06-10 23:43:19 Success.
2026-06-10 23:43:19 Latest version is 1.12.7
2026-06-10 23:43:19 App is up to date.
2026-06-11 00:43:18 Checking for update using Github
2026-06-11 00:43:19 Success.
2026-06-11 00:43:19 Latest version is 1.12.7
2026-06-11 00:43:19 App is up to date.
2026-06-11 01:43:18 Checking for update using Github
2026-06-11 01:43:49 Failed to check for update using Github (net::ERR_CONNECTION_RESET)
2026-06-11 01:43:49 Checking for update using obsidian.md
2026-06-11 01:43:49 Failed to check for update using obsidian.md (Unexpected end of JSON input)
2026-06-11 02:43:18 Checking for update using Github
2026-06-11 02:43:19 Success.
2026-06-11 02:43:19 Latest version is 1.12.7
2026-06-11 02:43:19 App is up to date.
2026-06-11 03:08:54 Loaded main app package C:\Program Files\Obsidian\resources\obsidian.asar
2026-06-11 03:08:54 Checking for update using Github
2026-06-11 03:08:55 Success.
2026-06-11 03:08:55 Latest version is 1.12.7
2026-06-11 03:08:55 App is up to date.
2026-06-11 04:08:54 Checking for update using Github
2026-06-11 04:08:55 Success.
2026-06-11 04:08:55 Latest version is 1.12.7
2026-06-11 04:08:55 App is up to date.
2026-06-11 05:08:54 Checking for update using Github
2026-06-11 05:09:23 Failed to check for update using Github (net::ERR_CONNECTION_RESET)
2026-06-11 05:09:23 Checking for update using obsidian.md
2026-06-11 05:09:23 Failed to check for update using obsidian.md (Unexpected end of JSON input)
2026-06-11 06:08:54 Checking for update using Github
2026-06-11 06:08:55 Success.
2026-06-11 06:08:55 Latest version is 1.12.7
2026-06-11 06:08:55 App is up to date.
2026-06-11 07:08:54 Checking for update using Github
2026-06-11 07:08:55 Success.
2026-06-11 07:08:55 Latest version is 1.12.7
2026-06-11 07:08:55 App is up to date.
2026-06-11 08:08:54 Checking for update using Github
2026-06-11 08:08:55 Success.
2026-06-11 08:08:55 Latest version is 1.12.7
2026-06-11 08:08:55 App is up to date.
2026-06-11 09:08:54 Checking for update using Github
2026-06-11 09:08:55 Success.
2026-06-11 09:08:55 Latest version is 1.12.7
2026-06-11 09:08:55 App is up to date.
2026-06-11 10:08:54 Checking for update using Github
2026-06-11 10:08:55 Success.
2026-06-11 10:08:55 Latest version is 1.12.7
2026-06-11 10:08:55 App is up to date.
2026-06-11 11:08:54 Checking for update using Github
2026-06-11 11:09:22 Failed to check for update using Github (net::ERR_CONNECTION_RESET)
2026-06-11 11:09:22 Checking for update using obsidian.md
2026-06-11 11:09:23 Failed to check for update using obsidian.md (Unexpected end of JSON input)
2026-06-11 12:08:54 Checking for update using Github
2026-06-11 12:08:55 Success.
2026-06-11 12:08:55 Latest version is 1.12.7
2026-06-11 12:08:55 App is up to date.
2026-06-11 13:08:54 Checking for update using Github
2026-06-11 13:08:55 Success.
2026-06-11 13:08:55 Latest version is 1.12.7
2026-06-11 13:08:55 App is up to date.
2026-06-11 14:08:54 Checking for update using Github
2026-06-11 14:09:33 Failed to check for update using Github (net::ERR_CONNECTION_RESET)
2026-06-11 14:09:33 Checking for update using obsidian.md
2026-06-11 14:09:34 Failed to check for update using obsidian.md (Unexpected end of JSON input)
2026-06-11 15:08:54 Checking for update using Github
2026-06-11 15:09:23 Failed to check for update using Github (net::ERR_CONNECTION_RESET)
2026-06-11 15:09:23 Checking for update using obsidian.md
2026-06-11 15:09:24 Failed to check for update using obsidian.md (Unexpected end of JSON input)
2026-06-11 16:08:54 Checking for update using Github
2026-06-11 16:08:55 Success.
2026-06-11 16:08:55 Latest version is 1.12.7
2026-06-11 16:08:55 App is up to date.
2026-06-11 17:08:54 Checking for update using Github
2026-06-11 17:08:55 Success.
2026-06-11 17:08:55 Latest version is 1.12.7
2026-06-11 17:08:55 App is up to date.
2026-06-11 18:08:54 Checking for update using Github
2026-06-11 18:08:55 Success.
2026-06-11 18:08:55 Latest version is 1.12.7
2026-06-11 18:08:55 App is up to date.
2026-06-11 19:08:54 Checking for update using Github
2026-06-11 19:08:55 Success.
2026-06-11 19:08:55 Latest version is 1.12.7
2026-06-11 19:08:55 App is up to date.
2026-06-11 20:08:54 Checking for update using Github
2026-06-11 20:08:55 Success.
2026-06-11 20:08:55 Latest version is 1.12.7
2026-06-11 20:08:55 App is up to date.
2026-06-11 21:08:54 Checking for update using Github
2026-06-11 21:09:32 Failed to check for update using Github (net::ERR_CONNECTION_RESET)
2026-06-11 21:09:32 Checking for update using obsidian.md
2026-06-11 21:09:32 Failed to check for update using obsidian.md (Unexpected end of JSON input)
2026-06-11 22:08:54 Checking for update using Github
2026-06-11 22:08:55 Success.
2026-06-11 22:08:55 Latest version is 1.12.7
2026-06-11 22:08:55 App is up to date.
2026-06-11 23:08:54 Checking for update using Github
2026-06-11 23:08:55 Success.
2026-06-11 23:08:55 Latest version is 1.12.7
2026-06-11 23:08:55 App is up to date.
2026-06-12 00:08:54 Checking for update using Github
2026-06-12 00:08:55 Success.
2026-06-12 00:08:55 Latest version is 1.12.7
2026-06-12 00:08:55 App is up to date.
2026-06-12 01:08:54 Checking for update using Github
2026-06-12 01:08:55 Success.
2026-06-12 01:08:55 Latest version is 1.12.7
2026-06-12 01:08:55 App is up to date.
2026-06-12 02:08:54 Checking for update using Github
2026-06-12 02:08:55 Success.
2026-06-12 02:08:55 Latest version is 1.12.7
2026-06-12 02:08:55 App is up to date.
2026-06-12 03:08:54 Checking for update using Github
2026-06-12 03:08:55 Success.
2026-06-12 03:08:55 Latest version is 1.12.7
2026-06-12 03:08:55 App is up to date.
2026-06-12 04:08:54 Checking for update using Github
2026-06-12 04:09:32 Failed to check for update using Github (net::ERR_CONNECTION_RESET)
2026-06-12 04:09:32 Checking for update using obsidian.md
2026-06-12 04:09:32 Failed to check for update using obsidian.md (Unexpected end of JSON input)
2026-06-12 05:08:55 Checking for update using Github
2026-06-12 05:08:55 Success.
2026-06-12 05:08:55 Latest version is 1.12.7
2026-06-12 05:08:55 App is up to date.
2026-06-12 06:08:55 Checking for update using Github
2026-06-12 06:08:55 Success.
2026-06-12 06:08:55 Latest version is 1.12.7
2026-06-12 06:08:55 App is up to date.
2026-06-12 07:08:55 Checking for update using Github
2026-06-12 07:08:55 Success.
2026-06-12 07:08:55 Latest version is 1.12.7
2026-06-12 07:08:55 App is up to date.
2026-06-12 08:08:55 Checking for update using Github
2026-06-12 08:08:55 Success.
2026-06-12 08:08:55 Latest version is 1.12.7
2026-06-12 08:08:55 App is up to date.
2026-06-12 09:08:55 Checking for update using Github
2026-06-12 09:08:55 Success.
2026-06-12 09:08:55 Latest version is 1.12.7
2026-06-12 09:08:55 App is up to date.
2026-06-12 10:08:55 Checking for update using Github
2026-06-12 10:08:55 Success.
2026-06-12 10:08:55 Latest version is 1.12.7
2026-06-12 10:08:55 App is up to date.
2026-06-12 11:08:55 Checking for update using Github
2026-06-12 11:08:56 Success.
2026-06-12 11:08:56 Latest version is 1.12.7
2026-06-12 11:08:56 App is up to date.
2026-06-12 12:08:55 Checking for update using Github
2026-06-12 12:09:24 Failed to check for update using Github (net::ERR_CONNECTION_RESET)
2026-06-12 12:09:24 Checking for update using obsidian.md
2026-06-12 12:09:24 Failed to check for update using obsidian.md (Unexpected end of JSON input)
2026-06-12 13:08:55 Checking for update using Github
2026-06-12 13:09:25 Failed to check for update using Github (net::ERR_CONNECTION_RESET)
2026-06-12 13:09:25 Checking for update using obsidian.md
2026-06-12 13:09:25 Failed to check for update using obsidian.md (Unexpected end of JSON input)
2026-06-12 14:08:55 Checking for update using Github
2026-06-12 14:08:56 Success.
2026-06-12 14:08:56 Latest version is 1.12.7
2026-06-12 14:08:56 App is up to date.
2026-06-12 15:08:55 Checking for update using Github
2026-06-12 15:09:23 Failed to check for update using Github (net::ERR_CONNECTION_RESET)
2026-06-12 15:09:23 Checking for update using obsidian.md
2026-06-12 15:09:24 Failed to check for update using obsidian.md (Unexpected end of JSON input)
2026-06-12 16:08:55 Checking for update using Github
2026-06-12 16:08:56 Success.
2026-06-12 16:08:56 Latest version is 1.12.7
2026-06-12 16:08:56 App is up to date.
2026-06-12 17:08:55 Checking for update using Github
2026-06-12 17:08:55 Success.
2026-06-12 17:08:55 Latest version is 1.12.7
2026-06-12 17:08:55 App is up to date.
2026-06-12 18:08:55 Checking for update using Github
2026-06-12 18:08:55 Success.
2026-06-12 18:08:55 Latest version is 1.12.7
2026-06-12 18:08:55 App is up to date.
2026-06-12 19:08:55 Checking for update using Github
2026-06-12 19:08:55 Success.
2026-06-12 19:08:55 Latest version is 1.12.7
2026-06-12 19:08:55 App is up to date.
2026-06-12 20:08:55 Checking for update using Github
2026-06-12 20:08:56 Success.
2026-06-12 20:08:56 Latest version is 1.12.7
2026-06-12 20:08:56 App is up to date.
2026-06-12 21:08:55 Checking for update using Github
2026-06-12 21:08:56 Success.
2026-06-12 21:08:56 Latest version is 1.12.7
2026-06-12 21:08:56 App is up to date.
2026-06-12 22:08:55 Checking for update using Github
2026-06-12 22:08:55 Success.
2026-06-12 22:08:55 Latest version is 1.12.7
2026-06-12 22:08:55 App is up to date.
2026-06-12 23:08:55 Checking for update using Github
2026-06-12 23:08:55 Success.
2026-06-12 23:08:55 Latest version is 1.12.7
2026-06-12 23:08:55 App is up to date.
2026-06-13 00:08:55 Checking for update using Github
2026-06-13 00:08:55 Success.
2026-06-13 00:08:55 Latest version is 1.12.7
2026-06-13 00:08:55 App is up to date.
2026-06-13 01:08:55 Checking for update using Github
2026-06-13 01:08:56 Success.
2026-06-13 01:08:56 Latest version is 1.12.7
2026-06-13 01:08:56 App is up to date.
2026-06-13 02:08:55 Checking for update using Github
2026-06-13 02:08:56 Success.
2026-06-13 02:08:56 Latest version is 1.12.7
2026-06-13 02:08:56 App is up to date.
2026-06-13 03:08:55 Checking for update using Github
2026-06-13 03:08:56 Success.
2026-06-13 03:08:56 Latest version is 1.12.7
2026-06-13 03:08:56 App is up to date.
2026-06-13 04:08:55 Checking for update using Github
2026-06-13 04:08:56 Success.
2026-06-13 04:08:56 Latest version is 1.12.7
2026-06-13 04:08:56 App is up to date.
2026-06-13 05:08:55 Checking for update using Github
2026-06-13 05:08:56 Success.
2026-06-13 05:08:56 Latest version is 1.12.7
2026-06-13 05:08:56 App is up to date.
2026-06-13 06:08:55 Checking for update using Github
2026-06-13 06:09:34 Failed to check for update using Github (net::ERR_CONNECTION_RESET)
2026-06-13 06:09:34 Checking for update using obsidian.md
2026-06-13 06:09:34 Failed to check for update using obsidian.md (Unexpected end of JSON input)
2026-06-13 07:08:55 Checking for update using Github
2026-06-13 07:08:56 Success.
2026-06-13 07:08:56 Latest version is 1.12.7
2026-06-13 07:08:56 App is up to date.
2026-06-13 08:08:55 Checking for update using Github
2026-06-13 08:08:56 Success.
2026-06-13 08:08:56 Latest version is 1.12.7
2026-06-13 08:08:56 App is up to date.
2026-06-13 09:08:55 Checking for update using Github
2026-06-13 09:08:56 Success.
2026-06-13 09:08:56 Latest version is 1.12.7
2026-06-13 09:08:56 App is up to date.
2026-06-13 10:08:55 Checking for update using Github
2026-06-13 10:09:34 Failed to check for update using Github (net::ERR_CONNECTION_RESET)
2026-06-13 10:09:34 Checking for update using obsidian.md
2026-06-13 10:09:34 Failed to check for update using obsidian.md (Unexpected end of JSON input)
2026-06-13 11:08:55 Checking for update using Github
2026-06-13 11:09:36 Failed to check for update using Github (net::ERR_CONNECTION_RESET)
2026-06-13 11:09:36 Checking for update using obsidian.md
2026-06-13 11:09:36 Failed to check for update using obsidian.md (Unexpected end of JSON input)
2026-06-13 12:08:55 Checking for update using Github
2026-06-13 12:08:56 Success.
2026-06-13 12:08:56 Latest version is 1.12.7
2026-06-13 12:08:56 App is up to date.
2026-06-13 13:08:55 Checking for update using Github
2026-06-13 13:08:56 Success.
2026-06-13 13:08:56 Latest version is 1.12.7
2026-06-13 13:08:56 App is up to date.
2026-06-13 14:08:55 Checking for update using Github
2026-06-13 14:08:57 Success.
2026-06-13 14:08:57 Latest version is 1.12.7
2026-06-13 14:08:57 App is up to date.
2026-06-13 15:08:55 Checking for update using Github
2026-06-13 15:08:56 Success.
2026-06-13 15:08:56 Latest version is 1.12.7
2026-06-13 15:08:56 App is up to date.
2026-06-13 16:08:55 Checking for update using Github
2026-06-13 16:08:56 Success.
2026-06-13 16:08:56 Latest version is 1.12.7
2026-06-13 16:08:56 App is up to date.
2026-06-13 17:08:55 Checking for update using Github
2026-06-13 17:08:56 Success.
2026-06-13 17:08:56 Latest version is 1.12.7
2026-06-13 17:08:56 App is up to date.
2026-06-13 18:08:55 Checking for update using Github
2026-06-13 18:08:56 Success.
2026-06-13 18:08:56 Latest version is 1.12.7
2026-06-13 18:08:56 App is up to date.
2026-06-13 19:08:55 Checking for update using Github
2026-06-13 19:08:56 Success.
2026-06-13 19:08:56 Latest version is 1.12.7
2026-06-13 19:08:56 App is up to date.
2026-06-13 20:08:55 Checking for update using Github
2026-06-13 20:08:56 Success.
2026-06-13 20:08:56 Latest version is 1.12.7
2026-06-13 20:08:56 App is up to date.
2026-06-13 21:08:55 Checking for update using Github
2026-06-13 21:09:34 Failed to check for update using Github (net::ERR_CONNECTION_RESET)
2026-06-13 21:09:34 Checking for update using obsidian.md
2026-06-13 21:09:35 Failed to check for update using obsidian.md (Unexpected end of JSON input)
2026-06-13 22:08:56 Checking for update using Github
2026-06-13 22:08:56 Success.
2026-06-13 22:08:56 Latest version is 1.12.7
2026-06-13 22:08:56 App is up to date.
2026-06-13 23:08:56 Checking for update using Github
2026-06-13 23:08:56 Success.
2026-06-13 23:08:56 Latest version is 1.12.7
2026-06-13 23:08:56 App is up to date.
2026-06-14 00:08:56 Checking for update using Github
2026-06-14 00:09:21 Failed to check for update using Github (net::ERR_CONNECTION_RESET)
2026-06-14 00:09:21 Checking for update using obsidian.md
2026-06-14 00:09:21 Failed to check for update using obsidian.md (Unexpected end of JSON input)
2026-06-14 01:08:56 Checking for update using Github
2026-06-14 01:08:56 Success.
2026-06-14 01:08:56 Latest version is 1.12.7
2026-06-14 01:08:56 App is up to date.
2026-06-14 02:08:56 Checking for update using Github
2026-06-14 02:08:56 Success.
2026-06-14 02:08:56 Latest version is 1.12.7
2026-06-14 02:08:56 App is up to date.
2026-06-14 03:08:56 Checking for update using Github
2026-06-14 03:09:23 Failed to check for update using Github (net::ERR_CONNECTION_RESET)
2026-06-14 03:09:23 Checking for update using obsidian.md
2026-06-14 03:09:23 Failed to check for update using obsidian.md (Unexpected end of JSON input)
2026-06-14 04:08:56 Checking for update using Github
2026-06-14 04:08:56 Success.
2026-06-14 04:08:56 Latest version is 1.12.7
2026-06-14 04:08:56 App is up to date.
2026-06-14 05:08:56 Checking for update using Github
2026-06-14 05:08:57 Success.
2026-06-14 05:08:57 Latest version is 1.12.7
2026-06-14 05:08:57 App is up to date.
2026-06-14 06:08:56 Checking for update using Github
2026-06-14 06:08:56 Success.
2026-06-14 06:08:56 Latest version is 1.12.7
2026-06-14 06:08:56 App is up to date.
2026-06-14 07:08:56 Checking for update using Github
2026-06-14 07:08:57 Success.
2026-06-14 07:08:57 Latest version is 1.12.7
2026-06-14 07:08:57 App is up to date.
2026-06-14 08:08:56 Checking for update using Github
2026-06-14 08:08:57 Success.
2026-06-14 08:08:57 Latest version is 1.12.7
2026-06-14 08:08:57 App is up to date.
2026-06-14 09:08:56 Checking for update using Github
2026-06-14 09:08:57 Success.
2026-06-14 09:08:57 Latest version is 1.12.7
2026-06-14 09:08:57 App is up to date.
2026-06-14 10:08:56 Checking for update using Github
2026-06-14 10:08:57 Success.
2026-06-14 10:08:57 Latest version is 1.12.7
2026-06-14 10:08:57 App is up to date.
2026-06-14 11:08:56 Checking for update using Github
2026-06-14 11:08:57 Success.
2026-06-14 11:08:57 Latest version is 1.12.7
2026-06-14 11:08:57 App is up to date.
2026-06-14 12:08:56 Checking for update using Github
2026-06-14 12:08:57 Success.
2026-06-14 12:08:57 Latest version is 1.12.7
2026-06-14 12:08:57 App is up to date.
2026-06-14 13:08:56 Checking for update using Github
2026-06-14 13:08:57 Success.
2026-06-14 13:08:57 Latest version is 1.12.7
2026-06-14 13:08:57 App is up to date.
2026-06-14 14:08:56 Checking for update using Github
2026-06-14 14:08:57 Success.
2026-06-14 14:08:57 Latest version is 1.12.7
2026-06-14 14:08:57 App is up to date.
2026-06-14 15:08:56 Checking for update using Github
2026-06-14 15:08:57 Success.
2026-06-14 15:08:57 Latest version is 1.12.7
2026-06-14 15:08:57 App is up to date.
2026-06-14 16:08:56 Checking for update using Github
2026-06-14 16:08:56 Success.
2026-06-14 16:08:56 Latest version is 1.12.7
2026-06-14 16:08:56 App is up to date.
2026-06-14 17:08:56 Checking for update using Github
2026-06-14 17:08:56 Success.
2026-06-14 17:08:56 Latest version is 1.12.7
2026-06-14 17:08:56 App is up to date.
2026-06-14 18:08:56 Checking for update using Github
2026-06-14 18:08:57 Success.
2026-06-14 18:08:57 Latest version is 1.12.7
2026-06-14 18:08:57 App is up to date.
2026-06-14 19:08:56 Checking for update using Github
2026-06-14 19:09:34 Failed to check for update using Github (net::ERR_CONNECTION_RESET)
2026-06-14 19:09:34 Checking for update using obsidian.md
2026-06-14 19:09:34 Failed to check for update using obsidian.md (Unexpected end of JSON input)
2026-06-14 20:08:56 Checking for update using Github
2026-06-14 20:08:57 Success.
2026-06-14 20:08:57 Latest version is 1.12.7
2026-06-14 20:08:57 App is up to date.
2026-06-14 21:08:56 Checking for update using Github
2026-06-14 21:09:22 Failed to check for update using Github (net::ERR_CONNECTION_RESET)
2026-06-14 21:09:22 Checking for update using obsidian.md
2026-06-14 21:09:22 Failed to check for update using obsidian.md (Unexpected end of JSON input)
2026-06-14 22:08:56 Checking for update using Github
2026-06-14 22:09:25 Failed to check for update using Github (net::ERR_CONNECTION_RESET)
2026-06-14 22:09:25 Checking for update using obsidian.md
2026-06-14 22:09:25 Failed to check for update using obsidian.md (Unexpected end of JSON input)
2026-06-14 23:08:56 Checking for update using Github
2026-06-14 23:09:22 Failed to check for update using Github (net::ERR_CONNECTION_RESET)
2026-06-14 23:09:22 Checking for update using obsidian.md
2026-06-14 23:09:22 Failed to check for update using obsidian.md (Unexpected end of JSON input)
2026-06-15 00:08:56 Checking for update using Github
2026-06-15 00:08:57 Success.
2026-06-15 00:08:57 Latest version is 1.12.7
2026-06-15 00:08:57 App is up to date.
2026-06-15 01:08:56 Checking for update using Github
2026-06-15 01:08:57 Success.
2026-06-15 01:08:57 Latest version is 1.12.7
2026-06-15 01:08:57 App is up to date.
2026-06-15 02:08:56 Checking for update using Github
2026-06-15 02:08:57 Success.
2026-06-15 02:08:57 Latest version is 1.12.7
2026-06-15 02:08:57 App is up to date.
2026-06-15 03:08:56 Checking for update using Github
2026-06-15 03:08:57 Success.
2026-06-15 03:08:57 Latest version is 1.12.7
2026-06-15 03:08:57 App is up to date.
2026-06-15 04:08:56 Checking for update using Github
2026-06-15 04:08:57 Success.
2026-06-15 04:08:57 Latest version is 1.12.7
2026-06-15 04:08:57 App is up to date.
2026-06-15 05:08:56 Checking for update using Github
2026-06-15 05:08:57 Success.
2026-06-15 05:08:57 Latest version is 1.12.7
2026-06-15 05:08:57 App is up to date.
2026-06-15 06:08:56 Checking for update using Github
2026-06-15 06:08:57 Success.
2026-06-15 06:08:57 Latest version is 1.12.7
2026-06-15 06:08:57 App is up to date.
2026-06-15 07:08:56 Checking for update using Github
2026-06-15 07:08:57 Success.
2026-06-15 07:08:57 Latest version is 1.12.7
2026-06-15 07:08:57 App is up to date.
2026-06-15 08:08:56 Checking for update using Github
2026-06-15 08:08:57 Success.
2026-06-15 08:08:57 Latest version is 1.12.7
2026-06-15 08:08:57 App is up to date.
2026-06-15 09:08:56 Checking for update using Github
2026-06-15 09:08:57 Success.
2026-06-15 09:08:57 Latest version is 1.12.7
2026-06-15 09:08:57 App is up to date.
2026-06-15 10:08:56 Checking for update using Github
2026-06-15 10:09:26 Failed to check for update using Github (net::ERR_CONNECTION_RESET)
2026-06-15 10:09:26 Checking for update using obsidian.md
2026-06-15 10:09:26 Failed to check for update using obsidian.md (Unexpected end of JSON input)
2026-06-15 11:08:56 Checking for update using Github
2026-06-15 11:09:25 Failed to check for update using Github (net::ERR_CONNECTION_RESET)
2026-06-15 11:09:25 Checking for update using obsidian.md
2026-06-15 11:09:25 Failed to check for update using obsidian.md (Unexpected end of JSON input)
2026-06-15 12:08:56 Checking for update using Github
2026-06-15 12:08:57 Success.
2026-06-15 12:08:57 Latest version is 1.12.7
2026-06-15 12:08:57 App is up to date.
2026-06-15 13:08:56 Checking for update using Github
2026-06-15 13:08:57 Success.
2026-06-15 13:08:57 Latest version is 1.12.7
2026-06-15 13:08:57 App is up to date.
2026-06-15 14:08:56 Checking for update using Github
2026-06-15 14:09:36 Failed to check for update using Github (net::ERR_CONNECTION_RESET)
2026-06-15 14:09:36 Checking for update using obsidian.md
2026-06-15 14:09:36 Failed to check for update using obsidian.md (Unexpected end of JSON input)
2026-06-15 15:08:57 Checking for update using Github
2026-06-15 15:09:36 Failed to check for update using Github (net::ERR_CONNECTION_RESET)
2026-06-15 15:09:36 Checking for update using obsidian.md
2026-06-15 15:09:37 Failed to check for update using obsidian.md (Unexpected end of JSON input)
2026-06-15 16:08:57 Checking for update using Github
2026-06-15 16:08:57 Success.
2026-06-15 16:08:57 Latest version is 1.12.7
2026-06-15 16:08:57 App is up to date.
2026-06-15 17:08:57 Checking for update using Github
2026-06-15 17:08:57 Success.
2026-06-15 17:08:57 Latest version is 1.12.7
2026-06-15 17:08:57 App is up to date.
2026-06-15 18:08:57 Checking for update using Github
2026-06-15 18:09:34 Failed to check for update using Github (net::ERR_CONNECTION_RESET)
2026-06-15 18:09:34 Checking for update using obsidian.md
2026-06-15 18:09:34 Failed to check for update using obsidian.md (Unexpected end of JSON input)
2026-06-15 19:08:57 Checking for update using Github
2026-06-15 19:08:57 Success.
2026-06-15 19:08:57 Latest version is 1.12.7
2026-06-15 19:08:57 App is up to date.
2026-06-15 20:08:57 Checking for update using Github
2026-06-15 20:08:57 Success.
2026-06-15 20:08:57 Latest version is 1.12.7
2026-06-15 20:08:57 App is up to date.
2026-06-15 21:08:57 Checking for update using Github
2026-06-15 21:08:57 Success.
2026-06-15 21:08:57 Latest version is 1.12.7
2026-06-15 21:08:57 App is up to date.
2026-06-15 22:08:57 Checking for update using Github
2026-06-15 22:08:57 Success.
2026-06-15 22:08:57 Latest version is 1.12.7
2026-06-15 22:08:57 App is up to date.
2026-06-15 23:08:57 Checking for update using Github
2026-06-15 23:09:34 Failed to check for update using Github (net::ERR_CONNECTION_RESET)
2026-06-15 23:09:34 Checking for update using obsidian.md
2026-06-15 23:09:34 Failed to check for update using obsidian.md (Unexpected end of JSON input)
2026-06-16 00:08:57 Checking for update using Github
2026-06-16 00:09:36 Failed to check for update using Github (net::ERR_CONNECTION_RESET)
2026-06-16 00:09:36 Checking for update using obsidian.md
2026-06-16 00:09:36 Failed to check for update using obsidian.md (Unexpected end of JSON input)
2026-06-16 01:08:57 Checking for update using Github
2026-06-16 01:09:27 Failed to check for update using Github (net::ERR_CONNECTION_RESET)
2026-06-16 01:09:27 Checking for update using obsidian.md
2026-06-16 01:09:27 Failed to check for update using obsidian.md (Unexpected end of JSON input)
2026-06-16 02:08:57 Checking for update using Github
2026-06-16 02:08:57 Success.
2026-06-16 02:08:57 Latest version is 1.12.7
2026-06-16 02:08:57 App is up to date.
2026-06-16 03:08:57 Checking for update using Github
2026-06-16 03:09:35 Failed to check for update using Github (net::ERR_CONNECTION_RESET)
2026-06-16 03:09:35 Checking for update using obsidian.md
2026-06-16 03:09:35 Failed to check for update using obsidian.md (Unexpected end of JSON input)
2026-06-16 04:08:57 Checking for update using Github
2026-06-16 04:08:58 Success.
2026-06-16 04:08:58 Latest version is 1.12.7
2026-06-16 04:08:58 App is up to date.
2026-06-16 05:08:57 Checking for update using Github
2026-06-16 05:09:34 Failed to check for update using Github (net::ERR_CONNECTION_RESET)
2026-06-16 05:09:34 Checking for update using obsidian.md
2026-06-16 05:09:34 Failed to check for update using obsidian.md (Unexpected end of JSON input)
2026-06-16 06:08:57 Checking for update using Github
2026-06-16 06:08:57 Success.
2026-06-16 06:08:57 Latest version is 1.12.7
2026-06-16 06:08:57 App is up to date.
2026-06-16 07:08:57 Checking for update using Github
2026-06-16 07:09:36 Failed to check for update using Github (net::ERR_CONNECTION_RESET)
2026-06-16 07:09:36 Checking for update using obsidian.md
2026-06-16 07:09:37 Failed to check for update using obsidian.md (Unexpected end of JSON input)
2026-06-16 08:08:57 Checking for update using Github
2026-06-16 08:08:58 Success.
2026-06-16 08:08:58 Latest version is 1.12.7
2026-06-16 08:08:58 App is up to date.
2026-06-16 09:08:57 Checking for update using Github
2026-06-16 09:08:58 Success.
2026-06-16 09:08:58 Latest version is 1.12.7
2026-06-16 09:08:58 App is up to date.
2026-06-16 10:08:57 Checking for update using Github
2026-06-16 10:09:35 Failed to check for update using Github (net::ERR_CONNECTION_RESET)
2026-06-16 10:09:35 Checking for update using obsidian.md
2026-06-16 10:09:36 Failed to check for update using obsidian.md (Unexpected end of JSON input)
2026-06-16 11:08:57 Checking for update using Github
2026-06-16 11:09:24 Failed to check for update using Github (net::ERR_CONNECTION_RESET)
2026-06-16 11:09:24 Checking for update using obsidian.md
2026-06-16 11:09:25 Failed to check for update using obsidian.md (Unexpected end of JSON input)
2026-06-16 12:08:57 Checking for update using Github
2026-06-16 12:08:59 Success.
2026-06-16 12:08:59 Latest version is 1.12.7
2026-06-16 12:08:59 App is up to date.
2026-06-16 13:08:57 Checking for update using Github
2026-06-16 13:08:59 Success.
2026-06-16 13:08:59 Latest version is 1.12.7
2026-06-16 13:08:59 App is up to date.
2026-06-16 14:08:57 Checking for update using Github
2026-06-16 14:08:58 Success.
2026-06-16 14:08:58 Latest version is 1.12.7
2026-06-16 14:08:58 App is up to date.
2026-06-16 15:08:57 Checking for update using Github
2026-06-16 15:08:58 Success.
2026-06-16 15:08:58 Latest version is 1.12.7
2026-06-16 15:08:58 App is up to date.
2026-06-16 16:08:57 Checking for update using Github
2026-06-16 16:09:34 Failed to check for update using Github (net::ERR_CONNECTION_RESET)
2026-06-16 16:09:34 Checking for update using obsidian.md
2026-06-16 16:09:35 Failed to check for update using obsidian.md (Unexpected end of JSON input)
2026-06-16 17:08:57 Checking for update using Github
2026-06-16 17:08:58 Success.
2026-06-16 17:08:58 Latest version is 1.12.7
2026-06-16 17:08:58 App is up to date.
2026-06-16 18:08:57 Checking for update using Github
2026-06-16 18:09:24 Failed to check for update using Github (net::ERR_CONNECTION_RESET)
2026-06-16 18:09:24 Checking for update using obsidian.md
2026-06-16 18:09:24 Failed to check for update using obsidian.md (Unexpected end of JSON input)
2026-06-16 19:08:57 Checking for update using Github
2026-06-16 19:08:58 Success.
2026-06-16 19:08:58 Latest version is 1.12.7
2026-06-16 19:08:58 App is up to date.
2026-06-16 20:08:57 Checking for update using Github
2026-06-16 20:09:34 Failed to check for update using Github (net::ERR_CONNECTION_RESET)
2026-06-16 20:09:34 Checking for update using obsidian.md
2026-06-16 20:09:34 Failed to check for update using obsidian.md (Unexpected end of JSON input)
2026-06-16 21:08:57 Checking for update using Github
2026-06-16 21:09:23 Failed to check for update using Github (net::ERR_CONNECTION_RESET)
2026-06-16 21:09:23 Checking for update using obsidian.md
2026-06-16 21:09:23 Failed to check for update using obsidian.md (Unexpected end of JSON input)
2026-06-16 22:08:57 Checking for update using Github
2026-06-16 22:09:35 Failed to check for update using Github (net::ERR_CONNECTION_RESET)
2026-06-16 22:09:35 Checking for update using obsidian.md
2026-06-16 22:09:36 Failed to check for update using obsidian.md (Unexpected end of JSON input)
2026-06-16 23:08:57 Checking for update using Github
2026-06-16 23:09:23 Failed to check for update using Github (net::ERR_CONNECTION_RESET)
2026-06-16 23:09:23 Checking for update using obsidian.md
2026-06-16 23:09:23 Failed to check for update using obsidian.md (Unexpected end of JSON input)
2026-06-17 00:08:57 Checking for update using Github
2026-06-17 00:08:58 Success.
2026-06-17 00:08:58 Latest version is 1.12.7
2026-06-17 00:08:58 App is up to date.
2026-06-17 01:08:57 Checking for update using Github
2026-06-17 01:08:58 Success.
2026-06-17 01:08:58 Latest version is 1.12.7
2026-06-17 01:08:58 App is up to date.
2026-06-17 02:08:57 Checking for update using Github
2026-06-17 02:08:58 Success.
2026-06-17 02:08:58 Latest version is 1.12.7
2026-06-17 02:08:58 App is up to date.
2026-06-17 03:08:57 Checking for update using Github
2026-06-17 03:08:59 Success.
2026-06-17 03:08:59 Latest version is 1.12.7
2026-06-17 03:08:59 App is up to date.
2026-06-17 04:08:57 Checking for update using Github
2026-06-17 04:08:58 Success.
2026-06-17 04:08:58 Latest version is 1.12.7
2026-06-17 04:08:58 App is up to date.
2026-06-17 05:08:57 Checking for update using Github
2026-06-17 05:08:58 Success.
2026-06-17 05:08:58 Latest version is 1.12.7
2026-06-17 05:08:58 App is up to date.
2026-06-17 06:08:57 Checking for update using Github
2026-06-17 06:08:59 Success.
2026-06-17 06:08:59 Latest version is 1.12.7
2026-06-17 06:08:59 App is up to date.
2026-06-17 07:08:57 Checking for update using Github
2026-06-17 07:09:35 Failed to check for update using Github (net::ERR_CONNECTION_RESET)
2026-06-17 07:09:35 Checking for update using obsidian.md
2026-06-17 07:09:36 Failed to check for update using obsidian.md (Unexpected end of JSON input)
2026-06-17 08:08:58 Checking for update using Github
2026-06-17 08:08:58 Success.
2026-06-17 08:08:58 Latest version is 1.12.7
2026-06-17 08:08:58 App is up to date.
2026-06-17 09:08:58 Checking for update using Github
2026-06-17 09:09:25 Failed to check for update using Github (net::ERR_CONNECTION_RESET)
2026-06-17 09:09:25 Checking for update using obsidian.md
2026-06-17 09:09:25 Failed to check for update using obsidian.md (Unexpected end of JSON input)
2026-06-17 10:08:58 Checking for update using Github
2026-06-17 10:08:59 Success.
2026-06-17 10:08:59 Latest version is 1.12.7
2026-06-17 10:08:59 App is up to date.
2026-06-17 11:08:58 Checking for update using Github
2026-06-17 11:08:58 Success.
2026-06-17 11:08:58 Latest version is 1.12.7
2026-06-17 11:08:58 App is up to date.
2026-06-17 12:08:58 Checking for update using Github
2026-06-17 12:09:37 Failed to check for update using Github (net::ERR_CONNECTION_RESET)
2026-06-17 12:09:37 Checking for update using obsidian.md
2026-06-17 12:09:37 Failed to check for update using obsidian.md (Unexpected end of JSON input)
2026-06-17 13:08:58 Checking for update using Github
2026-06-17 13:08:58 Success.
2026-06-17 13:08:58 Latest version is 1.12.7
2026-06-17 13:08:58 App is up to date.
2026-06-17 14:08:58 Checking for update using Github
2026-06-17 14:08:59 Success.
2026-06-17 14:08:59 Latest version is 1.12.7
2026-06-17 14:08:59 App is up to date.
2026-06-17 15:08:58 Checking for update using Github
2026-06-17 15:08:58 Success.
2026-06-17 15:08:58 Latest version is 1.12.7
2026-06-17 15:08:58 App is up to date.
2026-06-17 16:08:58 Checking for update using Github
2026-06-17 16:08:58 Success.
2026-06-17 16:08:58 Latest version is 1.12.7
2026-06-17 16:08:58 App is up to date.
2026-06-17 17:08:58 Checking for update using Github
2026-06-17 17:09:25 Failed to check for update using Github (net::ERR_CONNECTION_RESET)
2026-06-17 17:09:25 Checking for update using obsidian.md
2026-06-17 17:09:26 Failed to check for update using obsidian.md (Unexpected end of JSON input)
2026-06-17 18:08:58 Checking for update using Github
2026-06-17 18:08:58 Success.
2026-06-17 18:08:58 Latest version is 1.12.7
2026-06-17 18:08:58 App is up to date.
2026-06-17 19:08:58 Checking for update using Github
2026-06-17 19:09:23 Failed to check for update using Github (net::ERR_CONNECTION_RESET)
2026-06-17 19:09:23 Checking for update using obsidian.md
2026-06-17 19:09:24 Failed to check for update using obsidian.md (Unexpected end of JSON input)
2026-06-17 20:08:58 Checking for update using Github
2026-06-17 20:08:59 Success.
2026-06-17 20:08:59 Latest version is 1.12.7
2026-06-17 20:08:59 App is up to date.
2026-06-17 21:08:58 Checking for update using Github
2026-06-17 21:09:23 Failed to check for update using Github (net::ERR_CONNECTION_RESET)
2026-06-17 21:09:23 Checking for update using obsidian.md
2026-06-17 21:09:24 Failed to check for update using obsidian.md (Unexpected end of JSON input)
2026-06-17 22:08:58 Checking for update using Github
2026-06-17 22:09:35 Failed to check for update using Github (net::ERR_CONNECTION_RESET)
2026-06-17 22:09:35 Checking for update using obsidian.md
2026-06-17 22:09:35 Failed to check for update using obsidian.md (Unexpected end of JSON input)
2026-06-17 23:08:58 Checking for update using Github
2026-06-17 23:08:59 Success.
2026-06-17 23:08:59 Latest version is 1.12.7
2026-06-17 23:08:59 App is up to date.
2026-06-18 00:08:58 Checking for update using Github
2026-06-18 00:09:38 Failed to check for update using Github (net::ERR_CONNECTION_RESET)
2026-06-18 00:09:38 Checking for update using obsidian.md
2026-06-18 00:09:39 Failed to check for update using obsidian.md (Unexpected end of JSON input)
2026-06-18 01:08:58 Checking for update using Github
2026-06-18 01:08:59 Success.
2026-06-18 01:08:59 Latest version is 1.12.7
2026-06-18 01:08:59 App is up to date.
2026-06-18 02:08:58 Checking for update using Github
2026-06-18 02:08:59 Success.
2026-06-18 02:08:59 Latest version is 1.12.7
2026-06-18 02:08:59 App is up to date.
2026-06-18 03:08:58 Checking for update using Github
2026-06-18 03:09:35 Failed to check for update using Github (net::ERR_CONNECTION_RESET)
2026-06-18 03:09:35 Checking for update using obsidian.md
2026-06-18 03:09:35 Failed to check for update using obsidian.md (Unexpected end of JSON input)
2026-06-18 04:08:58 Checking for update using Github
2026-06-18 04:08:59 Success.
2026-06-18 04:08:59 Latest version is 1.12.7
2026-06-18 04:08:59 App is up to date.
2026-06-18 05:08:58 Checking for update using Github
2026-06-18 05:09:17 Success.
2026-06-18 05:09:17 Latest version is 1.12.7
2026-06-18 05:09:17 App is up to date.
2026-06-18 06:08:58 Checking for update using Github
2026-06-18 06:08:59 Success.
2026-06-18 06:08:59 Latest version is 1.12.7
2026-06-18 06:08:59 App is up to date.
2026-06-18 07:08:58 Checking for update using Github
2026-06-18 07:09:00 Success.
2026-06-18 07:09:00 Latest version is 1.12.7
2026-06-18 07:09:00 App is up to date.
2026-06-18 08:08:58 Checking for update using Github
2026-06-18 08:08:59 Success.
2026-06-18 08:08:59 Latest version is 1.12.7
2026-06-18 08:08:59 App is up to date.
2026-06-18 09:08:58 Checking for update using Github
2026-06-18 09:09:35 Failed to check for update using Github (net::ERR_CONNECTION_RESET)
2026-06-18 09:09:35 Checking for update using obsidian.md
2026-06-18 09:09:35 Failed to check for update using obsidian.md (Unexpected end of JSON input)
2026-06-18 10:08:58 Checking for update using Github
2026-06-18 10:08:59 Success.
2026-06-18 10:08:59 Latest version is 1.12.7
2026-06-18 10:08:59 App is up to date.
2026-06-18 11:08:58 Checking for update using Github
2026-06-18 11:08:59 Success.
2026-06-18 11:08:59 Latest version is 1.12.7
2026-06-18 11:08:59 App is up to date.
2026-06-18 12:08:58 Checking for update using Github
2026-06-18 12:08:59 Success.
2026-06-18 12:08:59 Latest version is 1.12.7
2026-06-18 12:08:59 App is up to date.
2026-06-18 13:08:58 Checking for update using Github
2026-06-18 13:08:59 Success.
2026-06-18 13:08:59 Latest version is 1.12.7
2026-06-18 13:08:59 App is up to date.
2026-06-18 14:08:58 Checking for update using Github
2026-06-18 14:08:59 Success.
2026-06-18 14:08:59 Latest version is 1.12.7
2026-06-18 14:08:59 App is up to date.
2026-06-18 15:08:58 Checking for update using Github
2026-06-18 15:09:37 Failed to check for update using Github (net::ERR_CONNECTION_RESET)
2026-06-18 15:09:37 Checking for update using obsidian.md
2026-06-18 15:09:38 Failed to check for update using obsidian.md (Unexpected end of JSON input)
2026-06-18 16:08:58 Checking for update using Github
2026-06-18 16:08:59 Success.
2026-06-18 16:08:59 Latest version is 1.12.7
2026-06-18 16:08:59 App is up to date.
2026-06-18 17:08:58 Checking for update using Github
2026-06-18 17:08:59 Success.
2026-06-18 17:08:59 Latest version is 1.12.7
2026-06-18 17:08:59 App is up to date.
2026-06-18 18:08:58 Checking for update using Github
2026-06-18 18:09:26 Failed to check for update using Github (net::ERR_CONNECTION_RESET)
2026-06-18 18:09:26 Checking for update using obsidian.md
2026-06-18 18:09:26 Failed to check for update using obsidian.md (Unexpected end of JSON input)
2026-06-18 19:08:58 Checking for update using Github
2026-06-18 19:09:25 Failed to check for update using Github (net::ERR_CONNECTION_RESET)
2026-06-18 19:09:25 Checking for update using obsidian.md
2026-06-18 19:09:25 Failed to check for update using obsidian.md (Unexpected end of JSON input)
2026-06-18 20:08:58 Checking for update using Github
2026-06-18 20:08:59 Success.
2026-06-18 20:08:59 Latest version is 1.12.7
2026-06-18 20:08:59 App is up to date.
2026-06-18 21:08:58 Checking for update using Github
2026-06-18 21:08:59 Success.
2026-06-18 21:08:59 Latest version is 1.12.7
2026-06-18 21:08:59 App is up to date.
2026-06-18 22:08:58 Checking for update using Github
2026-06-18 22:08:59 Success.
2026-06-18 22:08:59 Latest version is 1.12.7
2026-06-18 22:08:59 App is up to date.
2026-06-18 23:08:58 Checking for update using Github
2026-06-18 23:09:24 Failed to check for update using Github (net::ERR_CONNECTION_RESET)
2026-06-18 23:09:24 Checking for update using obsidian.md
2026-06-18 23:09:24 Failed to check for update using obsidian.md (Unexpected end of JSON input)
2026-06-19 00:08:58 Checking for update using Github
2026-06-19 00:08:59 Success.
2026-06-19 00:08:59 Latest version is 1.12.7
2026-06-19 00:08:59 App is up to date.
2026-06-19 01:08:59 Checking for update using Github
2026-06-19 01:08:59 Success.
2026-06-19 01:08:59 Latest version is 1.12.7
2026-06-19 01:08:59 App is up to date.
2026-06-19 02:08:59 Checking for update using Github
2026-06-19 02:08:59 Success.
2026-06-19 02:08:59 Latest version is 1.12.7
2026-06-19 02:08:59 App is up to date.
2026-06-19 03:08:59 Checking for update using Github
2026-06-19 03:08:59 Success.
2026-06-19 03:08:59 Latest version is 1.12.7
2026-06-19 03:08:59 App is up to date.
2026-06-19 04:08:59 Checking for update using Github
2026-06-19 04:09:36 Failed to check for update using Github (net::ERR_CONNECTION_RESET)
2026-06-19 04:09:36 Checking for update using obsidian.md
2026-06-19 04:09:36 Failed to check for update using obsidian.md (Unexpected end of JSON input)
2026-06-19 05:08:59 Checking for update using Github
2026-06-19 05:08:59 Success.
2026-06-19 05:08:59 Latest version is 1.12.7
2026-06-19 05:08:59 App is up to date.
2026-06-19 06:08:59 Checking for update using Github
2026-06-19 06:08:59 Success.
2026-06-19 06:08:59 Latest version is 1.12.7
2026-06-19 06:08:59 App is up to date.
2026-06-19 07:08:59 Checking for update using Github
2026-06-19 07:08:59 Success.
2026-06-19 07:08:59 Latest version is 1.12.7
2026-06-19 07:08:59 App is up to date.
2026-06-19 08:08:59 Checking for update using Github
2026-06-19 08:08:59 Success.
2026-06-19 08:08:59 Latest version is 1.12.7
2026-06-19 08:08:59 App is up to date.
2026-06-19 09:08:59 Checking for update using Github
2026-06-19 09:09:19 Success.
2026-06-19 09:09:19 Latest version is 1.12.7
2026-06-19 09:09:19 App is up to date.
2026-06-19 10:08:59 Checking for update using Github
2026-06-19 10:08:59 Success.
2026-06-19 10:08:59 Latest version is 1.12.7
2026-06-19 10:08:59 App is up to date.
2026-06-19 11:08:59 Checking for update using Github
2026-06-19 11:09:37 Failed to check for update using Github (net::ERR_CONNECTION_RESET)
2026-06-19 11:09:37 Checking for update using obsidian.md
2026-06-19 11:09:38 Failed to check for update using obsidian.md (Unexpected end of JSON input)
2026-06-19 12:08:59 Checking for update using Github
2026-06-19 12:09:30 Failed to check for update using Github (net::ERR_CONNECTION_RESET)
2026-06-19 12:09:30 Checking for update using obsidian.md
2026-06-19 12:09:31 Failed to check for update using obsidian.md (Unexpected end of JSON input)
2026-06-19 13:08:59 Checking for update using Github
2026-06-19 13:09:00 Success.
2026-06-19 13:09:00 Latest version is 1.12.7
2026-06-19 13:09:00 App is up to date.
2026-06-19 14:08:59 Checking for update using Github
2026-06-19 14:09:00 Success.
2026-06-19 14:09:00 Latest version is 1.12.7
2026-06-19 14:09:00 App is up to date.
2026-06-19 15:08:59 Checking for update using Github
2026-06-19 15:09:27 Failed to check for update using Github (net::ERR_CONNECTION_RESET)
2026-06-19 15:09:27 Checking for update using obsidian.md
2026-06-19 15:09:28 Failed to check for update using obsidian.md (Unexpected end of JSON input)
2026-06-19 16:08:59 Checking for update using Github
2026-06-19 16:09:37 Failed to check for update using Github (net::ERR_CONNECTION_RESET)
2026-06-19 16:09:37 Checking for update using obsidian.md
2026-06-19 16:09:38 Failed to check for update using obsidian.md (Unexpected end of JSON input)
2026-06-19 17:08:59 Checking for update using Github
2026-06-19 17:09:00 Success.
2026-06-19 17:09:00 Latest version is 1.12.7
2026-06-19 17:09:00 App is up to date.
2026-06-19 18:08:59 Checking for update using Github
2026-06-19 18:09:38 Failed to check for update using Github (net::ERR_CONNECTION_RESET)
2026-06-19 18:09:38 Checking for update using obsidian.md
2026-06-19 18:09:38 Failed to check for update using obsidian.md (Unexpected end of JSON input)
2026-06-19 19:08:59 Checking for update using Github
2026-06-19 19:09:00 Success.
2026-06-19 19:09:00 Latest version is 1.12.7
2026-06-19 19:09:00 App is up to date.
2026-06-19 20:08:59 Checking for update using Github
2026-06-19 20:09:24 Failed to check for update using Github (net::ERR_CONNECTION_RESET)
2026-06-19 20:09:24 Checking for update using obsidian.md
2026-06-19 20:09:25 Failed to check for update using obsidian.md (Unexpected end of JSON input)
2026-06-19 21:08:59 Checking for update using Github
2026-06-19 21:09:24 Failed to check for update using Github (net::ERR_CONNECTION_RESET)
2026-06-19 21:09:24 Checking for update using obsidian.md
2026-06-19 21:09:25 Failed to check for update using obsidian.md (Unexpected end of JSON input)
2026-06-19 22:08:59 Checking for update using Github
2026-06-19 22:09:00 Success.
2026-06-19 22:09:00 Latest version is 1.12.7
2026-06-19 22:09:00 App is up to date.
2026-06-19 23:08:59 Checking for update using Github
2026-06-19 23:09:00 Success.
2026-06-19 23:09:00 Latest version is 1.12.7
2026-06-19 23:09:00 App is up to date.
2026-06-20 00:08:59 Checking for update using Github
2026-06-20 00:09:00 Success.
2026-06-20 00:09:00 Latest version is 1.12.7
2026-06-20 00:09:00 App is up to date.
2026-06-20 01:08:59 Checking for update using Github
2026-06-20 01:09:00 Success.
2026-06-20 01:09:00 Latest version is 1.12.7
2026-06-20 01:09:00 App is up to date.
2026-06-20 02:08:59 Checking for update using Github
2026-06-20 02:09:00 Success.
2026-06-20 02:09:00 Latest version is 1.12.7
2026-06-20 02:09:00 App is up to date.
2026-06-20 03:08:59 Checking for update using Github
2026-06-20 03:09:26 Failed to check for update using Github (net::ERR_CONNECTION_RESET)
2026-06-20 03:09:26 Checking for update using obsidian.md
2026-06-20 03:09:27 Failed to check for update using obsidian.md (Unexpected end of JSON input)
2026-06-20 04:08:59 Checking for update using Github
2026-06-20 04:09:28 Failed to check for update using Github (net::ERR_CONNECTION_RESET)
2026-06-20 04:09:28 Checking for update using obsidian.md
2026-06-20 04:09:28 Failed to check for update using obsidian.md (Unexpected end of JSON input)
2026-06-20 05:08:59 Checking for update using Github
2026-06-20 05:09:00 Success.
2026-06-20 05:09:00 Latest version is 1.12.7
2026-06-20 05:09:00 App is up to date.
2026-06-20 06:08:59 Checking for update using Github
2026-06-20 06:09:00 Success.
2026-06-20 06:09:00 Latest version is 1.12.7
2026-06-20 06:09:00 App is up to date.
2026-06-20 07:08:59 Checking for update using Github
2026-06-20 07:09:00 Success.
2026-06-20 07:09:00 Latest version is 1.12.7
2026-06-20 07:09:00 App is up to date.
2026-06-20 08:08:59 Checking for update using Github
2026-06-20 08:09:01 Success.
2026-06-20 08:09:01 Latest version is 1.12.7
2026-06-20 08:09:01 App is up to date.
2026-06-20 09:08:59 Checking for update using Github
2026-06-20 09:09:01 Success.
2026-06-20 09:09:01 Latest version is 1.12.7
2026-06-20 09:09:01 App is up to date.
2026-06-20 10:08:59 Checking for update using Github
2026-06-20 10:09:00 Success.
2026-06-20 10:09:00 Latest version is 1.12.7
2026-06-20 10:09:00 App is up to date.
2026-06-20 11:08:59 Checking for update using Github
2026-06-20 11:09:00 Success.
2026-06-20 11:09:00 Latest version is 1.12.7
2026-06-20 11:09:00 App is up to date.
2026-06-20 12:08:59 Checking for update using Github
2026-06-20 12:09:00 Success.
2026-06-20 12:09:00 Latest version is 1.12.7
2026-06-20 12:09:00 App is up to date.
2026-06-20 13:08:59 Checking for update using Github
2026-06-20 13:09:00 Success.
2026-06-20 13:09:00 Latest version is 1.12.7
2026-06-20 13:09:00 App is up to date.
2026-06-20 14:08:59 Checking for update using Github
2026-06-20 14:09:00 Success.
2026-06-20 14:09:00 Latest version is 1.12.7
2026-06-20 14:09:00 App is up to date.
2026-06-20 15:08:59 Checking for update using Github
2026-06-20 15:09:27 Failed to check for update using Github (net::ERR_CONNECTION_RESET)
2026-06-20 15:09:27 Checking for update using obsidian.md
2026-06-20 15:09:28 Failed to check for update using obsidian.md (Unexpected end of JSON input)
2026-06-20 16:08:59 Checking for update using Github
2026-06-20 16:09:00 Success.
2026-06-20 16:09:00 Latest version is 1.12.7
2026-06-20 16:09:00 App is up to date.
2026-06-20 17:08:59 Checking for update using Github
2026-06-20 17:09:00 Success.
2026-06-20 17:09:00 Latest version is 1.12.7
2026-06-20 17:09:00 App is up to date.
2026-06-20 18:09:00 Checking for update using Github
2026-06-20 18:09:00 Success.
2026-06-20 18:09:00 Latest version is 1.12.7
2026-06-20 18:09:00 App is up to date.
2026-06-20 19:09:00 Checking for update using Github
2026-06-20 19:09:00 Success.
2026-06-20 19:09:00 Latest version is 1.12.7
2026-06-20 19:09:00 App is up to date.
2026-06-20 20:09:00 Checking for update using Github
2026-06-20 20:09:26 Failed to check for update using Github (net::ERR_CONNECTION_RESET)
2026-06-20 20:09:26 Checking for update using obsidian.md
2026-06-20 20:09:26 Failed to check for update using obsidian.md (Unexpected end of JSON input)
2026-06-20 21:09:00 Checking for update using Github
2026-06-20 21:09:00 Success.
2026-06-20 21:09:00 Latest version is 1.12.7
2026-06-20 21:09:00 App is up to date.
2026-06-20 22:09:00 Checking for update using Github
2026-06-20 22:09:00 Success.
2026-06-20 22:09:00 Latest version is 1.12.7
2026-06-20 22:09:00 App is up to date.
2026-06-20 23:09:00 Checking for update using Github
2026-06-20 23:09:00 Success.
2026-06-20 23:09:00 Latest version is 1.12.7
2026-06-20 23:09:00 App is up to date.
2026-06-21 00:09:00 Checking for update using Github
2026-06-21 00:09:00 Success.
2026-06-21 00:09:00 Latest version is 1.12.7
2026-06-21 00:09:00 App is up to date.
2026-06-21 01:09:00 Checking for update using Github
2026-06-21 01:09:00 Success.
2026-06-21 01:09:00 Latest version is 1.12.7
2026-06-21 01:09:00 App is up to date.
2026-06-21 02:09:00 Checking for update using Github
2026-06-21 02:09:00 Success.
2026-06-21 02:09:00 Latest version is 1.12.7
2026-06-21 02:09:00 App is up to date.
2026-06-21 03:09:00 Checking for update using Github
2026-06-21 03:09:45 Failed to check for update using Github (net::ERR_CONNECTION_RESET)
2026-06-21 03:09:45 Checking for update using obsidian.md
2026-06-21 03:09:45 Failed to check for update using obsidian.md (Unexpected end of JSON input)
2026-06-21 04:09:00 Checking for update using Github
2026-06-21 04:09:00 Success.
2026-06-21 04:09:00 Latest version is 1.12.7
2026-06-21 04:09:00 App is up to date.
2026-06-21 05:09:00 Checking for update using Github
2026-06-21 05:09:01 Success.
2026-06-21 05:09:01 Latest version is 1.12.7
2026-06-21 05:09:01 App is up to date.
2026-06-21 06:09:00 Checking for update using Github
2026-06-21 06:09:00 Success.
2026-06-21 06:09:00 Latest version is 1.12.7
2026-06-21 06:09:00 App is up to date.
2026-06-21 07:09:00 Checking for update using Github
2026-06-21 07:09:01 Success.
2026-06-21 07:09:01 Latest version is 1.12.7
2026-06-21 07:09:01 App is up to date.
2026-06-21 08:09:00 Checking for update using Github
2026-06-21 08:09:01 Success.
2026-06-21 08:09:01 Latest version is 1.12.7
2026-06-21 08:09:01 App is up to date.
2026-06-21 09:09:00 Checking for update using Github
2026-06-21 09:09:08 Success.
2026-06-21 09:09:08 Latest version is 1.12.7
2026-06-21 09:09:08 App is up to date.
2026-06-21 10:09:00 Checking for update using Github
2026-06-21 10:09:00 Success.
2026-06-21 10:09:00 Latest version is 1.12.7
2026-06-21 10:09:00 App is up to date.
2026-06-21 11:09:00 Checking for update using Github
2026-06-21 11:09:01 Success.
2026-06-21 11:09:01 Latest version is 1.12.7
2026-06-21 11:09:01 App is up to date.
2026-06-21 12:09:00 Checking for update using Github
2026-06-21 12:09:01 Success.
2026-06-21 12:09:01 Latest version is 1.12.7
2026-06-21 12:09:01 App is up to date.
2026-06-21 13:09:00 Checking for update using Github
2026-06-21 13:09:40 Failed to check for update using Github (net::ERR_CONNECTION_RESET)
2026-06-21 13:09:40 Checking for update using obsidian.md
2026-06-21 13:09:40 Failed to check for update using obsidian.md (Unexpected end of JSON input)
2026-06-21 14:09:00 Checking for update using Github
2026-06-21 14:09:01 Success.
2026-06-21 14:09:01 Latest version is 1.12.7
2026-06-21 14:09:01 App is up to date.
2026-06-21 15:09:00 Checking for update using Github
2026-06-21 15:09:01 Success.
2026-06-21 15:09:01 Latest version is 1.12.7
2026-06-21 15:09:01 App is up to date.
2026-06-21 16:09:00 Checking for update using Github
2026-06-21 16:09:01 Success.
2026-06-21 16:09:01 Latest version is 1.12.7
2026-06-21 16:09:01 App is up to date.
2026-06-21 17:09:00 Checking for update using Github
2026-06-21 17:09:01 Success.
2026-06-21 17:09:01 Latest version is 1.12.7
2026-06-21 17:09:01 App is up to date.
2026-06-21 18:09:00 Checking for update using Github
2026-06-21 18:09:25 Failed to check for update using Github (net::ERR_CONNECTION_RESET)
2026-06-21 18:09:25 Checking for update using obsidian.md
2026-06-21 18:09:26 Failed to check for update using obsidian.md (Unexpected end of JSON input)
2026-06-21 19:09:00 Checking for update using Github
2026-06-21 19:09:01 Success.
2026-06-21 19:09:01 Latest version is 1.12.7
2026-06-21 19:09:01 App is up to date.
2026-06-21 20:09:00 Checking for update using Github
2026-06-21 20:09:22 Failed to check for update using Github (net::ERR_CONNECTION_RESET)
2026-06-21 20:09:22 Checking for update using obsidian.md
2026-06-21 20:09:22 Failed to check for update using obsidian.md (Unexpected end of JSON input)
2026-06-21 21:09:00 Checking for update using Github
2026-06-21 21:09:01 Success.
2026-06-21 21:09:01 Latest version is 1.12.7
2026-06-21 21:09:01 App is up to date.
2026-06-21 22:09:00 Checking for update using Github
2026-06-21 22:09:01 Success.
2026-06-21 22:09:01 Latest version is 1.12.7
2026-06-21 22:09:01 App is up to date.
2026-06-21 23:09:00 Checking for update using Github
2026-06-21 23:09:01 Success.
2026-06-21 23:09:01 Latest version is 1.12.7
2026-06-21 23:09:01 App is up to date.
2026-06-22 00:09:00 Checking for update using Github
2026-06-22 00:09:01 Success.
2026-06-22 00:09:01 Latest version is 1.12.7
2026-06-22 00:09:01 App is up to date.
2026-06-22 01:09:00 Checking for update using Github
2026-06-22 01:09:41 Failed to check for update using Github (net::ERR_CONNECTION_RESET)
2026-06-22 01:09:41 Checking for update using obsidian.md
2026-06-22 01:09:41 Failed to check for update using obsidian.md (Unexpected end of JSON input)
2026-06-22 02:09:00 Checking for update using Github
2026-06-22 02:09:01 Success.
2026-06-22 02:09:01 Latest version is 1.12.7
2026-06-22 02:09:01 App is up to date.
2026-06-22 03:09:00 Checking for update using Github
2026-06-22 03:09:01 Success.
2026-06-22 03:09:01 Latest version is 1.12.7
2026-06-22 03:09:01 App is up to date.
2026-06-22 04:09:00 Checking for update using Github
2026-06-22 04:09:01 Success.
2026-06-22 04:09:01 Latest version is 1.12.7
2026-06-22 04:09:01 App is up to date.
2026-06-22 05:09:00 Checking for update using Github
2026-06-22 05:09:38 Failed to check for update using Github (net::ERR_CONNECTION_RESET)
2026-06-22 05:09:38 Checking for update using obsidian.md
2026-06-22 05:09:38 Failed to check for update using obsidian.md (Unexpected end of JSON input)
2026-06-22 06:09:00 Checking for update using Github
2026-06-22 06:09:01 Success.
2026-06-22 06:09:01 Latest version is 1.12.7
2026-06-22 06:09:01 App is up to date.
2026-06-22 07:09:00 Checking for update using Github
2026-06-22 07:09:02 Success.
2026-06-22 07:09:02 Latest version is 1.12.7
2026-06-22 07:09:02 App is up to date.
2026-06-22 08:09:00 Checking for update using Github
2026-06-22 08:09:01 Success.
2026-06-22 08:09:01 Latest version is 1.12.7
2026-06-22 08:09:01 App is up to date.
2026-06-22 09:09:00 Checking for update using Github
2026-06-22 09:09:39 Failed to check for update using Github (net::ERR_CONNECTION_RESET)
2026-06-22 09:09:39 Checking for update using obsidian.md
2026-06-22 09:09:41 Failed to check for update using obsidian.md (Unexpected end of JSON input)
2026-06-22 10:09:00 Checking for update using Github
2026-06-22 10:09:01 Success.
2026-06-22 10:09:01 Latest version is 1.12.7
2026-06-22 10:09:01 App is up to date.
2026-06-22 11:09:01 Checking for update using Github
2026-06-22 11:09:01 Success.
2026-06-22 11:09:01 Latest version is 1.12.7
2026-06-22 11:09:01 App is up to date.
2026-06-22 12:09:01 Checking for update using Github
2026-06-22 12:09:04 Success.
2026-06-22 12:09:04 Latest version is 1.12.7
2026-06-22 12:09:04 App is up to date.
2026-06-22 13:09:01 Checking for update using Github
2026-06-22 13:09:01 Success.
2026-06-22 13:09:01 Latest version is 1.12.7
2026-06-22 13:09:01 App is up to date.
2026-06-22 14:09:01 Checking for update using Github
2026-06-22 14:09:31 Failed to check for update using Github (net::ERR_TIMED_OUT)
2026-06-22 14:09:31 Checking for update using obsidian.md
2026-06-22 14:09:31 Failed to check for update using obsidian.md (Unexpected end of JSON input)
2026-06-22 15:09:01 Checking for update using Github
2026-06-22 15:09:01 Success.
2026-06-22 15:09:01 Latest version is 1.12.7
2026-06-22 15:09:01 App is up to date.
2026-06-22 16:09:01 Checking for update using Github
2026-06-22 16:09:01 Success.
2026-06-22 16:09:01 Latest version is 1.12.7
2026-06-22 16:09:01 App is up to date.
2026-06-22 17:09:01 Checking for update using Github
2026-06-22 17:09:01 Success.
2026-06-22 17:09:01 Latest version is 1.12.7
2026-06-22 17:09:01 App is up to date.
2026-06-22 18:09:01 Checking for update using Github
2026-06-22 18:09:01 Success.
2026-06-22 18:09:01 Latest version is 1.12.7
2026-06-22 18:09:01 App is up to date.
2026-06-22 19:09:01 Checking for update using Github
2026-06-22 19:09:01 Success.
2026-06-22 19:09:01 Latest version is 1.12.7
2026-06-22 19:09:01 App is up to date.
2026-06-22 20:09:01 Checking for update using Github
2026-06-22 20:09:30 Failed to check for update using Github (net::ERR_CONNECTION_RESET)
2026-06-22 20:09:30 Checking for update using obsidian.md
2026-06-22 20:09:30 Failed to check for update using obsidian.md (Unexpected end of JSON input)
2026-06-22 21:09:01 Checking for update using Github
2026-06-22 21:09:26 Failed to check for update using Github (net::ERR_CONNECTION_RESET)
2026-06-22 21:09:26 Checking for update using obsidian.md
2026-06-22 21:09:27 Failed to check for update using obsidian.md (Unexpected end of JSON input)
2026-06-22 22:09:01 Checking for update using Github
2026-06-22 22:09:02 Success.
2026-06-22 22:09:02 Latest version is 1.12.7
2026-06-22 22:09:02 App is up to date.
2026-06-22 23:09:01 Checking for update using Github
2026-06-22 23:09:02 Success.
2026-06-22 23:09:02 Latest version is 1.12.7
2026-06-22 23:09:02 App is up to date.
2026-06-23 00:09:01 Checking for update using Github
2026-06-23 00:09:02 Success.
2026-06-23 00:09:02 Latest version is 1.12.7
2026-06-23 00:09:02 App is up to date.
2026-06-23 01:09:01 Checking for update using Github
2026-06-23 01:09:02 Success.
2026-06-23 01:09:02 Latest version is 1.12.7
2026-06-23 01:09:02 App is up to date.
2026-06-23 02:09:01 Checking for update using Github
2026-06-23 02:09:01 Success.
2026-06-23 02:09:01 Latest version is 1.12.7
2026-06-23 02:09:01 App is up to date.
2026-06-23 03:09:01 Checking for update using Github
2026-06-23 03:09:01 Success.
2026-06-23 03:09:01 Latest version is 1.12.7
2026-06-23 03:09:01 App is up to date.
2026-06-23 04:09:01 Checking for update using Github
2026-06-23 04:09:38 Failed to check for update using Github (net::ERR_CONNECTION_RESET)
2026-06-23 04:09:38 Checking for update using obsidian.md
2026-06-23 04:09:38 Failed to check for update using obsidian.md (Unexpected end of JSON input)
2026-06-23 05:09:01 Checking for update using Github
2026-06-23 05:09:01 Success.
2026-06-23 05:09:01 Latest version is 1.12.7
2026-06-23 05:09:01 App is up to date.
2026-06-23 06:09:01 Checking for update using Github
2026-06-23 06:09:02 Success.
2026-06-23 06:09:02 Latest version is 1.12.7
2026-06-23 06:09:02 App is up to date.
2026-06-23 07:09:01 Checking for update using Github
2026-06-23 07:09:02 Success.
2026-06-23 07:09:02 Latest version is 1.12.7
2026-06-23 07:09:02 App is up to date.
2026-06-23 08:09:01 Checking for update using Github
2026-06-23 08:09:39 Failed to check for update using Github (net::ERR_CONNECTION_RESET)
2026-06-23 08:09:39 Checking for update using obsidian.md
2026-06-23 08:09:40 Failed to check for update using obsidian.md (Unexpected end of JSON input)
2026-06-23 09:09:01 Checking for update using Github
2026-06-23 09:09:05 Success.
2026-06-23 09:09:05 Latest version is 1.12.7
2026-06-23 09:09:05 App is up to date.
2026-06-23 10:09:01 Checking for update using Github
2026-06-23 10:09:02 Success.
2026-06-23 10:09:02 Latest version is 1.12.7
2026-06-23 10:09:02 App is up to date.
2026-06-23 11:09:01 Checking for update using Github
2026-06-23 11:09:02 Success.
2026-06-23 11:09:02 Latest version is 1.12.7
2026-06-23 11:09:02 App is up to date.
2026-06-23 12:09:01 Checking for update using Github
2026-06-23 12:09:03 Success.
2026-06-23 12:09:03 Latest version is 1.12.7
2026-06-23 12:09:03 App is up to date.
2026-06-23 13:09:01 Checking for update using Github
2026-06-23 13:09:03 Success.
2026-06-23 13:09:03 Latest version is 1.12.7
2026-06-23 13:09:03 App is up to date.
