[17:18:11] PUSH [info] ✅ 任务完成 [S] t-20260611-171810-408d24
角色: ops | 耗时: 1s | 目标: ship 测试
产物:
  - C:/Users/Administrator/.hermes/skills/task-queue/queue.py (17309B, sha=15eba1cf)
  - C:/Users/Administrator/.hermes/skills/task-queue/watchdog.py (11977B, sha=c299d1ea)
验证: ✅ verify ok
journal: ~/.hermes/journal/2026-06-11.md
[17:18:28] PUSH [info] ✅ 任务完成 [S] t-20260611-171810-408d24
角色: ops | 耗时: 1s | 目标: ship 测试
产物:
  - C:/Users/Administrator/.hermes/skills/task-queue/queue.py (17309B, sha=15eba1cf)
  - C:/Users/Administrator/.hermes/skills/task-queue/watchdog.py (11977B, sha=c299d1ea)
验证: ✅ verify ok
journal: ~/.hermes/journal/2026-06-11.md
[17:20:33] PUSH [info] ✅ 任务完成 [S] t-20260611-172033-542536
角色: ops | 耗时: 0s | 目标: ship CLI test
产物:
  - C:/Users/Administrator/.hermes/skills/task-queue/queue.py (17309B, sha=15eba1cf)
验证: ❌ verify 失败: ?
journal: C:\Users\Administrator\.hermes\journal\2026-06-11.md
[17:21:46] PUSH [info] ✅ 任务完成 [S] t-20260611-172146-242b8e
角色: ops | 耗时: 0s | 目标: V5-1 推送测试
产物:
  - C:/test/a.py (100B, sha=abcd1234)
  - C:/test/b.py (200B, sha=efgh5678)
验证: ✅ verify ok
journal: ~/.hermes/journal/2026-06-11.md
[17:21:46] PUSH [info] ✅ 任务完成 [S] t-20260611-172146-445e7a
角色: ops | 耗时: 0s | 目标: V5-2 无产物
产物:
  (无)
验证: —
[17:21:46] PUSH [info] ✅ 任务完成 [S] t-20260611-172146-6b7ce4
角色: ops | 耗时: 0s | 目标: V5-3 verify 失败
产物:
  (无)
验证: ❌ verify 失败: file not found
[17:21:46] PUSH [info] ✅ 任务完成 [M] t-20260611-172146-3366f1
角色: general | 耗时: 0s | 目标: V5-4 ship 闭环
产物:
  - C:\Users\Administrator\tmp_v5_test.txt (8B, sha=87f50b03)
验证: ✅ verify ok
journal: C:\Users\Administrator\.hermes\journal\2026-06-11.md
[17:22:11] PUSH [info] ✅ 任务完成 [S] t-20260611-172211-64a2f3
角色: ops | 耗时: 0s | 目标: V5-1 推送测试
产物:
  - C:/test/a.py (100B, sha=abcd1234)
  - C:/test/b.py (200B, sha=efgh5678)
验证: ✅ verify ok
journal: ~/.hermes/journal/2026-06-11.md
[17:22:11] PUSH [info] ✅ 任务完成 [S] t-20260611-172211-16b158
角色: ops | 耗时: 0s | 目标: V5-2 无产物
产物:
  (无)
验证: —
[17:22:11] PUSH [info] ✅ 任务完成 [S] t-20260611-172211-703707
角色: ops | 耗时: 0s | 目标: V5-3 verify 失败
产物:
  (无)
验证: ❌ verify 失败: file not found
[17:22:11] PUSH [info] ✅ 任务完成 [M] t-20260611-172211-bea101
角色: general | 耗时: 0s | 目标: V5-4 ship 闭环
产物:
  - C:\Users\Administrator\tmp_v5_test.txt (8B, sha=87f50b03)
验证: ✅ verify ok
journal: C:\Users\Administrator\.hermes\journal\2026-06-11.md
[17:22:11] PUSH [info] ✅ 任务完成 [S] t-20260611-172211-dad9b4
角色: ops | 耗时: 0s | 目标: V5-7 finalize 默认推
产物:
  (无)
验证: ✅ verify ok
journal: C:\Users\Administrator\.hermes\journal\2026-06-11.md
[17:22:11] PUSH [info] ✅ 任务完成 [S] t-20260611-172211-1b8070
角色: ops | 耗时: 0s | 目标: V5-9 多产物
产物:
  - C:/test/f0.py (0B, sha=h0)
  - C:/test/f1.py (100B, sha=h1)
  - C:/test/f2.py (200B, sha=h2)
  - C:/test/f3.py (300B, sha=h3)
  - C:/test/f4.py (400B, sha=h4)
  ... 还有 3 个
验证: —
[17:22:23] PUSH [info] ✅ 任务完成 [M] t-20260611-172223-0c1cfa
角色: tester | 耗时: 0s | 目标: finalize 测试
产物:
  - C:\Users\Administrator\tmp_finalize_test.txt (17B, sha=4a2630e4)
验证: ✅ verify ok
journal: C:\Users\Administrator\.hermes\journal\2026-06-11.md
[17:22:33] PUSH [info] ✅ 任务完成 [S] t-20260611-172233-f3ee96
角色: ops | 耗时: 0s | 目标: V5-1 推送测试
产物:
  - C:/test/a.py (100B, sha=abcd1234)
  - C:/test/b.py (200B, sha=efgh5678)
验证: ✅ verify ok
journal: ~/.hermes/journal/2026-06-11.md
[17:22:33] PUSH [info] ✅ 任务完成 [S] t-20260611-172233-b73ac2
角色: ops | 耗时: 0s | 目标: V5-2 无产物
产物:
  (无)
验证: —
[17:22:33] PUSH [info] ✅ 任务完成 [S] t-20260611-172233-092a76
角色: ops | 耗时: 0s | 目标: V5-3 verify 失败
产物:
  (无)
验证: ❌ verify 失败: file not found
[17:22:33] PUSH [info] ✅ 任务完成 [M] t-20260611-172233-7e06c5
角色: general | 耗时: 0s | 目标: V5-4 ship 闭环
产物:
  - C:\Users\Administrator\tmp_v5_test.txt (8B, sha=87f50b03)
验证: ✅ verify ok
journal: C:\Users\Administrator\.hermes\journal\2026-06-11.md
[17:22:33] PUSH [info] ✅ 任务完成 [S] t-20260611-172233-5f0f73
角色: ops | 耗时: 0s | 目标: V5-7 finalize 默认推
产物:
  (无)
验证: ✅ verify ok
journal: C:\Users\Administrator\.hermes\journal\2026-06-11.md
[17:22:33] PUSH [info] ✅ 任务完成 [S] t-20260611-172233-6c16c4
角色: ops | 耗时: 0s | 目标: V5-9 多产物
产物:
  - C:/test/f0.py (0B, sha=h0)
  - C:/test/f1.py (100B, sha=h1)
  - C:/test/f2.py (200B, sha=h2)
  - C:/test/f3.py (300B, sha=h3)
  - C:/test/f4.py (400B, sha=h4)
  ... 还有 3 个
验证: —
[17:23:19] PUSH [info] ✅ 任务完成 [S] t-20260611-172319-f2bd79
角色: ops | 耗时: 0s | 目标: live ship S
产物:
  (无)
验证: ✅ verify ok
journal: C:\Users\Administrator\.hermes\journal\2026-06-11.md
[17:23:19] PUSH [info] ✅ 任务完成 [M] t-20260611-172319-0998fc
角色: general | 耗时: 0s | 目标: live ship M
产物:
  - C:/Users/Administrator/.hermes/skills/task-queue/queue.py (17309B, sha=15eba1cf)
验证: ❌ verify 失败: ?
journal: C:\Users\Administrator\.hermes\journal\2026-06-11.md
[17:53:20] PUSH [info] ✅ 任务完成 [M] t-20260611-175320-d04641
角色: tester | 耗时: 0s | 目标: finalize 测试
产物:
  - C:\Users\Administrator\tmp_finalize_test.txt (17B, sha=4a2630e4)
验证: ✅ verify ok
journal: C:\Users\Administrator\.hermes\journal\2026-06-11.md
[17:53:30] PUSH [info] ✅ 任务完成 [S] t-20260611-175330-e1f537
角色: ops | 耗时: 0s | 目标: V5-1 推送测试
产物:
  - C:/test/a.py (100B, sha=abcd1234)
  - C:/test/b.py (200B, sha=efgh5678)
验证: ✅ verify ok
journal: ~/.hermes/journal/2026-06-11.md
[17:53:30] PUSH [info] ✅ 任务完成 [S] t-20260611-175330-a530e9
角色: ops | 耗时: 0s | 目标: V5-2 无产物
产物:
  (无)
验证: —
[17:53:30] PUSH [info] ✅ 任务完成 [S] t-20260611-175330-45ebd1
角色: ops | 耗时: 0s | 目标: V5-3 verify 失败
产物:
  (无)
验证: ❌ verify 失败: file not found
[17:53:30] PUSH [info] ✅ 任务完成 [M] t-20260611-175330-27bc70
角色: general | 耗时: 0s | 目标: V5-4 ship 闭环
产物:
  - C:\Users\Administrator\tmp_v5_test.txt (8B, sha=87f50b03)
验证: ✅ verify ok
journal: C:\Users\Administrator\.hermes\journal\2026-06-11.md
[17:53:30] PUSH [info] ✅ 任务完成 [S] t-20260611-175330-8aafd7
角色: ops | 耗时: 0s | 目标: V5-7 finalize 默认推
产物:
  (无)
验证: ✅ verify ok
journal: C:\Users\Administrator\.hermes\journal\2026-06-11.md
[17:53:30] PUSH [info] ✅ 任务完成 [S] t-20260611-175330-6e3856
角色: ops | 耗时: 0s | 目标: V5-9 多产物
产物:
  - C:/test/f0.py (0B, sha=h0)
  - C:/test/f1.py (100B, sha=h1)
  - C:/test/f2.py (200B, sha=h2)
  - C:/test/f3.py (300B, sha=h3)
  - C:/test/f4.py (400B, sha=h4)
  ... 还有 3 个
验证: —
[17:53:44] PUSH [info] ✅ 任务完成 [M] t-20260611-175344-ba351c
角色: tester | 耗时: 0s | 目标: finalize 测试
产物:
  - C:\Users\Administrator\tmp_finalize_test.txt (17B, sha=4a2630e4)
验证: ✅ verify ok
journal: C:\Users\Administrator\.hermes\journal\2026-06-11.md
[17:54:04] PUSH [info] ✅ 任务完成 [M] t-20260611-175404-f2b2f7
角色: tester | 耗时: 0s | 目标: finalize 测试
产物:
  - C:\Users\Administrator\tmp_finalize_test.txt (17B, sha=4a2630e4)
验证: ✅ verify ok
journal: C:\Users\Administrator\.hermes\journal\2026-06-11.md
[18:05:52] PUSH [info] ✅ 任务完成 [M] t-20260611-180552-3ea92b
角色: tester | 耗时: 0s | 目标: finalize 测试
产物:
  - C:\Users\Administrator\tmp_finalize_test.txt (17B, sha=4a2630e4)
验证: ✅ verify ok
journal: C:\Users\Administrator\.hermes\journal\2026-06-11.md
[18:06:02] PUSH [info] ✅ 任务完成 [S] t-20260611-180602-ddf8ea
角色: ops | 耗时: 0s | 目标: V5-1 推送测试
产物:
  - C:/test/a.py (100B, sha=abcd1234)
  - C:/test/b.py (200B, sha=efgh5678)
验证: ✅ verify ok
journal: ~/.hermes/journal/2026-06-11.md
[18:06:02] PUSH [info] ✅ 任务完成 [S] t-20260611-180602-b943c5
角色: ops | 耗时: 0s | 目标: V5-2 无产物
产物:
  (无)
验证: —
[18:06:02] PUSH [info] ✅ 任务完成 [S] t-20260611-180602-38593a
角色: ops | 耗时: 0s | 目标: V5-3 verify 失败
产物:
  (无)
验证: ❌ verify 失败: file not found
[18:06:02] PUSH [info] ✅ 任务完成 [M] t-20260611-180602-3a774d
角色: general | 耗时: 0s | 目标: V5-4 ship 闭环
产物:
  - C:\Users\Administrator\tmp_v5_test.txt (8B, sha=87f50b03)
验证: ✅ verify ok
journal: C:\Users\Administrator\.hermes\journal\2026-06-11.md
[18:06:02] PUSH [info] ✅ 任务完成 [S] t-20260611-180602-7044ea
角色: ops | 耗时: 0s | 目标: V5-7 finalize 默认推
产物:
  (无)
验证: ✅ verify ok
journal: C:\Users\Administrator\.hermes\journal\2026-06-11.md
[18:06:02] PUSH [info] ✅ 任务完成 [S] t-20260611-180602-d6ddfd
角色: ops | 耗时: 0s | 目标: V5-9 多产物
产物:
  - C:/test/f0.py (0B, sha=h0)
  - C:/test/f1.py (100B, sha=h1)
  - C:/test/f2.py (200B, sha=h2)
  - C:/test/f3.py (300B, sha=h3)
  - C:/test/f4.py (400B, sha=h4)
  ... 还有 3 个
验证: —
[18:20:30] PUSH [info] ✅ 任务完成 [M] t-20260611-182030-546933
角色: tester | 耗时: 0s | 目标: finalize 测试
产物:
  - C:\Users\Administrator\tmp_finalize_test.txt (17B, sha=4a2630e4)
验证: ✅ verify ok
journal: C:\Users\Administrator\.hermes\journal\2026-06-11.md
[18:20:40] PUSH [info] ✅ 任务完成 [S] t-20260611-182040-f0e5ca
角色: ops | 耗时: 0s | 目标: V5-1 推送测试
产物:
  - C:/test/a.py (100B, sha=abcd1234)
  - C:/test/b.py (200B, sha=efgh5678)
验证: ✅ verify ok
journal: ~/.hermes/journal/2026-06-11.md
[18:20:40] PUSH [info] ✅ 任务完成 [S] t-20260611-182040-4d840c
角色: ops | 耗时: 0s | 目标: V5-2 无产物
产物:
  (无)
验证: —
[18:20:40] PUSH [info] ✅ 任务完成 [S] t-20260611-182040-f667aa
角色: ops | 耗时: 0s | 目标: V5-3 verify 失败
产物:
  (无)
验证: ❌ verify 失败: file not found
[18:20:40] PUSH [info] ✅ 任务完成 [M] t-20260611-182040-5d649e
角色: general | 耗时: 0s | 目标: V5-4 ship 闭环
产物:
  - C:\Users\Administrator\tmp_v5_test.txt (8B, sha=87f50b03)
验证: ✅ verify ok
journal: C:\Users\Administrator\.hermes\journal\2026-06-11.md
[18:20:40] PUSH [info] ✅ 任务完成 [S] t-20260611-182040-fac523
角色: ops | 耗时: 0s | 目标: V5-7 finalize 默认推
产物:
  (无)
验证: ✅ verify ok
journal: C:\Users\Administrator\.hermes\journal\2026-06-11.md
[18:20:40] PUSH [info] ✅ 任务完成 [S] t-20260611-182040-e4b0dd
角色: ops | 耗时: 0s | 目标: V5-9 多产物
产物:
  - C:/test/f0.py (0B, sha=h0)
  - C:/test/f1.py (100B, sha=h1)
  - C:/test/f2.py (200B, sha=h2)
  - C:/test/f3.py (300B, sha=h3)
  - C:/test/f4.py (400B, sha=h4)
  ... 还有 3 个
验证: —
[18:20:56] PUSH [info] ✅ 任务完成 [M] t-20260611-182056-dfab1f
角色: tester | 耗时: 0s | 目标: finalize 测试
产物:
  - C:\Users\Administrator\tmp_finalize_test.txt (17B, sha=4a2630e4)
验证: ✅ verify ok
journal: C:\Users\Administrator\.hermes\journal\2026-06-11.md
[18:25:10] PUSH [info] ✅ 任务完成 [M] t-20260611-182509-6d5df7
角色: tester | 耗时: 1s | 目标: finalize 测试
产物:
  - C:\Users\Administrator\tmp_finalize_test.txt (17B, sha=4a2630e4)
验证: ✅ verify ok
journal: C:\Users\Administrator\.hermes\journal\2026-06-11.md
[18:25:20] PUSH [info] ✅ 任务完成 [S] t-20260611-182520-e58066
角色: ops | 耗时: 0s | 目标: V5-1 推送测试
产物:
  - C:/test/a.py (100B, sha=abcd1234)
  - C:/test/b.py (200B, sha=efgh5678)
验证: ✅ verify ok
journal: ~/.hermes/journal/2026-06-11.md
[18:25:20] PUSH [info] ✅ 任务完成 [S] t-20260611-182520-4e1072
角色: ops | 耗时: 0s | 目标: V5-2 无产物
产物:
  (无)
验证: —
[18:25:20] PUSH [info] ✅ 任务完成 [S] t-20260611-182520-8db2ab
角色: ops | 耗时: 0s | 目标: V5-3 verify 失败
产物:
  (无)
验证: ❌ verify 失败: file not found
[18:25:20] PUSH [info] ✅ 任务完成 [M] t-20260611-182520-16edb7
角色: general | 耗时: 0s | 目标: V5-4 ship 闭环
产物:
  - C:\Users\Administrator\tmp_v5_test.txt (8B, sha=87f50b03)
验证: ✅ verify ok
journal: C:\Users\Administrator\.hermes\journal\2026-06-11.md
[18:25:20] PUSH [info] ✅ 任务完成 [S] t-20260611-182520-45b052
角色: ops | 耗时: 0s | 目标: V5-7 finalize 默认推
产物:
  (无)
验证: ✅ verify ok
journal: C:\Users\Administrator\.hermes\journal\2026-06-11.md
[18:25:20] PUSH [info] ✅ 任务完成 [S] t-20260611-182520-81acda
角色: ops | 耗时: 0s | 目标: V5-9 多产物
产物:
  - C:/test/f0.py (0B, sha=h0)
  - C:/test/f1.py (100B, sha=h1)
  - C:/test/f2.py (200B, sha=h2)
  - C:/test/f3.py (300B, sha=h3)
  - C:/test/f4.py (400B, sha=h4)
  ... 还有 3 个
验证: —
[11:00:34] PUSH [info] ✅ 任务完成 [S] t-20260615-110034-4cda17
角色: ops | 耗时: 0s | 目标: V5-1 推送测试
产物:
  - C:/test/a.py (100B, sha=abcd1234)
  - C:/test/b.py (200B, sha=efgh5678)
验证: ✅ verify ok
journal: ~/.hermes/journal/2026-06-11.md
[11:00:34] PUSH [info] ✅ 任务完成 [S] t-20260615-110034-352b67
角色: ops | 耗时: 0s | 目标: V5-2 无产物
产物:
  (无)
验证: —
[11:00:34] PUSH [info] ✅ 任务完成 [S] t-20260615-110034-0917d7
角色: ops | 耗时: 0s | 目标: V5-3 verify 失败
产物:
  (无)
验证: ❌ verify 失败: file not found
[11:00:34] PUSH [info] ✅ 任务完成 [M] t-20260615-110034-66f23a
角色: general | 耗时: 0s | 目标: V5-4 ship 闭环
产物:
  - C:\Users\Administrator\tmp_v5_test.txt (8B, sha=87f50b03)
验证: ✅ verify ok
journal: C:\Users\Administrator\.hermes\journal\2026-06-15.md
[11:00:34] PUSH [info] ✅ 任务完成 [S] t-20260615-110034-3a1511
角色: ops | 耗时: 0s | 目标: V5-7 finalize 默认推
产物:
  (无)
验证: ✅ verify ok
journal: C:\Users\Administrator\.hermes\journal\2026-06-15.md
[11:00:34] PUSH [info] ✅ 任务完成 [S] t-20260615-110034-449fde
角色: ops | 耗时: 0s | 目标: V5-9 多产物
产物:
  - C:/test/f0.py (0B, sha=h0)
  - C:/test/f1.py (100B, sha=h1)
  - C:/test/f2.py (200B, sha=h2)
  - C:/test/f3.py (300B, sha=h3)
  - C:/test/f4.py (400B, sha=h4)
  ... 还有 3 个
验证: —
[11:00:39] PUSH [info] ✅ 任务完成 [M] t-20260615-110039-67ed98
角色: tester | 耗时: 0s | 目标: finalize 测试
产物:
  - C:\Users\Administrator\tmp_finalize_test.txt (17B, sha=4a2630e4)
验证: ✅ verify ok
journal: C:\Users\Administrator\.hermes\journal\2026-06-15.md
[11:00:53] PUSH [info] ✅ 任务完成 [M] t-20260615-110053-a6e083
角色: tester | 耗时: 0s | 目标: finalize 测试
产物:
  - C:\Users\Administrator\tmp_finalize_test.txt (17B, sha=4a2630e4)
验证: ✅ verify ok
journal: C:\Users\Administrator\.hermes\journal\2026-06-15.md
[11:02:16] PUSH [info] ✅ 任务完成 [S] t-20260615-110216-c233b3
角色: ops | 耗时: 0s | 目标: V5-1 推送测试
产物:
  - C:/test/a.py (100B, sha=abcd1234)
  - C:/test/b.py (200B, sha=efgh5678)
验证: ✅ verify ok
journal: ~/.hermes/journal/2026-06-11.md
[11:02:16] PUSH [info] ✅ 任务完成 [S] t-20260615-110216-603a51
角色: ops | 耗时: 0s | 目标: V5-2 无产物
产物:
  (无)
验证: —
[11:02:16] PUSH [info] ✅ 任务完成 [S] t-20260615-110216-f8335a
角色: ops | 耗时: 0s | 目标: V5-3 verify 失败
产物:
  (无)
验证: ❌ verify 失败: file not found
[11:02:16] PUSH [info] ✅ 任务完成 [M] t-20260615-110216-f0b959
角色: general | 耗时: 0s | 目标: V5-4 ship 闭环
产物:
  - C:\Users\Administrator\tmp_v5_test.txt (8B, sha=87f50b03)
验证: ✅ verify ok
journal: C:\Users\Administrator\.hermes\journal\2026-06-15.md
[11:02:16] PUSH [info] ✅ 任务完成 [S] t-20260615-110216-348cf3
角色: ops | 耗时: 0s | 目标: V5-7 finalize 默认推
产物:
  (无)
验证: ✅ verify ok
journal: C:\Users\Administrator\.hermes\journal\2026-06-15.md
[11:02:16] PUSH [info] ✅ 任务完成 [S] t-20260615-110216-731dc7
角色: ops | 耗时: 0s | 目标: V5-9 多产物
产物:
  - C:/test/f0.py (0B, sha=h0)
  - C:/test/f1.py (100B, sha=h1)
  - C:/test/f2.py (200B, sha=h2)
  - C:/test/f3.py (300B, sha=h3)
  - C:/test/f4.py (400B, sha=h4)
  ... 还有 3 个
验证: —
[11:02:24] PUSH [info] ✅ 任务完成 [M] t-20260615-110224-ea509a
角色: tester | 耗时: 0s | 目标: finalize 测试
产物:
  - C:\Users\Administrator\tmp_finalize_test.txt (17B, sha=4a2630e4)
验证: ✅ verify ok
journal: C:\Users\Administrator\.hermes\journal\2026-06-15.md
[11:02:36] PUSH [info] ✅ 任务完成 [M] t-20260615-110236-07e622
角色: tester | 耗时: 0s | 目标: finalize 测试
产物:
  - C:\Users\Administrator\tmp_finalize_test.txt (17B, sha=4a2630e4)
验证: ✅ verify ok
journal: C:\Users\Administrator\.hermes\journal\2026-06-15.md
